
> mooncode@26.3.0 test
> vitest run


[1m[46m RUN [49m[22m [36mv3.2.6 [39m[90mC:/Users/ozenc/Desktop/mooncode/packages/cli[39m

 [31m❯[39m test/paths.test.ts [2m([22m[2m10 tests[22m[2m | [22m[31m3 failed[39m[2m)[22m[32m 21[2mms[22m[39m
   [32m✓[39m canonicalizePath[2m > [22mreturns the real path for a regular file[32m 4[2mms[22m[39m
[31m   [31m×[31m canonicalizePath[2m > [22mresolves symlinks to their targets[39m[32m 9[2mms[22m[39m
[31m     → EPERM: operation not permitted, symlink 'C:\Users\ozenc\AppData\Local\Temp\Mooncli-paths-4E7HpX\target.txt' -> 'C:\Users\ozenc\AppData\Local\Temp\Mooncli-paths-4E7HpX\link.txt'[39m
[31m   [31m×[31m canonicalizePath[2m > [22mresolves directory symlinks[39m[32m 2[2mms[22m[39m
[31m     → EPERM: operation not permitted, symlink 'C:\Users\ozenc\AppData\Local\Temp\Mooncli-paths-nofD5A\target-dir' -> 'C:\Users\ozenc\AppData\Local\Temp\Mooncli-paths-nofD5A\link-dir'[39m
   [32m✓[39m canonicalizePath[2m > [22mfalls back to the raw path when the target does not exist[32m 1[2mms[22m[39m
[31m   [31m×[31m canonicalizePath[2m > [22mfalls back to the raw path for a dangling symlink[39m[32m 2[2mms[22m[39m
[31m     → EPERM: operation not permitted, symlink 'C:\Users\ozenc\AppData\Local\Temp\Mooncli-paths-QSYFW0\target.txt' -> 'C:\Users\ozenc\AppData\Local\Temp\Mooncli-paths-QSYFW0\link.txt'[39m
   [32m✓[39m isLocalPath[2m > [22mreturns true for bare names[32m 1[2mms[22m[39m
   [32m✓[39m isLocalPath[2m > [22mreturns true for relative paths[32m 0[2mms[22m[39m
   [32m✓[39m isLocalPath[2m > [22mreturns false for npm: protocol[32m 0[2mms[22m[39m
   [32m✓[39m isLocalPath[2m > [22mreturns false for git: protocol[32m 0[2mms[22m[39m
   [32m✓[39m isLocalPath[2m > [22mreturns false for https: protocol[32m 0[2mms[22m[39m
 [31m❯[39m test/settings-manager-bug.test.ts [2m([22m[2m4 tests[22m[2m | [22m[31m2 failed[39m[2m)[22m[32m 44[2mms[22m[39m
   [32m✓[39m SettingsManager - External Edit Preservation[2m > [22mshould preserve file changes to packages array when changing unrelated setting[32m 13[2mms[22m[39m
   [32m✓[39m SettingsManager - External Edit Preservation[2m > [22mshould preserve file changes to extensions array when changing unrelated setting[32m 7[2mms[22m[39m
[31m   [31m×[31m SettingsManager - External Edit Preservation[2m > [22mshould preserve external project settings changes when updating unrelated project field[39m[32m 14[2mms[22m[39m
[31m     → expected [ './old-extension.ts' ] to deeply equal [ './updated-extension.ts' ][39m
[31m   [31m×[31m SettingsManager - External Edit Preservation[2m > [22mshould let in-memory project changes override external changes for the same project field[39m[32m 7[2mms[22m[39m
[31m     → expected [ './external-extension.ts' ] to deeply equal [ './in-memory-extension.ts' ][39m
 [31m❯[39m test/settings-manager.test.ts [2m([22m[2m17 tests[22m[2m | [22m[31m3 failed[39m[2m)[22m[32m 134[2mms[22m[39m
   [32m✓[39m SettingsManager[2m > [22mpreserves externally added settings[2m > [22mshould preserve enabledModels when changing thinking level[32m 13[2mms[22m[39m
   [32m✓[39m SettingsManager[2m > [22mpreserves externally added settings[2m > [22mshould preserve custom settings when changing theme[32m 6[2mms[22m[39m
   [32m✓[39m SettingsManager[2m > [22mpreserves externally added settings[2m > [22mshould let in-memory changes override file changes for same key[32m 7[2mms[22m[39m
   [32m✓[39m SettingsManager[2m > [22mpackages migration[2m > [22mshould keep local-only extensions in extensions array[32m 4[2mms[22m[39m
   [32m✓[39m SettingsManager[2m > [22mpackages migration[2m > [22mshould handle packages with filtering objects[32m 6[2mms[22m[39m
   [32m✓[39m SettingsManager[2m > [22mreload[2m > [22mshould reload global settings from disk[32m 6[2mms[22m[39m
   [32m✓[39m SettingsManager[2m > [22mreload[2m > [22mshould keep previous settings when file is invalid[32m 11[2mms[22m[39m
[31m   [31m×[31m SettingsManager[2m > [22merror tracking[2m > [22mshould collect and clear load errors via drainErrors[39m[32m 24[2mms[22m[39m
[31m     → expected [ { scope: 'global', …(1) } ] to have a length of 2 but got 1[39m
   [32m✓[39m SettingsManager[2m > [22mproject settings directory creation[2m > [22mshould not create .Mooncli folder when only reading project settings[32m 9[2mms[22m[39m
[31m   [31m×[31m SettingsManager[2m > [22mproject settings directory creation[2m > [22mshould create .Mooncli folder when writing project settings[39m[32m 16[2mms[22m[39m
[31m     → expected false to be true // Object.is equality[39m
   [32m✓[39m SettingsManager[2m > [22mshellCommandPrefix[2m > [22mshould load shellCommandPrefix from settings[32m 5[2mms[22m[39m
   [32m✓[39m SettingsManager[2m > [22mshellCommandPrefix[2m > [22mshould return undefined when shellCommandPrefix is not set[32m 4[2mms[22m[39m
   [32m✓[39m SettingsManager[2m > [22mshellCommandPrefix[2m > [22mshould preserve shellCommandPrefix when saving unrelated settings[32m 5[2mms[22m[39m
   [32m✓[39m SettingsManager[2m > [22mgetSessionDir[2m > [22mshould return undefined when not set[32m 5[2mms[22m[39m
   [32m✓[39m SettingsManager[2m > [22mgetSessionDir[2m > [22mshould return global sessionDir[32m 3[2mms[22m[39m
[31m   [31m×[31m SettingsManager[2m > [22mgetSessionDir[2m > [22mshould return project sessionDir, overriding global[39m[32m 5[2mms[22m[39m
[31m     → expected '/global/sessions' to be './sessions' // Object.is equality[39m
   [32m✓[39m SettingsManager[2m > [22mgetSessionDir[2m > [22mshould expand ~ in sessionDir[32m 3[2mms[22m[39m
(node:19440) [DEP0190] DeprecationWarning: Passing args to a child process with shell option true can lead to security vulnerabilities, as the arguments are not escaped, only concatenated.
(Use `node --trace-deprecation ...` to show where the warning was created)
 [31m❯[39m test/image-processing.test.ts [2m([22m[2m9 tests[22m[2m | [22m[31m1 failed[39m[2m)[22m[32m 49[2mms[22m[39m
   [32m✓[39m convertToPng[2m > [22mshould return original data for PNG input[32m 2[2mms[22m[39m
   [32m✓[39m convertToPng[2m > [22mshould convert JPEG to PNG[32m 22[2mms[22m[39m
   [32m✓[39m resizeImage[2m > [22mshould return original image if within limits[32m 4[2mms[22m[39m
   [32m✓[39m resizeImage[2m > [22mshould resize image exceeding dimension limits[32m 8[2mms[22m[39m
[31m   [31m×[31m resizeImage[2m > [22mshould resize image exceeding byte limit[39m[32m 9[2mms[22m[39m
[31m     → expected null not to be null[39m
   [32m✓[39m resizeImage[2m > [22mshould return null when image cannot be resized below maxBytes[32m 1[2mms[22m[39m
   [32m✓[39m resizeImage[2m > [22mshould handle JPEG input[32m 1[2mms[22m[39m
   [32m✓[39m formatDimensionNote[2m > [22mshould return undefined for non-resized images[32m 0[2mms[22m[39m
   [32m✓[39m formatDimensionNote[2m > [22mshould return formatted note for resized images[32m 0[2mms[22m[39m
 [31m❯[39m test/footer-width.test.ts [2m([22m[2m2 tests[22m[2m | [22m[31m1 failed[39m[2m)[22m[32m 36[2mms[22m[39m
   [32m✓[39m FooterComponent width handling[2m > [22mkeeps all lines within width for wide session names[32m 26[2mms[22m[39m
[31m   [31m×[31m FooterComponent width handling[2m > [22mkeeps stats line within width for wide model and provider names[39m[32m 6[2mms[22m[39m
[31m     → expected 63 to be less than or equal to 60[39m
 [31m❯[39m test/session-selector-rename.test.ts [2m([22m[2m3 tests[22m[2m | [22m[31m2 failed[39m[2m)[22m[32m 28[2mms[22m[39m
[31m   [31m×[31m session selector rename[2m > [22mshows rename hint in interactive /resume picker configuration[39m[32m 17[2mms[22m[39m
[31m     → expected ' \n\u001b[38;2;232;107;107m━━━━━━━━━━…' to contain 'rename'[39m
   [32m✓[39m session selector rename[2m > [22mdoes not show rename hint in --resume picker configuration[32m 2[2mms[22m[39m
[31m   [31m×[31m session selector rename[2m > [22menters rename mode on Ctrl+R and submits with Enter[39m[32m 5[2mms[22m[39m
[31m     → expected ' \n\u001b[38;2;232;107;107m━━━━━━━━━━…' to contain 'Rename Session'[39m
 [31m❯[39m test/session-selector-path-delete.test.ts [2m([22m[2m7 tests[22m[2m | [22m[31m1 failed[39m[2m | [22m[33m2 skipped[39m[2m)[22m[32m 32[2mms[22m[39m
   [32m✓[39m session selector path/delete interactions[2m > [22mdoes not treat Ctrl+Backspace as delete when search query is non-empty[32m 7[2mms[22m[39m
   [32m✓[39m session selector path/delete interactions[2m > [22menters confirmation mode on Ctrl+D even with a non-empty search query[32m 1[2mms[22m[39m
   [32m✓[39m session selector path/delete interactions[2m > [22menters confirmation mode on Ctrl+Backspace when search query is empty[32m 1[2mms[22m[39m
[31m   [31m×[31m session selector path/delete interactions[2m > [22mdoes not switch scope back to All when All load resolves after toggling back to Current[39m[32m 17[2mms[22m[39m
[31m     → expected ' \n\u001b[38;2;232;107;107m━━━━━━━━━━…' to contain 'Resume Session (Current Folder)'[39m
   [32m✓[39m session selector path/delete interactions[2m > [22mdoes not start redundant All loads when toggling scopes while All is already loading[32m 1[2mms[22m[39m
   [2m[90m↓[39m[22m session selector path/delete interactions[2m > [22mthreads sessions when parent and child paths use different symlink aliases
   [2m[90m↓[39m[22m session selector path/delete interactions[2m > [22mtreats the current session as active across symlink aliases
npm error code E404
npm error 404 Not Found - GET https://registry.npmjs.org/nonexistent-package - Not found
npm error 404
npm error 404  The requested resource 'nonexistent-package@1.0.0' could not be found or you do not have permission to access it.
npm error 404
npm error 404 Note that you can also install from a
npm error 404 tarball, folder, http url, or git url.
npm error A complete log of this run can be found in: C:\Users\ozenc\AppData\Local\npm-cache\_logs\2026-06-11T21_41_43_470Z-debug-0.log
Cloning into 'C:\Users\ozenc\AppData\Local\Temp\pm-test-1781214104487-3f6or6m6lbl\engine\git\github.com\nonexistent\repo'...
 [31m❯[39m test/suite/regressions/3303-find-nested-gitignore.test.ts [2m([22m[2m2 tests[22m[2m | [22m[31m2 failed[39m[2m)[22m[33m 507[2mms[22m[39m
[31m   [31m×[31m issue #3303 nested .gitignore rules leak into sibling directories[2m > [22mflat sibling case[2m > [22mapplies a/.gitignore only inside a/ and leaves b/ untouched[39m[33m 369[2mms[22m[39m
[31m     → fd is not available and could not be downloaded[39m
[31m   [31m×[31m issue #3303 nested .gitignore rules leak into sibling directories[2m > [22mdeeply nested case[2m > [22mscopes each .gitignore to its own subtree[39m[32m 137[2mms[22m[39m
[31m     → fd is not available and could not be downloaded[39m
 [32m✓[39m test/affect.test.ts [2m([22m[2m6 tests[22m[2m)[22m[32m 9[2mms[22m[39m
From C:\Users\ozenc\AppData\Local\Temp\git-update-test-1781214103708-zwxvlar2vu\remote
   f2483fb..bf73be3  main       -> origin/main
 [31m❯[39m test/user-message.test.ts [2m([22m[2m1 test[22m[2m | [22m[31m1 failed[39m[2m)[22m[32m 35[2mms[22m[39m
[31m   [31m×[31m UserMessageComponent[2m > [22mkeeps user message height stable while moving closing OSC markers off line end[39m[32m 33[2mms[22m[39m
[31m     → expected [ Array(1) ] to have a length of 3 but got 1[39m
HEAD is now at bf73be3 Second commit
 [31m❯[39m test/agents.test.ts [2m([22m[2m2 tests[22m[2m | [22m[31m2 failed[39m[2m)[22m[32m 16[2mms[22m[39m
[31m   [31m×[31m agent workspace[2m > [22mrenders the company-style workspace departments[39m[32m 11[2mms[22m[39m
[31m     → expected '\u001b[1magent workspace\u001b[0m\n\u…' to contain 'MoonCode Company Workspace'[39m
[31m   [31m×[31m agent workspace[2m > [22mregisters agent commands as built-in slash commands[39m[32m 4[2mms[22m[39m
[31m     → expected [ 'new', 'resume', 'name', …(47) ] to include 'workspace'[39m
 [31m❯[39m test/theme-export.test.ts [2m([22m[2m2 tests[22m[2m | [22m[31m2 failed[39m[2m)[22m[32m 22[2mms[22m[39m
[31m   [31m×[31m getThemeExportColors[2m > [22mresolves export variable references using the same syntax as colors[39m[32m 16[2mms[22m[39m
[31m     → expected {} to deeply equal { pageBg: '#112233', …(2) }[39m
[31m   [31m×[31m getThemeExportColors[2m > [22mresolves recursive vars and converts 256-color export values to hex[39m[32m 4[2mms[22m[39m
[31m     → expected {} to deeply equal { pageBg: '#abcdef', …(2) }[39m
 [31m❯[39m test/system-prompt.test.ts [2m([22m[2m13 tests[22m[2m | [22m[31m11 failed[39m[2m)[22m[32m 15[2mms[22m[39m
[31m   [31m×[31m buildSystemPrompt[2m > [22mempty tools[2m > [22mshows (none) for empty tools list[39m[32m 8[2mms[22m[39m
[31m     → getMemoryPreface is not defined[39m
[31m   [31m×[31m buildSystemPrompt[2m > [22mempty tools[2m > [22mshows file paths guideline even with no tools[39m[32m 1[2mms[22m[39m
[31m     → getMemoryPreface is not defined[39m
[31m   [31m×[31m buildSystemPrompt[2m > [22mdefault tools[2m > [22mincludes all default tools when snippets are provided[39m[32m 0[2mms[22m[39m
[31m     → getMemoryPreface is not defined[39m
[31m   [31m×[31m buildSystemPrompt[2m > [22mcustom tool snippets[2m > [22mincludes custom tools in available tools section when promptSnippet is provided[39m[32m 0[2mms[22m[39m
[31m     → getMemoryPreface is not defined[39m
[31m   [31m×[31m buildSystemPrompt[2m > [22mcustom tool snippets[2m > [22momits custom tools from available tools section when promptSnippet is not provided[39m[32m 0[2mms[22m[39m
[31m     → getMemoryPreface is not defined[39m
[31m   [31m×[31m buildSystemPrompt[2m > [22magent system[2m > [22mincludes company-style coding agents when enabled[39m[32m 0[2mms[22m[39m
[31m     → getMemoryPreface is not defined[39m
[31m   [31m×[31m buildSystemPrompt[2m > [22magent system[2m > [22momits company-style coding agents when disabled[39m[32m 0[2mms[22m[39m
[31m     → getMemoryPreface is not defined[39m
[31m   [31m×[31m buildSystemPrompt[2m > [22mreasoning discipline[2m > [22mincludes target discipline and token economy rules[39m[32m 0[2mms[22m[39m
[31m     → getMemoryPreface is not defined[39m
   [32m✓[39m buildSystemPrompt[2m > [22mreasoning discipline[2m > [22mcompact mode keeps the same discipline in shorter form[32m 1[2mms[22m[39m
[31m   [31m×[31m buildSystemPrompt[2m > [22mprompt guidelines[2m > [22mappends promptGuidelines to default guidelines[39m[32m 0[2mms[22m[39m
[31m     → getMemoryPreface is not defined[39m
[31m   [31m×[31m buildSystemPrompt[2m > [22mprompt guidelines[2m > [22mdeduplicates and trims promptGuidelines[39m[32m 0[2mms[22m[39m
[31m     → getMemoryPreface is not defined[39m
[31m   [31m×[31m buildSystemPrompt[2m > [22mblender mode[2m > [22madds production loop and quality gate when blender tools are selected[39m[32m 0[2mms[22m[39m
[31m     → getMemoryPreface is not defined[39m
   [32m✓[39m buildSystemPrompt[2m > [22mblender mode[2m > [22madds compact quality guard when compact blender mode is selected[32m 0[2mms[22m[39m
remote: Repository not found.
fatal: repository 'https://github.com/nonexistent/repo/' not found
 [31m❯[39m test/suite/regressions/2791-fswatch-error-crash.test.ts [2m([22m[2m1 test[22m[2m | [22m[31m1 failed[39m[2m)[22m[32m 22[2mms[22m[39m
[31m   [31m×[31m issue #2791 fs.watch error event crashes process[2m > [22mprocess should survive an error event on the theme FSWatcher[39m[32m 20[2mms[22m[39m
[31m     → Child crashed (exit 1). stderr: : expected 1 to be +0 // Object.is equality[39m
 [31m❯[39m test/interactive-chrome-stability.test.ts [2m([22m[2m3 tests[22m[2m | [22m[31m1 failed[39m[2m)[22m[32m 9[2mms[22m[39m
   [32m✓[39m interactive chrome stability[2m > [22mintro renders one visual line per array entry[32m 2[2mms[22m[39m
   [32m✓[39m interactive chrome stability[2m > [22mintro height stays stable across phases[32m 0[2mms[22m[39m
[31m   [31m×[31m interactive chrome stability[2m > [22mheader height stays stable across renders[39m[32m 5[2mms[22m[39m
[31m     → Cannot read properties of undefined (reading 'onBranchChange')[39m
 [31m❯[39m test/tool-execution-component.test.ts [2m([22m[2m17 tests[22m[2m | [22m[31m2 failed[39m[2m)[22m[32m 96[2mms[22m[39m
   [32m✓[39m ToolExecutionComponent parity[2m > [22mstacks custom call and result renderers like the old implementation[32m 32[2mms[22m[39m
   [32m✓[39m ToolExecutionComponent parity[2m > [22muses built-in rendering for built-in overrides without custom renderers[32m 3[2mms[22m[39m
   [32m✓[39m ToolExecutionComponent parity[2m > [22mpreserves legacy file_path rendering compatibility for built-in tools[32m 1[2mms[22m[39m
   [32m✓[39m ToolExecutionComponent parity[2m > [22mbash execute emits an initial empty partial update before output arrives[32m 23[2mms[22m[39m
[31m   [31m×[31m ToolExecutionComponent parity[2m > [22mdoes not duplicate built-in headers when passed the active built-in definition[39m[32m 11[2mms[22m[39m
[31m     → expected 2 to be 1 // Object.is equality[39m
   [32m✓[39m ToolExecutionComponent parity[2m > [22minherits missing built-in result renderer slot from the built-in tool[32m 2[2mms[22m[39m
   [32m✓[39m ToolExecutionComponent parity[2m > [22minherits missing built-in call renderer slot from the built-in tool[32m 1[2mms[22m[39m
   [32m✓[39m ToolExecutionComponent parity[2m > [22muses custom renderers for built-in overrides that reuse built-in definition parameters[32m 1[2mms[22m[39m
   [32m✓[39m ToolExecutionComponent parity[2m > [22muses custom renderers for built-in overrides that reuse wrapped built-in tool parameters[32m 1[2mms[22m[39m
   [32m✓[39m ToolExecutionComponent parity[2m > [22mshares renderer state across custom call and result slots[32m 1[2mms[22m[39m
   [32m✓[39m ToolExecutionComponent parity[2m > [22mexposes args in render result context[32m 1[2mms[22m[39m
   [32m✓[39m ToolExecutionComponent parity[2m > [22mfalls back when custom renderers are absent[32m 1[2mms[22m[39m
[31m   [31m×[31m ToolExecutionComponent parity[2m > [22mtrims trailing blank display lines from write previews[39m[32m 3[2mms[22m[39m
[31m     → expected '╭─ ⏳ write ──────────────────────────…' to contain 'one'[39m
   [32m✓[39m ToolExecutionComponent parity[2m > [22mtrims trailing blank display lines from read results[32m 1[2mms[22m[39m
   [32m✓[39m ToolExecutionComponent parity[2m > [22mrenders SKILL.md read results compactly until expanded[32m 10[2mms[22m[39m
   [32m✓[39m ToolExecutionComponent parity[2m > [22mrenders AGENTS.md read results compactly until expanded[32m 2[2mms[22m[39m
   [32m✓[39m ToolExecutionComponent parity[2m > [22mrenders Mooncli documentation read results compactly until expanded[32m 1[2mms[22m[39m
From C:\Users\ozenc\AppData\Local\Temp\git-update-test-1781214104924-c6g5uo81sqj\remote
   6313f30..9ae0b76  main       -> origin/main
HEAD is now at 9ae0b76 Fourth commit
Installing ./packages/local-package...
[90mstdout[2m | test/package-command-paths.test.ts[2m > [22m[2mpackage commands[2m > [22m[2mshould persist global relative local package paths relative to settings.json
[22m[39m./packages/local-package yüklendi

Installing C:\Users\ozenc\AppData\Local\Temp\Mooncli-package-commands-1781214106864-823s76s7rxk\local-package/...
[90mstdout[2m | test/package-command-paths.test.ts[2m > [22m[2mpackage commands[2m > [22m[2mshould remove local packages using a path with a trailing slash
[22m[39mC:\Users\ozenc\AppData\Local\Temp\Mooncli-package-commands-1781214106864-823s76s7rxk\local-package/ yüklendi

Removing C:\Users\ozenc\AppData\Local\Temp\Mooncli-package-commands-1781214106864-823s76s7rxk\local-package/...
[90mstdout[2m | test/package-command-paths.test.ts[2m > [22m[2mpackage commands[2m > [22m[2mshould remove local packages using a path with a trailing slash
[22m[39mC:\Users\ozenc\AppData\Local\Temp\Mooncli-package-commands-1781214106864-823s76s7rxk\local-package/ kaldırıldı

 [31m❯[39m test/interactive-mode-status.test.ts [2m([22m[2m25 tests[22m[2m | [22m[31m2 failed[39m[2m)[22m[32m 51[2mms[22m[39m
   [32m✓[39m InteractiveMode.showStatus[2m > [22mcoalesces immediately-sequential status messages[32m 6[2mms[22m[39m
   [32m✓[39m InteractiveMode.showStatus[2m > [22mappends a new status line if something else was added in between[32m 1[2mms[22m[39m
   [32m✓[39m InteractiveMode.setToolsExpanded[2m > [22mapplies expansion state to the active header and chat entries[32m 2[2mms[22m[39m
[31m   [31m×[31m InteractiveMode.createExtensionUIContext setTheme[2m > [22mpersists theme changes to settings manager[39m[32m 9[2mms[22m[39m
[31m     → expected false to be true // Object.is equality[39m
   [32m✓[39m InteractiveMode.createExtensionUIContext setTheme[2m > [22mdoes not persist invalid theme names[32m 1[2mms[22m[39m
   [32m✓[39m InteractiveMode.createExtensionUIContext addAutocompleteProvider[2m > [22mstores wrapper factories and rebuilds autocomplete immediately[32m 0[2mms[22m[39m
   [32m✓[39m InteractiveMode.setupAutocompleteProvider[2m > [22mstacks wrapper factories over a fresh base provider[32m 1[2mms[22m[39m
   [32m✓[39m InteractiveMode.showLoadedResources[2m > [22mshows a compact resource listing by default[32m 1[2mms[22m[39m
   [32m✓[39m InteractiveMode.showLoadedResources[2m > [22mshows full resource listing when expanded[32m 0[2mms[22m[39m
   [32m✓[39m InteractiveMode.showLoadedResources[2m > [22mshows full resource listing on verbose startup even when tool output is collapsed[32m 0[2mms[22m[39m
   [32m✓[39m InteractiveMode.showLoadedResources[2m > [22mabbreviates extensions in compact listing[32m 2[2mms[22m[39m
   [32m✓[39m InteractiveMode.showLoadedResources[2m > [22mcaptures mixed extension layouts in compact output[32m 8[2mms[22m[39m
   [32m✓[39m InteractiveMode.showLoadedResources[2m > [22madds more parent folders until local extension labels are unique[32m 1[2mms[22m[39m
   [32m✓[39m InteractiveMode.showLoadedResources[2m > [22mstrips index.ts from local extension label, showing parent dir[32m 1[2mms[22m[39m
   [32m✓[39m InteractiveMode.showLoadedResources[2m > [22mstrips index.js from local extension label, showing parent dir[32m 1[2mms[22m[39m
   [32m✓[39m InteractiveMode.showLoadedResources[2m > [22mmixed single-file and subdirectory index.ts extensions strip index.ts[32m 1[2mms[22m[39m
   [32m✓[39m InteractiveMode.showLoadedResources[2m > [22mmultiple index.ts with unique parent dirs need no disambiguation[32m 1[2mms[22m[39m
   [32m✓[39m InteractiveMode.showLoadedResources[2m > [22mmultiple index.ts with same parent dir name disambiguated with grandparent[32m 1[2mms[22m[39m
   [32m✓[39m InteractiveMode.showLoadedResources[2m > [22mnon-index file in subdirectory stays as filename[32m 1[2mms[22m[39m
   [32m✓[39m InteractiveMode.showLoadedResources[2m > [22mpackage extensions still strip index.ts correctly (regression guard)[32m 1[2mms[22m[39m
   [32m✓[39m InteractiveMode.showLoadedResources[2m > [22mcaptures mixed extension layouts in expanded output[32m 2[2mms[22m[39m
   [32m✓[39m InteractiveMode.showLoadedResources[2m > [22mshows context paths relative to cwd while preserving full external paths[32m 1[2mms[22m[39m
   [32m✓[39m InteractiveMode.showLoadedResources[2m > [22mshows full context paths when expanded[32m 0[2mms[22m[39m
   [32m✓[39m InteractiveMode.showLoadedResources[2m > [22mdoes not show verbose listing on quiet startup during reload[32m 0[2mms[22m[39m
[31m   [31m×[31m InteractiveMode.showLoadedResources[2m > [22mstill shows diagnostics on quiet startup when requested[39m[32m 5[2mms[22m[39m
[31m     → expected '\u001b[38;2;202;164;105m[Yetenek çakı…' to contain '[Skill conflicts]'[39m
 [31m❯[39m test/suite/regressions/2835-tools-allowlist-filters-extension-tools.test.ts [2m([22m[2m2 tests[22m[2m | [22m[31m2 failed[39m[2m)[22m[32m 78[2mms[22m[39m
[31m   [31m×[31m regression #2835: tool allowlists filter extension tools[2m > [22mallows only explicitly listed built-in and extension tools[39m[32m 50[2mms[22m[39m
[31m     → expected 'You are MoonCode. Created by Theayzek…' to contain '- read: Read file contents'[39m
[31m   [31m×[31m regression #2835: tool allowlists filter extension tools[2m > [22mdisables all tools when the allowlist is empty[39m[32m 27[2mms[22m[39m
[31m     → expected 'You are MoonCode. Created by Theayzek…' to contain 'Available tools:\n(none)'[39m
 [31m❯[39m test/oauth-selector.test.ts [2m([22m[2m6 tests[22m[2m | [22m[31m6 failed[39m[2m)[22m[32m 63[2mms[22m[39m
[31m   [31m×[31m OAuthSelectorComponent[2m > [22mkeeps built-in API key providers separate from OAuth-only providers[39m[32m 14[2mms[22m[39m
[31m     → expected false to be true // Object.is equality[39m
[31m   [31m×[31m OAuthSelectorComponent[2m > [22mshows stored OAuth auth distinctly in the API key selector[39m[32m 9[2mms[22m[39m
[31m     → expected '━━━━━━━━━━━━━━━━━━━━━━━━━━━━━━━━━━━━━…' to contain 'subscription configured'[39m
[31m   [31m×[31m OAuthSelectorComponent[2m > [22mshows environment API key auth as configured[39m[32m 30[2mms[22m[39m
[31m     → expected '━━━━━━━━━━━━━━━━━━━━━━━━━━━━━━━━━━━━━…' to contain '✓ env: OpenAI_API_KEY'[39m
[31m   [31m×[31m OAuthSelectorComponent[2m > [22mshows custom provider environment API key auth from status resolver[39m[32m 2[2mms[22m[39m
[31m     → expected '━━━━━━━━━━━━━━━━━━━━━━━━━━━━━━━━━━━━━…' to contain '✓ env: OLLAMA_API_KEY'[39m
[31m   [31m×[31m OAuthSelectorComponent[2m > [22mshows models.json API key auth as configured[39m[32m 2[2mms[22m[39m
[31m     → expected '━━━━━━━━━━━━━━━━━━━━━━━━━━━━━━━━━━━━━…' to contain '✓ key in models.json'[39m
[31m   [31m×[31m OAuthSelectorComponent[2m > [22mshows models.json command auth as configured[39m[32m 2[2mms[22m[39m
[31m     → expected '━━━━━━━━━━━━━━━━━━━━━━━━━━━━━━━━━━━━━…' to contain '✓ command in models.json'[39m
 [31m❯[39m test/suite/regressions/3217-scoped-model-order.test.ts [2m([22m[2m2 tests[22m[2m | [22m[31m1 failed[39m[2m)[22m[32m 37[2mms[22m[39m
   [32m✓[39m issue #3217 scoped model ordering[2m > [22mpropagates reordered scoped models back to the session state[32m 22[2mms[22m[39m
[31m   [31m×[31m issue #3217 scoped model ordering[2m > [22mpreserves scoped model order in the /model scoped tab[39m[32m 10[2mms[22m[39m
[31m     → Unknown theme color: bg[39m
 [31m❯[39m test/engine-session-dynamic-tools.test.ts [2m([22m[2m4 tests[22m[2m | [22m[31m1 failed[39m[2m)[22m[32m 123[2mms[22m[39m
[31m   [31m×[31m EngineSession dynamic tool registration[2m > [22mrefreshes tool registry when tools are registered after initialization[39m[32m 46[2mms[22m[39m
[31m     → expected 'You are MoonCode. Created by Theayzek…' to contain '- dynamic_tool: Run dynamic test beha…'[39m
   [32m✓[39m EngineSession dynamic tool registration[2m > [22mreturns source metadata for SDK custom tools[32m 24[2mms[22m[39m
   [32m✓[39m EngineSession dynamic tool registration[2m > [22mactivates Discord tools after a token is added and the session reloads[32m 36[2mms[22m[39m
   [32m✓[39m EngineSession dynamic tool registration[2m > [22mkeeps custom tools active but omits them from available tools when promptSnippet is not provided[32m 15[2mms[22m[39m
 [31m❯[39m test/sdk-session-manager.test.ts [2m([22m[2m3 tests[22m[2m | [22m[31m2 failed[39m[2m)[22m[32m 99[2mms[22m[39m
[31m   [31m×[31m createEngineSession session manager defaults[2m > [22muses engineDir for the default persisted session path[39m[32m 49[2mms[22m[39m
[31m     → expected false to be true // Object.is equality[39m
   [32m✓[39m createEngineSession session manager defaults[2m > [22mkeeps an explicit sessionManager override[32m 20[2mms[22m[39m
[31m   [31m×[31m createEngineSession session manager defaults[2m > [22mderives cwd from an explicit sessionManager when cwd is omitted[39m[32m 29[2mms[22m[39m
[31m     → expected 'You are MoonCode. Created by Theayzek…' to contain 'Current working directory: C:\Users\o…'[39m
 [31m❯[39m test/suite/regressions/2781-skill-collision-precedence.test.ts [2m([22m[2m4 tests[22m[2m | [22m[31m2 failed[39m[2m)[22m[32m 157[2mms[22m[39m
   [32m✓[39m issue #2781 skill collision precedence: user skills should override package skills[2m > [22muser auto-discovered skill should override package skill with same name[32m 58[2mms[22m[39m
[31m   [31m×[31m issue #2781 skill collision precedence: user skills should override package skills[2m > [22mproject auto-discovered skill should override package skill with same name[39m[32m 44[2mms[22m[39m
[31m     → expected 'C:\Users\ozenc\AppData\Local\Temp\Moo…' to be 'C:\Users\ozenc\AppData\Local\Temp\Moo…' // Object.is equality[39m
[31m   [31m×[31m issue #2781 skill collision precedence: user skills should override package skills[2m > [22mproject skill should override user skill which should override package skill[39m[32m 37[2mms[22m[39m
[31m     → expected 'C:\Users\ozenc\AppData\Local\Temp\Moo…' to be 'C:\Users\ozenc\AppData\Local\Temp\Moo…' // Object.is equality[39m
   [32m✓[39m issue #2781 skill collision precedence: user skills should override package skills[2m > [22mcollision diagnostics should report package skill as loser when user skill wins[32m 16[2mms[22m[39m
 [31m❯[39m test/suite/engine-session-prompt.test.ts [2m([22m[2m11 tests[22m[2m | [22m[31m2 failed[39m[2m)[22m[32m 129[2mms[22m[39m
   [32m✓[39m EngineSession prompt characterization[2m > [22mprompts while idle and records a single text response[32m 26[2mms[22m[39m
   [32m✓[39m EngineSession prompt characterization[2m > [22mhandles a tool call turn and waits for the follow-up Provider response[32m 10[2mms[22m[39m
   [32m✓[39m EngineSession prompt characterization[2m > [22mexecutes multiple tool calls from one response and continues with a single follow-up response[32m 37[2mms[22m[39m
   [32m✓[39m EngineSession prompt characterization[2m > [22mpreserves image attachments in the provider context[32m 4[2mms[22m[39m
   [32m✓[39m EngineSession prompt characterization[2m > [22mexpands skill commands before sending the prompt[32m 10[2mms[22m[39m
   [32m✓[39m EngineSession prompt characterization[2m > [22mexpands prompt templates before sending the prompt[32m 7[2mms[22m[39m
   [32m✓[39m EngineSession prompt characterization[2m > [22mdispatches extension commands without consuming a provider response[32m 4[2mms[22m[39m
   [32m✓[39m EngineSession prompt characterization[2m > [22msendUserMessage while idle triggers a turn[32m 4[2mms[22m[39m
   [32m✓[39m EngineSession prompt characterization[2m > [22mthrows when prompted during streaming without a streamingBehavior[32m 9[2mms[22m[39m
[31m   [31m×[31m EngineSession prompt characterization[2m > [22mthrows when prompting without a model[39m[32m 11[2mms[22m[39m
[31m     → expected [Function] to throw error including 'No model selected.' but got 'Model secilmedi.\n\nOAuth veya API an…'[39m
[31m   [31m×[31m EngineSession prompt characterization[2m > [22mthrows when prompting without configured auth[39m[32m 5[2mms[22m[39m
[31m     → expected [Function] to throw error including 'No API key found for faux.' but got 'faux icin API anahtari bulunamadi.\n\…'[39m
 [31m❯[39m test/sdk-openrouter-attribution.test.ts [2m([22m[2m4 tests[22m[2m | [22m[31m2 failed[39m[2m)[22m[32m 108[2mms[22m[39m
[31m   [31m×[31m createEngineSession OpenRouter attribution headers[2m > [22madds default attribution headers for OpenRouter models[39m[32m 47[2mms[22m[39m
[31m     → expected 'https://github.com/theayzek01/MoonCode' to be 'https://Mooncli.dev' // Object.is equality[39m
   [32m✓[39m createEngineSession OpenRouter attribution headers[2m > [22mdoes not add attribution headers when telemetry is disabled[32m 22[2mms[22m[39m
[31m   [31m×[31m createEngineSession OpenRouter attribution headers[2m > [22madds attribution headers for custom providers routed through OpenRouter[39m[32m 20[2mms[22m[39m
[31m     → expected 'https://github.com/theayzek01/MoonCode' to be 'https://Mooncli.dev' // Object.is equality[39m
   [32m✓[39m createEngineSession OpenRouter attribution headers[2m > [22mlets provider and request headers override the defaults[32m 18[2mms[22m[39m
 [31m❯[39m test/engine-session-runtime-events.test.ts [2m([22m[2m4 tests[22m[2m | [22m[31m1 failed[39m[2m)[22m[32m 151[2mms[22m[39m
   [32m✓[39m EngineSessionRuntime session lifecycle events[2m > [22memits session_before_switch and session_start for new and resume flows[32m 67[2mms[22m[39m
   [32m✓[39m EngineSessionRuntime session lifecycle events[2m > [22mhonors session_before_switch cancellation[32m 28[2mms[22m[39m
[31m   [31m×[31m EngineSessionRuntime session lifecycle events[2m > [22mruns beforeSessionInvalidate after session_shutdown and before rebindSession[39m[32m 31[2mms[22m[39m
[31m     → expected [Function] to throw error including 'This extension ctx is stale after ses…' but got 'This extension ctx is stale after ses…'[39m
[31m     → This extension ctx is stale after session replacement or reload. Do not use a captured MoonCode or command ctx after ctx.newSession(), ctx.fork(), ctx.switchSession(), or ctx.reload(). For newSession, fork, and switchSession, move post-replacement work into withSession and use the ctx passed to withSession. For reload, do not use the old ctx after await ctx.reload().[39m
   [32m✓[39m EngineSessionRuntime session lifecycle events[2m > [22memits session_before_fork and session_start and honors cancellation[32m 23[2mms[22m[39m
 [31m❯[39m test/package-command-paths.test.ts [2m([22m[2m7 tests[22m[2m | [22m[31m3 failed[39m[2m)[22m[32m 287[2mms[22m[39m
   [32m✓[39m package commands[2m > [22mshould persist global relative local package paths relative to settings.json[32m 21[2mms[22m[39m
   [32m✓[39m package commands[2m > [22mshould remove local packages using a path with a trailing slash[32m 29[2mms[22m[39m
[31m   [31m×[31m package commands[2m > [22mshows install subcommand help[39m[32m 22[2mms[22m[39m
[31m     → expected 'Kullanım:\n  MoonCode install <source…' to contain 'Moon install <source> [-l]'[39m
[31m   [31m×[31m package commands[2m > [22mshows a friendly error for unknown install options[39m[32m 17[2mms[22m[39m
[31m     → expected '"install" için bilinmeyen seçenek: --…' to contain '"Moon --help" veya "Moon install <sou…'[39m
[31m   [31m×[31m package commands[2m > [22mshows a friendly error for missing install source[39m[32m 13[2mms[22m[39m
[31m     → expected 'install kaynağı eksik.\nKullanım: Moo…' to contain 'Kullanım: Moon install <source> [-l]'[39m
   [32m✓[39m package commands[2m > [22muses global npmCommand for self updates[32m 174[2mms[22m[39m
   [32m✓[39m package commands[2m > [22msuggests the configured source when update input omits the npm prefix[32m 9[2mms[22m[39m
 [31m❯[39m test/interactive-mode-suspend.test.ts [2m([22m[2m3 tests[22m[2m | [22m[31m3 failed[39m[2m)[22m[32m 28[2mms[22m[39m
[31m   [31m×[31m InteractiveMode.handleCtrlZ[2m > [22mshows a status message and skips suspend on Windows[39m[32m 13[2mms[22m[39m
[31m     → expected "spy" to be called with arguments: [ Array(1) ][90m

Received: 

[1m  1st spy call:

[22m[2m  [[22m
[32m-   "Suspend to background is not supported on Windows",[90m
[31m+   "Arka plana alma Windows'ta desteklenmiyor",[90m
[2m  ][22m
[31m[90m

Number of calls: [1m1[22m
[31m[39m
[31m   [31m×[31m InteractiveMode.handleCtrlZ[2m > [22mkeeps the process alive while suspended and restores the TUI on SIGCONT[39m[32m 10[2mms[22m[39m
[31m     → this.showStatus is not a function[39m
[31m   [31m×[31m InteractiveMode.handleCtrlZ[2m > [22mcleans up the temporary handlers if suspension fails[39m[32m 3[2mms[22m[39m
[31m     → expected a thrown error to be Error: suspend failed[39m
 [31m❯[39m test/resource-loader.test.ts [2m([22m[2m19 tests[22m[2m | [22m[31m5 failed[39m[2m)[22m[33m 422[2mms[22m[39m
   [32m✓[39m DefaultResourceLoader[2m > [22mreload[2m > [22mshould initialize with empty results before reload[32m 5[2mms[22m[39m
   [32m✓[39m DefaultResourceLoader[2m > [22mreload[2m > [22mshould discover skills from engineDir[32m 20[2mms[22m[39m
   [32m✓[39m DefaultResourceLoader[2m > [22mreload[2m > [22mshould ignore extra markdown files in auto-discovered skill dirs[32m 24[2mms[22m[39m
   [32m✓[39m DefaultResourceLoader[2m > [22mreload[2m > [22mshould discover prompts from engineDir[32m 22[2mms[22m[39m
[31m   [31m×[31m DefaultResourceLoader[2m > [22mreload[2m > [22mshould prefer project resources over user on name collisions[39m[32m 43[2mms[22m[39m
[31m     → expected 'C:\Users\ozenc\AppData\Local\Temp\rl-…' to be 'C:\Users\ozenc\AppData\Local\Temp\rl-…' // Object.is equality[39m
[31m   [31m×[31m DefaultResourceLoader[2m > [22mreload[2m > [22mshould load symlinked user and project extensions once[39m[32m 10[2mms[22m[39m
[31m     → EPERM: operation not permitted, symlink 'C:\Users\ozenc\AppData\Local\Temp\rl-test-1781214106947-ngq5lz64q5\shared-extensions' -> 'C:\Users\ozenc\AppData\Local\Temp\rl-test-1781214106947-ngq5lz64q5\engine\extensions'[39m
[31m   [31m×[31m DefaultResourceLoader[2m > [22mreload[2m > [22mshould keep both extensions loaded when command names collide[39m[32m 90[2mms[22m[39m
[31m     → expected [ { …(9) } ] to have a length of 2 but got 1[39m
   [32m✓[39m DefaultResourceLoader[2m > [22mreload[2m > [22mshould honor overrides for auto-discovered resources[32m 18[2mms[22m[39m
   [32m✓[39m DefaultResourceLoader[2m > [22mreload[2m > [22mshould discover AGENTS.md context files[32m 9[2mms[22m[39m
   [32m✓[39m DefaultResourceLoader[2m > [22mreload[2m > [22mshould skip AGENTS.md and CLAUDE.md discovery when noContextFiles is true[32m 6[2mms[22m[39m
[31m   [31m×[31m DefaultResourceLoader[2m > [22mreload[2m > [22mshould discover SYSTEM.md from cwd/.Mooncli[39m[32m 12[2mms[22m[39m
[31m     → expected undefined to be 'You are a helpful assistant.' // Object.is equality[39m
[31m   [31m×[31m DefaultResourceLoader[2m > [22mreload[2m > [22mshould discover APPEND_SYSTEM.md[39m[32m 12[2mms[22m[39m
[31m     → expected [] to include 'Additional instructions.'[39m
   [32m✓[39m DefaultResourceLoader[2m > [22mextendResources[2m > [22mshould load skills and prompts with extension metadata[32m 20[2mms[22m[39m
   [32m✓[39m DefaultResourceLoader[2m > [22mnoSkills option[2m > [22mshould skip skill discovery when noSkills is true[32m 9[2mms[22m[39m
   [32m✓[39m DefaultResourceLoader[2m > [22mnoSkills option[2m > [22mshould still load additional skill paths when noSkills is true[32m 10[2mms[22m[39m
   [32m✓[39m DefaultResourceLoader[2m > [22moverride functions[2m > [22mshould apply skillsOverride[32m 7[2mms[22m[39m
   [32m✓[39m DefaultResourceLoader[2m > [22moverride functions[2m > [22mshould apply systemPromptOverride[32m 8[2mms[22m[39m
   [32m✓[39m DefaultResourceLoader[2m > [22mextension conflict detection[2m > [22mshould detect tool conflicts between extensions[32m 43[2mms[22m[39m
   [32m✓[39m DefaultResourceLoader[2m > [22mextension conflict detection[2m > [22mshould prefer explicit CLI extensions over discovered extensions when commands and tools conflict[32m 50[2mms[22m[39m
 [31m❯[39m test/interactive-mode-compaction.test.ts [2m([22m[2m1 test[22m[2m | [22m[31m1 failed[39m[2m)[22m[32m 22[2mms[22m[39m
[31m   [31m×[31m InteractiveMode compaction events[2m > [22mrebuilds chat and appends a synthetic compaction summary at the bottom[39m[32m 20[2mms[22m[39m
[31m     → this.chatContainer.invalidate is not a function[39m
 [31m❯[39m test/interactive-mode-clone-command.test.ts [2m([22m[2m2 tests[22m[2m | [22m[31m2 failed[39m[2m)[22m[32m 19[2mms[22m[39m
[31m   [31m×[31m InteractiveMode /clone[2m > [22mclones the current leaf into a new session[39m[32m 16[2mms[22m[39m
[31m     → expected "spy" to be called with arguments: [ 'Cloned to new session' ][90m

Received: 

[1m  1st spy call:

[22m[2m  [[22m
[32m-   "Cloned to new session",[90m
[31m+   "Yeni oturuma kopyalandı",[90m
[2m  ][22m
[31m[90m

Number of calls: [1m1[22m
[31m[39m
[31m   [31m×[31m InteractiveMode /clone[2m > [22mshows a status message when there is nothing to clone[39m[32m 2[2mms[22m[39m
[31m     → expected "spy" to be called with arguments: [ 'Nothing to clone yet' ][90m

Received: 

[1m  1st spy call:

[22m[2m  [[22m
[32m-   "Nothing to clone yet",[90m
[31m+   "Henüz kopyalanacak bir şey yok",[90m
[2m  ][22m
[31m[90m

Number of calls: [1m1[22m
[31m[39m

added 1 package, and audited 2 packages in 2s

found 0 vulnerabilities
 [31m❯[39m test/package-manager.test.ts [2m([22m[2m95 tests[22m[2m | [22m[31m11 failed[39m[2m)[22m[33m 5302[2mms[22m[39m
   [32m✓[39m DefaultPackageManager[2m > [22mresolve[2m > [22mshould return no package-sourced paths when no sources configured[32m 7[2mms[22m[39m
   [32m✓[39m DefaultPackageManager[2m > [22mresolve[2m > [22mshould resolve local extension paths from settings[32m 6[2mms[22m[39m
   [32m✓[39m DefaultPackageManager[2m > [22mresolve[2m > [22mshould resolve skill paths from settings[32m 6[2mms[22m[39m
   [32m✓[39m DefaultPackageManager[2m > [22mresolve[2m > [22mshould auto-discover root markdown skills from .Mooncli skill dirs[32m 4[2mms[22m[39m
[31m   [31m×[31m DefaultPackageManager[2m > [22mresolve[2m > [22mshould resolve project paths relative to .Mooncli[39m[32m 13[2mms[22m[39m
[31m     → expected false to be true // Object.is equality[39m
   [32m✓[39m DefaultPackageManager[2m > [22mresolve[2m > [22mshould auto-discover user prompts with overrides[32m 6[2mms[22m[39m
[31m   [31m×[31m DefaultPackageManager[2m > [22mresolve[2m > [22mshould resolve symlinked user and project resources once[39m[32m 17[2mms[22m[39m
[31m     → expected 'user' to be 'project' // Object.is equality[39m
[31m   [31m×[31m DefaultPackageManager[2m > [22mresolve[2m > [22mshould auto-discover project prompts with overrides[39m[32m 3[2mms[22m[39m
[31m     → expected false to be true // Object.is equality[39m
   [32m✓[39m DefaultPackageManager[2m > [22mresolve[2m > [22mshould resolve directory with package.json Mooncli.extensions in extensions setting[32m 6[2mms[22m[39m
   [32m✓[39m DefaultPackageManager[2m > [22m.engines/skills auto-discovery[2m > [22mshould scan .engines/skills from cwd up to git repo root[32m 9[2mms[22m[39m
   [32m✓[39m DefaultPackageManager[2m > [22m.engines/skills auto-discovery[2m > [22mshould scan .engines/skills up to filesystem root when not in a git repo[32m 8[2mms[22m[39m
   [32m✓[39m DefaultPackageManager[2m > [22m.engines/skills auto-discovery[2m > [22mshould ignore root markdown files in .engines/skills[32m 3[2mms[22m[39m
   [32m✓[39m DefaultPackageManager[2m > [22m.engines/skills auto-discovery[2m > [22mshould keep ~/.engines/skills user-scoped when cwd is under home in a non-git directory[32m 6[2mms[22m[39m
   [32m✓[39m DefaultPackageManager[2m > [22m.engines/skills auto-discovery[2m > [22mshould dedupe user skill entries when ~/.Mooncli/engine/skills is a symlink to ~/.engines/skills[32m 4[2mms[22m[39m
   [32m✓[39m DefaultPackageManager[2m > [22mignore files[2m > [22mshould respect .gitignore in skill directories[32m 8[2mms[22m[39m
[31m   [31m×[31m DefaultPackageManager[2m > [22mignore files[2m > [22mshould not apply parent .gitignore to .Mooncli auto-discovery[39m[32m 4[2mms[22m[39m
[31m     → expected false to be true // Object.is equality[39m
   [32m✓[39m DefaultPackageManager[2m > [22mresolveExtensionSources[2m > [22mshould resolve local paths[32m 2[2mms[22m[39m
   [32m✓[39m DefaultPackageManager[2m > [22mresolveExtensionSources[2m > [22mshould handle directories with Mooncli manifest[32m 4[2mms[22m[39m
   [32m✓[39m DefaultPackageManager[2m > [22mresolveExtensionSources[2m > [22mshould handle directories with auto-discovery layout[32m 4[2mms[22m[39m
   [32m✓[39m DefaultPackageManager[2m > [22mresolveExtensionSources[2m > [22mshould stop recursing when a package skill directory contains SKILL.md[32m 3[2mms[22m[39m
   [32m✓[39m DefaultPackageManager[2m > [22mprogress callback[2m > [22mshould emit progress events[32m 2[2mms[22m[39m
   [32m✓[39m DefaultPackageManager[2m > [22mwindows command spawning[2m > [22mshould avoid the shell for git so Windows paths with spaces stay single arguments[32m 2[2mms[22m[39m
   [32m✓[39m DefaultPackageManager[2m > [22mnpmCommand[2m > [22mshould use npmCommand argv for npm installs[32m 2[2mms[22m[39m
   [32m✓[39m DefaultPackageManager[2m > [22mnpmCommand[2m > [22mshould install git package dependencies with --omit=dev[32m 4[2mms[22m[39m
   [32m✓[39m DefaultPackageManager[2m > [22mnpmCommand[2m > [22mshould use plain install for git package dependencies when npmCommand is configured[32m 3[2mms[22m[39m
[31m   [31m×[31m DefaultPackageManager[2m > [22mnpmCommand[2m > [22mshould update git package dependencies with --omit=dev[39m[32m 7[2mms[22m[39m
[31m     → expected "runCommand" to be called with arguments: [ 'npm', …(2) ][90m

Received: 

[1m  1st runCommand call:

[22m[2m  [[22m
[32m-   "npm",[90m
[31m+   "git",[90m
[2m    [[22m
[32m-     "install",[90m
[32m-     "--omit=dev",[90m
[31m+     "clone",[90m
[31m+     "https://github.com/user/repo",[90m
[31m+     "C:\\Users\\ozenc\\AppData\\Local\\Temp\\pm-test-1781214103145-dbn4y4tb7cp\\.mooncode\\git\\github.com\\user\\repo",[90m
[2m    ],[22m
[32m-   {[90m
[32m-     "cwd": "C:\\Users\\ozenc\\AppData\\Local\\Temp\\pm-test-1781214103145-dbn4y4tb7cp\\.Mooncli\\git\\github.com\\user\\repo",[90m
[32m-   },[90m
[2m  ][22m
[31m[90m

Number of calls: [1m1[22m
[31m[39m
[31m   [31m×[31m DefaultPackageManager[2m > [22mnpmCommand[2m > [22mshould use plain install through npmCommand argv when updating git package dependencies[39m[32m 4[2mms[22m[39m
[31m     → expected "runCommand" to be called with arguments: [ 'mise', …(2) ][90m

Received: 

[1m  1st runCommand call:

[22m[2m  [[22m
[32m-   "mise",[90m
[31m+   "git",[90m
[2m    [[22m
[32m-     "exec",[90m
[32m-     "node@20",[90m
[32m-     "--",[90m
[32m-     "pnpm",[90m
[32m-     "install",[90m
[31m+     "clone",[90m
[31m+     "https://github.com/user/repo",[90m
[31m+     "C:\\Users\\ozenc\\AppData\\Local\\Temp\\pm-test-1781214103152-50fu2w5efnk\\.mooncode\\git\\github.com\\user\\repo",[90m
[2m    ],[22m
[32m-   {[90m
[32m-     "cwd": "C:\\Users\\ozenc\\AppData\\Local\\Temp\\pm-test-1781214103152-50fu2w5efnk\\.Mooncli\\git\\github.com\\user\\repo",[90m
[32m-   },[90m
[2m  ][22m
[31m[90m

Number of calls: [1m1[22m
[31m[39m
   [32m✓[39m DefaultPackageManager[2m > [22mnpmCommand[2m > [22mshould use npmCommand argv for npm root lookup and invalidate cached root when npmCommand changes[32m 3[2mms[22m[39m
   [33m[2m✓[22m[39m DefaultPackageManager[2m > [22msource parsing[2m > [22mshould emit progress events on install attempt [33m 1327[2mms[22m[39m
   [33m[2m✓[22m[39m DefaultPackageManager[2m > [22msource parsing[2m > [22mshould recognize github URLs without git: prefix [33m 1343[2mms[22m[39m
   [32m✓[39m DefaultPackageManager[2m > [22msource parsing[2m > [22mshould parse package source types from docs examples[32m 3[2mms[22m[39m
   [32m✓[39m DefaultPackageManager[2m > [22msource parsing[2m > [22mshould never parse dot-relative paths as git[32m 3[2mms[22m[39m
   [32m✓[39m DefaultPackageManager[2m > [22msettings source normalization[2m > [22mshould store global local packages relative to engine settings base[32m 7[2mms[22m[39m
   [32m✓[39m DefaultPackageManager[2m > [22msettings source normalization[2m > [22mshould store project local packages relative to .Mooncli settings base[32m 3[2mms[22m[39m
   [32m✓[39m DefaultPackageManager[2m > [22msettings source normalization[2m > [22mshould remove local package entries using equivalent path forms[32m 5[2mms[22m[39m
   [32m✓[39m DefaultPackageManager[2m > [22mHTTPS git URL parsing (old behavior)[2m > [22mshould parse HTTPS GitHub URLs correctly[32m 2[2mms[22m[39m
   [32m✓[39m DefaultPackageManager[2m > [22mHTTPS git URL parsing (old behavior)[2m > [22mshould parse HTTPS URLs with git: prefix[32m 2[2mms[22m[39m
   [32m✓[39m DefaultPackageManager[2m > [22mHTTPS git URL parsing (old behavior)[2m > [22mshould parse HTTPS URLs with ref[32m 2[2mms[22m[39m
   [32m✓[39m DefaultPackageManager[2m > [22mHTTPS git URL parsing (old behavior)[2m > [22mshould parse host/path shorthand only with git: prefix[32m 2[2mms[22m[39m
   [32m✓[39m DefaultPackageManager[2m > [22mHTTPS git URL parsing (old behavior)[2m > [22mshould treat host/path shorthand as local without git: prefix[32m 2[2mms[22m[39m
   [32m✓[39m DefaultPackageManager[2m > [22mHTTPS git URL parsing (old behavior)[2m > [22mshould parse HTTPS URLs with .git suffix[32m 1[2mms[22m[39m
   [32m✓[39m DefaultPackageManager[2m > [22mHTTPS git URL parsing (old behavior)[2m > [22mshould parse GitLab HTTPS URLs[32m 2[2mms[22m[39m
   [32m✓[39m DefaultPackageManager[2m > [22mHTTPS git URL parsing (old behavior)[2m > [22mshould parse Bitbucket HTTPS URLs[32m 2[2mms[22m[39m
   [32m✓[39m DefaultPackageManager[2m > [22mHTTPS git URL parsing (old behavior)[2m > [22mshould parse Codeberg HTTPS URLs[32m 2[2mms[22m[39m
   [32m✓[39m DefaultPackageManager[2m > [22mHTTPS git URL parsing (old behavior)[2m > [22mshould generate correct package identity for protocol and git:-prefixed URLs[32m 6[2mms[22m[39m
   [32m✓[39m DefaultPackageManager[2m > [22mHTTPS git URL parsing (old behavior)[2m > [22mshould deduplicate git URLs with different supported formats[32m 5[2mms[22m[39m
   [32m✓[39m DefaultPackageManager[2m > [22mHTTPS git URL parsing (old behavior)[2m > [22mshould handle HTTPS URLs with refs in resolve[32m 3[2mms[22m[39m
   [32m✓[39m DefaultPackageManager[2m > [22mpattern filtering in top-level arrays[2m > [22mshould exclude extensions with ! pattern[32m 8[2mms[22m[39m
   [32m✓[39m DefaultPackageManager[2m > [22mpattern filtering in top-level arrays[2m > [22mshould filter themes with glob patterns[32m 9[2mms[22m[39m
   [32m✓[39m DefaultPackageManager[2m > [22mpattern filtering in top-level arrays[2m > [22mshould filter prompts with exclusion pattern[32m 8[2mms[22m[39m
   [32m✓[39m DefaultPackageManager[2m > [22mpattern filtering in top-level arrays[2m > [22mshould filter skills with exclusion pattern[32m 13[2mms[22m[39m
   [32m✓[39m DefaultPackageManager[2m > [22mpattern filtering in top-level arrays[2m > [22mshould work without patterns (backward compatible)[32m 9[2mms[22m[39m
   [32m✓[39m DefaultPackageManager[2m > [22mpattern filtering in Mooncli manifest[2m > [22mshould support glob patterns in manifest extensions[32m 13[2mms[22m[39m
   [32m✓[39m DefaultPackageManager[2m > [22mpattern filtering in Mooncli manifest[2m > [22mshould support glob patterns in manifest skills[32m 11[2mms[22m[39m
   [32m✓[39m DefaultPackageManager[2m > [22mpattern filtering in Mooncli manifest[2m > [22mshould expand positive glob manifest entries before collecting skills[32m 30[2mms[22m[39m
   [32m✓[39m DefaultPackageManager[2m > [22mpattern filtering in package filters[2m > [22mshould apply user filters on top of manifest filters (not replace)[32m 11[2mms[22m[39m
   [32m✓[39m DefaultPackageManager[2m > [22mpattern filtering in package filters[2m > [22mshould exclude extensions from package with ! pattern[32m 11[2mms[22m[39m
   [32m✓[39m DefaultPackageManager[2m > [22mpattern filtering in package filters[2m > [22mshould filter themes from package[32m 13[2mms[22m[39m
   [32m✓[39m DefaultPackageManager[2m > [22mpattern filtering in package filters[2m > [22mshould combine include and exclude patterns[32m 9[2mms[22m[39m
   [32m✓[39m DefaultPackageManager[2m > [22mpattern filtering in package filters[2m > [22mshould work with direct paths (no patterns)[32m 10[2mms[22m[39m
   [32m✓[39m DefaultPackageManager[2m > [22mforce-include patterns[2m > [22mshould force-include extensions with + pattern after exclusion[32m 8[2mms[22m[39m
   [32m✓[39m DefaultPackageManager[2m > [22mforce-include patterns[2m > [22mshould force-include overrides exclude in package filters[32m 7[2mms[22m[39m
   [32m✓[39m DefaultPackageManager[2m > [22mforce-include patterns[2m > [22mshould force-include multiple resources[32m 13[2mms[22m[39m
   [32m✓[39m DefaultPackageManager[2m > [22mforce-include patterns[2m > [22mshould force-include after specific exclusion[32m 6[2mms[22m[39m
   [32m✓[39m DefaultPackageManager[2m > [22mforce-include patterns[2m > [22mshould handle force-include in manifest patterns[32m 7[2mms[22m[39m
   [32m✓[39m DefaultPackageManager[2m > [22mforce-include patterns[2m > [22mshould force-include themes[32m 8[2mms[22m[39m
   [32m✓[39m DefaultPackageManager[2m > [22mforce-include patterns[2m > [22mshould force-include prompts[32m 6[2mms[22m[39m
   [32m✓[39m DefaultPackageManager[2m > [22mforce-exclude patterns[2m > [22mshould force-exclude top-level resources[32m 9[2mms[22m[39m
   [32m✓[39m DefaultPackageManager[2m > [22mforce-exclude patterns[2m > [22mshould force-exclude in package filters[32m 7[2mms[22m[39m
   [32m✓[39m DefaultPackageManager[2m > [22mpackage deduplication[2m > [22mshould dedupe same local package in global and project (project wins)[32m 7[2mms[22m[39m
   [32m✓[39m DefaultPackageManager[2m > [22mpackage deduplication[2m > [22mshould keep both if different packages[32m 8[2mms[22m[39m
   [32m✓[39m DefaultPackageManager[2m > [22mpackage deduplication[2m > [22mshould dedupe SSH and HTTPS URLs for same repo[32m 2[2mms[22m[39m
   [32m✓[39m DefaultPackageManager[2m > [22mpackage deduplication[2m > [22mshould dedupe SSH and HTTPS with refs[32m 3[2mms[22m[39m
   [32m✓[39m DefaultPackageManager[2m > [22mpackage deduplication[2m > [22mshould dedupe SSH URL with ssh:// protocol and git@ format[32m 2[2mms[22m[39m
   [32m✓[39m DefaultPackageManager[2m > [22mpackage deduplication[2m > [22mshould dedupe all supported URL formats for same repo[32m 2[2mms[22m[39m
   [32m✓[39m DefaultPackageManager[2m > [22mpackage deduplication[2m > [22mshould keep different repos separate (HTTPS vs SSH)[32m 2[2mms[22m[39m
   [32m✓[39m DefaultPackageManager[2m > [22mmulti-file extension discovery (issue #1102)[2m > [22mshould only load index.ts from subdirectories, not helper modules[32m 6[2mms[22m[39m
   [32m✓[39m DefaultPackageManager[2m > [22mmulti-file extension discovery (issue #1102)[2m > [22mshould respect package.json Mooncli.extensions manifest in subdirectories[32m 7[2mms[22m[39m
   [32m✓[39m DefaultPackageManager[2m > [22mmulti-file extension discovery (issue #1102)[2m > [22mshould handle mixed top-level files and subdirectories[32m 9[2mms[22m[39m
   [32m✓[39m DefaultPackageManager[2m > [22mmulti-file extension discovery (issue #1102)[2m > [22mshould skip subdirectories without index.ts or manifest[32m 7[2mms[22m[39m
[31m   [31m×[31m DefaultPackageManager[2m > [22moffline mode and network timeouts[2m > [22mshould update project npm packages using @latest when newer version is available[39m[32m 10[2mms[22m[39m
[31m     → expected "runCommandCapture" to be called with arguments: [ 'npm', …(2) ][90m

Number of calls: [1m0[22m
[31m[39m
[31m   [31m×[31m DefaultPackageManager[2m > [22moffline mode and network timeouts[2m > [22mshould skip project npm update when installed version matches latest[39m[32m 6[2mms[22m[39m
[31m     → expected "runCommandCapture" to be called with arguments: [ 'npm', …(2) ][90m

Number of calls: [1m0[22m
[31m[39m
[31m   [31m×[31m DefaultPackageManager[2m > [22moffline mode and network timeouts[2m > [22mshould batch npm updates per scope and run git updates in parallel while skipping pinned and current packages[39m[32m 41[2mms[22m[39m
[31m     → expected "runCommandCapture" to be called 5 times, but got 3 times[39m
   [32m✓[39m DefaultPackageManager[2m > [22moffline mode and network timeouts[2m > [22mshould suggest npm source prefixes for update lookups[32m 2[2mms[22m[39m
   [32m✓[39m DefaultPackageManager[2m > [22moffline mode and network timeouts[2m > [22mshould suggest git source prefixes for update lookups[32m 2[2mms[22m[39m
   [32m✓[39m DefaultPackageManager[2m > [22moffline mode and network timeouts[2m > [22mshould skip installing missing package sources when offline[32m 3[2mms[22m[39m
   [32m✓[39m DefaultPackageManager[2m > [22moffline mode and network timeouts[2m > [22mshould skip refreshing temporary git sources when offline[32m 6[2mms[22m[39m
[31m   [31m×[31m DefaultPackageManager[2m > [22moffline mode and network timeouts[2m > [22mshould not run npm view during resolve for installed unpinned packages[39m[33m 2012[2mms[22m[39m
[31m     → expected false to be true // Object.is equality[39m
   [32m✓[39m DefaultPackageManager[2m > [22moffline mode and network timeouts[2m > [22mshould reinstall pinned npm packages when installed version does not match[32m 11[2mms[22m[39m
   [32m✓[39m DefaultPackageManager[2m > [22moffline mode and network timeouts[2m > [22mshould not check package updates when offline[32m 2[2mms[22m[39m
[31m   [31m×[31m DefaultPackageManager[2m > [22moffline mode and network timeouts[2m > [22mshould report updates for installed unpinned npm packages[39m[32m 9[2mms[22m[39m
[31m     → expected [] to deeply equal [ { source: 'npm:example', …(3) } ][39m
   [32m✓[39m DefaultPackageManager[2m > [22moffline mode and network timeouts[2m > [22mshould skip pinned packages when checking for updates[32m 11[2mms[22m[39m
   [32m✓[39m DefaultPackageManager[2m > [22moffline mode and network timeouts[2m > [22mshould use npm view to fetch latest version[32m 6[2mms[22m[39m
   [32m✓[39m DefaultPackageManager[2m > [22moffline mode and network timeouts[2m > [22mshould use npmCommand argv for npm update checks[32m 17[2mms[22m[39m
   [32m✓[39m DefaultPackageManager[2m > [22moffline mode and network timeouts[2m > [22mshould wait for close before resolving captured stdout[32m 11[2mms[22m[39m
 [31m❯[39m test/rpc-prompt-response-semantics.test.ts [2m([22m[2m3 tests[22m[2m | [22m[31m1 failed[39m[2m)[22m[33m 1610[2mms[22m[39m
[31m   [31m×[31m RPC prompt response semantics[2m > [22memits one failure response when prompt preflight rejects[39m[33m 1102[2mms[22m[39m
[31m     → expected { id: 'b1', type: 'response', …(3) } to match object { id: 'b1', type: 'response', …(3) }[39m
   [32m✓[39m RPC prompt response semantics[2m > [22memits one success response when prompt preflight succeeds[32m 119[2mms[22m[39m
   [33m[2m✓[22m[39m RPC prompt response semantics[2m > [22memits one success response when prompt is queued during streaming [33m 387[2mms[22m[39m
 [32m✓[39m test/file-mutation-queue.test.ts [2m([22m[2m5 tests[22m[2m | [22m[33m3 skipped[39m[2m)[22m[33m 404[2mms[22m[39m
(node:15172) [DEP0190] DeprecationWarning: Passing args to a child process with shell option true can lead to security vulnerabilities, as the arguments are not escaped, only concatenated.
(Use `node --trace-deprecation ...` to show where the warning was created)
 [32m✓[39m test/config.test.ts [2m([22m[2m9 tests[22m[2m | [22m[33m1 skipped[39m[2m)[22m[33m 2483[2mms[22m[39m
   [33m[2m✓[22m[39m detectInstallMethod[2m > [22mself-updates npm installs from custom prefixes [33m 488[2mms[22m[39m
   [33m[2m✓[22m[39m detectInstallMethod[2m > [22mself-update respects configured npmCommand [33m 569[2mms[22m[39m
   [33m[2m✓[22m[39m detectInstallMethod[2m > [22mself-update treats empty npmCommand as unset [33m 643[2mms[22m[39m
   [33m[2m✓[22m[39m detectInstallMethod[2m > [22mquotes npm self-update display paths [33m 682[2mms[22m[39m
 [32m✓[39m test/session-manager/file-operations.test.ts [2m([22m[2m17 tests[22m[2m)[22m[32m 164[2mms[22m[39m
 [32m✓[39m test/bash-close-hang-windows.test.ts [2m([22m[2m2 tests[22m[2m)[22m[33m 1230[2mms[22m[39m
   [33m[2m✓[22m[39m Windows child-process close handling[2m > [22mexecuteBash resolves after the shell exits even if inherited stdio handles stay open [33m 657[2mms[22m[39m
   [33m[2m✓[22m[39m Windows child-process close handling[2m > [22mbash tool resolves after the shell exits even if inherited stdio handles stay open [33m 572[2mms[22m[39m
 [32m✓[39m test/footer-data-provider.test.ts [2m([22m[2m8 tests[22m[2m)[22m[33m 2275[2mms[22m[39m
   [33m[2m✓[22m[39m FooterDataProvider reftable branch detection[2m > [22mdoes not notify listeners when reftable updates keep the same branch [33m 516[2mms[22m[39m
   [33m[2m✓[22m[39m FooterDataProvider reftable branch detection[2m > [22mdebounces rapid reftable updates into a single async refresh [33m 1190[2mms[22m[39m
   [33m[2m✓[22m[39m FooterDataProvider reftable branch detection[2m > [22mupdates the cached branch when the reftable directory changes [33m 534[2mms[22m[39m
 [32m✓[39m test/auth-storage.test.ts [2m([22m[2m25 tests[22m[2m)[22m[33m 3178[2mms[22m[39m
   [33m[2m✓[22m[39m AuthStorage[2m > [22mAPI key resolution[2m > [22mapiKey command can use shell features like pipes [33m 327[2mms[22m[39m
   [33m[2m✓[22m[39m AuthStorage[2m > [22mAPI key resolution[2m > [22mcaching[2m > [22mcache persists across AuthStorage instances [33m 459[2mms[22m[39m
   [33m[2m✓[22m[39m AuthStorage[2m > [22mAPI key resolution[2m > [22mcaching[2m > [22mclearConfigValueCache allows command to run again [33m 613[2mms[22m[39m
   [33m[2m✓[22m[39m AuthStorage[2m > [22mAPI key resolution[2m > [22mcaching[2m > [22mdifferent commands are cached separately [33m 313[2mms[22m[39m
 [32m✓[39m test/extensions-input-event.test.ts [2m([22m[2m8 tests[22m[2m)[22m[32m 266[2mms[22m[39m
 [32m✓[39m test/engine-session-retry.test.ts [2m([22m[2m5 tests[22m[2m)[22m[33m 339[2mms[22m[39m
 [32m✓[39m test/suite/engine-session-retry-events.test.ts [2m([22m[2m14 tests[22m[2m)[22m[33m 397[2mms[22m[39m
 [32m✓[39m test/suite/engine-session-compaction.test.ts [2m([22m[2m11 tests[22m[2m)[22m[32m 142[2mms[22m[39m
 [32m✓[39m test/test-harness.test.ts [2m([22m[2m15 tests[22m[2m)[22m[32m 249[2mms[22m[39m
 [32m✓[39m test/suite/engine-session-queue.test.ts [2m([22m[2m13 tests[22m[2m)[22m[32m 152[2mms[22m[39m
 [32m✓[39m test/suite/engine-session-bash-persistence.test.ts [2m([22m[2m8 tests[22m[2m)[22m[32m 186[2mms[22m[39m
 [31m❯[39m test/tools.test.ts [2m([22m[2m65 tests[22m[2m | [22m[31m12 failed[39m[2m)[22m[33m 4060[2mms[22m[39m
   [32m✓[39m Coding Engine Tools[2m > [22mread tool[2m > [22mshould read file contents that fit within limits[32m 39[2mms[22m[39m
   [32m✓[39m Coding Engine Tools[2m > [22mread tool[2m > [22mshould handle non-existent files[32m 7[2mms[22m[39m
[31m   [31m×[31m Coding Engine Tools[2m > [22mread tool[2m > [22mshould truncate files exceeding line limit[39m[32m 23[2mms[22m[39m
[31m     → expected 'Line 1\nLine 2\nLine 3\nLine 4\nLine …' to contain 'Line 2000'[39m
   [32m✓[39m Coding Engine Tools[2m > [22mread tool[2m > [22mshould truncate when byte limit exceeded[32m 11[2mms[22m[39m
   [32m✓[39m Coding Engine Tools[2m > [22mread tool[2m > [22mshould handle offset parameter[32m 11[2mms[22m[39m
   [32m✓[39m Coding Engine Tools[2m > [22mread tool[2m > [22mshould handle limit parameter[32m 8[2mms[22m[39m
   [32m✓[39m Coding Engine Tools[2m > [22mread tool[2m > [22mshould handle offset + limit together[32m 6[2mms[22m[39m
   [32m✓[39m Coding Engine Tools[2m > [22mread tool[2m > [22mshould show error when offset is beyond file length[32m 5[2mms[22m[39m
[31m   [31m×[31m Coding Engine Tools[2m > [22mread tool[2m > [22mshould include truncation details when truncated[39m[32m 12[2mms[22m[39m
[31m     → expected 200 to be 2000 // Object.is equality[39m
   [32m✓[39m Coding Engine Tools[2m > [22mread tool[2m > [22mshould detect image MIME type from file magic (not extension)[32m 37[2mms[22m[39m
   [32m✓[39m Coding Engine Tools[2m > [22mread tool[2m > [22mshould treat files with image extension but non-image content as text[32m 5[2mms[22m[39m
[31m   [31m×[31m Coding Engine Tools[2m > [22mwrite tool[2m > [22mshould write file contents[39m[32m 10[2mms[22m[39m
[31m     → expected { Object (diff) } to be undefined[39m
   [32m✓[39m Coding Engine Tools[2m > [22mwrite tool[2m > [22mshould create parent directories[32m 6[2mms[22m[39m
   [32m✓[39m Coding Engine Tools[2m > [22medit tool[2m > [22mshould replace text in file[32m 8[2mms[22m[39m
   [32m✓[39m Coding Engine Tools[2m > [22medit tool[2m > [22mshould fail if text not found[32m 4[2mms[22m[39m
   [32m✓[39m Coding Engine Tools[2m > [22medit tool[2m > [22mshould include ENOENT when the edit target does not exist[32m 2[2mms[22m[39m
   [32m✓[39m Coding Engine Tools[2m > [22medit tool[2m > [22mshould fail if text appears multiple times[32m 4[2mms[22m[39m
   [32m✓[39m Coding Engine Tools[2m > [22medit tool[2m > [22mshould replace multiple disjoint regions in one call[32m 7[2mms[22m[39m
   [32m✓[39m Coding Engine Tools[2m > [22medit tool[2m > [22mshould collapse large unchanged gaps in multi-edit diffs[32m 7[2mms[22m[39m
   [32m✓[39m Coding Engine Tools[2m > [22medit tool[2m > [22mshould match edits against the original file, not incrementally[32m 8[2mms[22m[39m
   [32m✓[39m Coding Engine Tools[2m > [22medit tool[2m > [22mshould fail when edits is empty[32m 3[2mms[22m[39m
   [32m✓[39m Coding Engine Tools[2m > [22medit tool[2m > [22mshould fail when multi-edit regions overlap[32m 6[2mms[22m[39m
   [32m✓[39m Coding Engine Tools[2m > [22medit tool[2m > [22mshould not partially apply edits when one edit fails[32m 9[2mms[22m[39m
[31m   [31m×[31m Coding Engine Tools[2m > [22medit tool[2m > [22mshould include EACCES for read-only files[39m[32m 7[2mms[22m[39m
[31m     → expected [Function] to throw error including 'Could not edit file: C:\Users\ozenc\A…' but got 'Could not edit file: C:\Users\ozenc\A…'[39m
   [32m✓[39m Coding Engine Tools[2m > [22medit tool[2m > [22mshould include the original error message for unknown edit access errors[32m 2[2mms[22m[39m
   [32m✓[39m Coding Engine Tools[2m > [22medit tool[2m > [22mshould include ENOENT in diff preview for missing files[32m 1[2mms[22m[39m
[31m   [31m×[31m Coding Engine Tools[2m > [22medit tool[2m > [22mshould include EACCES in diff preview for unreadable files[39m[32m 9[2mms[22m[39m
[31m     → expected { diff: '-1 hello\n+1 world', …(1) } to deeply equal { Object (error) }[39m
   [32m✓[39m Coding Engine Tools[2m > [22mbash tool[2m > [22mshould execute simple commands[32m 113[2mms[22m[39m
   [32m✓[39m Coding Engine Tools[2m > [22mbash tool[2m > [22mshould handle command errors[32m 87[2mms[22m[39m
   [33m[2m✓[22m[39m Coding Engine Tools[2m > [22mbash tool[2m > [22mshould respect timeout [33m 1464[2mms[22m[39m
   [32m✓[39m Coding Engine Tools[2m > [22mbash tool[2m > [22mshould throw error when cwd does not exist[32m 5[2mms[22m[39m
   [32m✓[39m Coding Engine Tools[2m > [22mbash tool[2m > [22mshould handle process spawn errors[32m 9[2mms[22m[39m
   [32m✓[39m Coding Engine Tools[2m > [22mbash tool[2m > [22mshould pass shellPath through to shell resolution[32m 4[2mms[22m[39m
   [32m✓[39m Coding Engine Tools[2m > [22mbash tool[2m > [22mshould prepend command prefix when configured[32m 156[2mms[22m[39m
   [32m✓[39m Coding Engine Tools[2m > [22mbash tool[2m > [22mshould include output from both prefix and command[32m 90[2mms[22m[39m
   [32m✓[39m Coding Engine Tools[2m > [22mbash tool[2m > [22mshould work without command prefix[32m 182[2mms[22m[39m
   [32m✓[39m Coding Engine Tools[2m > [22mbash tool[2m > [22mshould expose local bash operations for extension reuse[32m 130[2mms[22m[39m
   [32m✓[39m Coding Engine Tools[2m > [22mbash tool[2m > [22mshould preserve executeBash sanitization when using local bash operations[32m 87[2mms[22m[39m
   [32m✓[39m Coding Engine Tools[2m > [22mbash tool[2m > [22mshould persist full output when truncation happens by line count only[32m 215[2mms[22m[39m
   [32m✓[39m Coding Engine Tools[2m > [22mbash tool[2m > [22mexecuteBash should persist full output when truncation happens by line count only[32m 147[2mms[22m[39m
[31m   [31m×[31m Coding Engine Tools[2m > [22mgrep tool[2m > [22mshould include filename when searching a single file[39m[32m 201[2mms[22m[39m
[31m     → ripgrep (rg) is not available and could not be downloaded[39m
[31m   [31m×[31m Coding Engine Tools[2m > [22mgrep tool[2m > [22mshould respect global limit and include context lines[39m[33m 347[2mms[22m[39m
[31m     → ripgrep (rg) is not available and could not be downloaded[39m
[31m   [31m×[31m Coding Engine Tools[2m > [22mgrep tool[2m > [22mshould treat flag-like patterns as search text[39m[32m 48[2mms[22m[39m
[31m     → ripgrep (rg) is not available and could not be downloaded[39m
[31m   [31m×[31m Coding Engine Tools[2m > [22mfind tool[2m > [22mshould include hidden files that are not gitignored[39m[32m 50[2mms[22m[39m
[31m     → fd is not available and could not be downloaded[39m
[31m   [31m×[31m Coding Engine Tools[2m > [22mfind tool[2m > [22mshould respect .gitignore[39m[32m 58[2mms[22m[39m
[31m     → fd is not available and could not be downloaded[39m
[31m   [31m×[31m Coding Engine Tools[2m > [22mfind tool[2m > [22mshould surface fd glob parse errors[39m[32m 50[2mms[22m[39m
[31m     → expected [Function] to throw error matching /error parsing glob|fd exited with co…/i but got 'fd is not available and could not be …'[39m
[31m   [31m×[31m Coding Engine Tools[2m > [22mfind tool[2m > [22mshould treat flag-like patterns as search text[39m[32m 63[2mms[22m[39m
[31m     → fd is not available and could not be downloaded[39m
   [32m✓[39m Coding Engine Tools[2m > [22mls tool[2m > [22mshould list dotfiles and directories[32m 8[2mms[22m[39m
   [32m✓[39m edit tool fuzzy matching[2m > [22mshould match text with trailing whitespace stripped[32m 17[2mms[22m[39m
   [32m✓[39m edit tool fuzzy matching[2m > [22mshould match fullwidth punctuation in Chinese text[32m 20[2mms[22m[39m
   [32m✓[39m edit tool fuzzy matching[2m > [22mshould match compatibility-equivalent Unicode forms[32m 18[2mms[22m[39m
   [32m✓[39m edit tool fuzzy matching[2m > [22mshould match smart single quotes to ASCII quotes[32m 41[2mms[22m[39m
   [32m✓[39m edit tool fuzzy matching[2m > [22mshould match smart double quotes to ASCII quotes[32m 13[2mms[22m[39m
   [32m✓[39m edit tool fuzzy matching[2m > [22mshould match Unicode dashes to ASCII hyphen[32m 9[2mms[22m[39m
   [32m✓[39m edit tool fuzzy matching[2m > [22mshould match non-breaking space to regular space[32m 8[2mms[22m[39m
   [32m✓[39m edit tool fuzzy matching[2m > [22mshould prefer exact match over fuzzy match[32m 14[2mms[22m[39m
   [32m✓[39m edit tool fuzzy matching[2m > [22mshould still fail when text is not found even with fuzzy matching[32m 11[2mms[22m[39m
   [32m✓[39m edit tool fuzzy matching[2m > [22mshould detect duplicates after fuzzy normalization[32m 5[2mms[22m[39m
   [32m✓[39m edit tool fuzzy matching[2m > [22mshould support fuzzy matching in multi-edit mode[32m 17[2mms[22m[39m
   [32m✓[39m edit tool CRLF handling[2m > [22mshould match LF oldText against CRLF file content[32m 12[2mms[22m[39m
   [32m✓[39m edit tool CRLF handling[2m > [22mshould preserve CRLF line endings after edit[32m 23[2mms[22m[39m
   [32m✓[39m edit tool CRLF handling[2m > [22mshould preserve LF line endings for LF files[32m 15[2mms[22m[39m
   [32m✓[39m edit tool CRLF handling[2m > [22mshould detect duplicates across CRLF/LF variants[32m 9[2mms[22m[39m
   [32m✓[39m edit tool CRLF handling[2m > [22mshould preserve UTF-8 BOM after edit[32m 44[2mms[22m[39m
   [32m✓[39m edit tool CRLF handling[2m > [22mshould preserve CRLF line endings and BOM in multi-edit mode[32m 7[2mms[22m[39m
 [32m✓[39m test/engine-session-concurrent.test.ts [2m([22m[2m7 tests[22m[2m)[22m[33m 359[2mms[22m[39m
From C:\Users\ozenc\AppData\Local\Temp\git-update-test-1781214109669-9ydiyzahca\remote
   873ca5a..e5ade5f  main       -> origin/main
 [32m✓[39m test/suite/engine-session-runtime.test.ts [2m([22m[2m9 tests[22m[2m)[22m[33m 487[2mms[22m[39m
 [32m✓[39m test/skills.test.ts [2m([22m[2m28 tests[22m[2m)[22m[32m 50[2mms[22m[39m
 [32m✓[39m test/extensions-discovery.test.ts [2m([22m[2m27 tests[22m[2m)[22m[33m 711[2mms[22m[39m
 [32m✓[39m test/model-registry.test.ts [2m([22m[2m64 tests[22m[2m)[22m[33m 4283[2mms[22m[39m
   [33m[2m✓[22m[39m ModelRegistry[2m > [22mAPI key resolution[2m > [22mrequest-time resolution[2m > [22mcommand is executed on every provider lookup [33m 1073[2mms[22m[39m
   [33m[2m✓[22m[39m ModelRegistry[2m > [22mAPI key resolution[2m > [22mrequest-time resolution[2m > [22mcommands are re-executed across registry instances [33m 570[2mms[22m[39m
   [33m[2m✓[22m[39m ModelRegistry[2m > [22mAPI key resolution[2m > [22mrequest-time resolution[2m > [22mfailed commands are retried [33m 425[2mms[22m[39m
   [33m[2m✓[22m[39m ModelRegistry[2m > [22mAPI key resolution[2m > [22mrequest-time resolution[2m > [22mgetApiKeyAndHeaders resolves authHeader on every request [33m 444[2mms[22m[39m
HEAD is now at e5ade5f Commit to keep
 [32m✓[39m test/extensions-runner.test.ts [2m([22m[2m27 tests[22m[2m)[22m[33m 878[2mms[22m[39m
 [32m✓[39m test/clipboard-image.test.ts [2m([22m[2m5 tests[22m[2m)[22m[32m 48[2mms[22m[39m
 [32m✓[39m test/suite/regressions/3982-message-end-cost-override.test.ts [2m([22m[2m1 test[22m[2m)[22m[32m 140[2mms[22m[39m
 [32m✓[39m test/prompt-templates.test.ts [2m([22m[2m78 tests[22m[2m)[22m[32m 41[2mms[22m[39m
 [32m✓[39m test/clipboard-image-bmp-conversion.test.ts [2m([22m[2m1 test[22m[2m)[22m[32m 43[2mms[22m[39m
 [32m✓[39m test/block-images.test.ts [2m([22m[2m8 tests[22m[2m)[22m[32m 65[2mms[22m[39m
 [32m✓[39m test/truncate-to-width.test.ts [2m([22m[2m6 tests[22m[2m)[22m[32m 31[2mms[22m[39m
 [32m✓[39m test/sdk-skills.test.ts [2m([22m[2m3 tests[22m[2m)[22m[32m 107[2mms[22m[39m
From C:\Users\ozenc\AppData\Local\Temp\git-update-test-1781214109669-9ydiyzahca\remote
 + e5ade5f...a78133a main       -> origin/main  (forced update)
 [32m✓[39m test/session-info-modified-timestamp.test.ts [2m([22m[2m1 test[22m[2m)[22m[32m 40[2mms[22m[39m
 [32m✓[39m test/edit-tool-no-full-redraw.test.ts [2m([22m[2m3 tests[22m[2m)[22m[32m 167[2mms[22m[39m
 [32m✓[39m test/package-manager-ssh.test.ts [2m([22m[2m8 tests[22m[2m)[22m[32m 24[2mms[22m[39m
 [32m✓[39m test/bash-execution-width.test.ts [2m([22m[2m2 tests[22m[2m)[22m[32m 45[2mms[22m[39m
 [32m✓[39m test/suite/regressions/2860-replaced-session-context.test.ts [2m([22m[2m3 tests[22m[2m)[22m[32m 162[2mms[22m[39m
HEAD is now at a78133a Rewritten commit
 [32m✓[39m test/path-utils.test.ts [2m([22m[2m11 tests[22m[2m)[22m[32m 16[2mms[22m[39m
 [32m✓[39m test/assistant-message.test.ts [2m([22m[2m2 tests[22m[2m)[22m[32m 29[2mms[22m[39m
 [32m✓[39m test/frontmatter.test.ts [2m([22m[2m8 tests[22m[2m)[22m[32m 19[2mms[22m[39m
 [32m✓[39m test/suite/engine-session-model-extension.test.ts [2m([22m[2m10 tests[22m[2m)[22m[32m 115[2mms[22m[39m
 [32m✓[39m test/clipboard.test.ts [2m([22m[2m5 tests[22m[2m)[22m[32m 26[2mms[22m[39m
 [32m✓[39m test/compaction.test.ts [2m([22m[2m23 tests[22m[2m | [22m[33m2 skipped[39m[2m)[22m[32m 62[2mms[22m[39m
 [32m✓[39m test/tree-selector.test.ts [2m([22m[2m15 tests[22m[2m)[22m[32m 32[2mms[22m[39m
 [32m✓[39m test/image-resize-callers.test.ts [2m([22m[2m2 tests[22m[2m)[22m[32m 23[2mms[22m[39m
 [32m✓[39m test/keybindings-migration.test.ts [2m([22m[2m3 tests[22m[2m)[22m[32m 14[2mms[22m[39m
 [32m✓[39m test/engine-session-dynamic-provider.test.ts [2m([22m[2m3 tests[22m[2m)[22m[32m 85[2mms[22m[39m
 [32m✓[39m test/model-resolver.test.ts [2m([22m[2m33 tests[22m[2m)[22m[32m 25[2mms[22m[39m
 [32m✓[39m test/version-check.test.ts [2m([22m[2m4 tests[22m[2m)[22m[32m 15[2mms[22m[39m
 [32m✓[39m test/token-optimizer.test.ts [2m([22m[2m3 tests[22m[2m)[22m[32m 12[2mms[22m[39m
 [32m✓[39m test/args.test.ts [2m([22m[2m58 tests[22m[2m)[22m[32m 12[2mms[22m[39m
 [32m✓[39m test/plan-mode-utils.test.ts [2m([22m[2m33 tests[22m[2m)[22m[32m 16[2mms[22m[39m
 [32m✓[39m test/edit-tool-legacy-input.test.ts [2m([22m[2m8 tests[22m[2m)[22m[32m 30[2mms[22m[39m
 [32m✓[39m test/session-manager/custom-session-id.test.ts [2m([22m[2m7 tests[22m[2m)[22m[32m 13[2mms[22m[39m
 [32m✓[39m test/session-manager/labels.test.ts [2m([22m[2m8 tests[22m[2m)[22m[32m 11[2mms[22m[39m
 [32m✓[39m test/session-manager/build-context.test.ts [2m([22m[2m14 tests[22m[2m)[22m[32m 9[2mms[22m[39m
 [32m✓[39m test/memory-defaults.test.ts [2m([22m[2m2 tests[22m[2m)[22m[32m 85[2mms[22m[39m
done
 [32m✓[39m test/print-mode.test.ts [2m([22m[2m3 tests[22m[2m)[22m[32m 11[2mms[22m[39m
 [32m✓[39m test/rpc-jsonl.test.ts [2m([22m[2m4 tests[22m[2m)[22m[32m 9[2mms[22m[39m
 [32m✓[39m test/session-manager/save-entry.test.ts [2m([22m[2m1 test[22m[2m)[22m[32m 8[2mms[22m[39m
 [32m✓[39m test/git-ssh-url.test.ts [2m([22m[2m9 tests[22m[2m)[22m[32m 9[2mms[22m[39m
 [32m✓[39m test/restore-sandbox-env.test.ts [2m([22m[2m3 tests[22m[2m)[22m[32m 9[2mms[22m[39m
 [32m✓[39m test/export-html-xss.test.ts [2m([22m[2m8 tests[22m[2m)[22m[32m 6[2mms[22m[39m
 [32m✓[39m test/rpc-client-clone.test.ts [2m([22m[2m1 test[22m[2m)[22m[32m 5[2mms[22m[39m
 [32m✓[39m test/trigger-compact-extension.test.ts [2m([22m[2m1 test[22m[2m)[22m[32m 5[2mms[22m[39m
 [32m✓[39m test/session-selector-search.test.ts [2m([22m[2m9 tests[22m[2m)[22m[32m 7[2mms[22m[39m
 [32m✓[39m test/export-html-whitespace.test.ts [2m([22m[2m3 tests[22m[2m)[22m[32m 5[2mms[22m[39m
 [32m✓[39m test/messages-context.test.ts [2m([22m[2m2 tests[22m[2m)[22m[32m 6[2mms[22m[39m
 [32m✓[39m test/compaction-serialization.test.ts [2m([22m[2m3 tests[22m[2m)[22m[32m 6[2mms[22m[39m
 [32m✓[39m test/initial-message.test.ts [2m([22m[2m3 tests[22m[2m)[22m[32m 4[2mms[22m[39m
 [32m✓[39m test/persona-guard.test.ts [2m([22m[2m1 test[22m[2m)[22m[32m 5[2mms[22m[39m
 [32m✓[39m test/help-sections.test.ts [2m([22m[2m1 test[22m[2m)[22m[32m 4[2mms[22m[39m
 [32m✓[39m test/session-manager/migration.test.ts [2m([22m[2m2 tests[22m[2m)[22m[32m 4[2mms[22m[39m
 [32m✓[39m test/compaction-extensions-example.test.ts [2m([22m[2m2 tests[22m[2m)[22m[32m 3[2mms[22m[39m
 [32m✓[39m test/git-utils.test.ts [2m([22m[2m1 test[22m[2m)[22m[32m 4[2mms[22m[39m
From C:\Users\ozenc\AppData\Local\Temp\git-update-test-1781214112526-8jonowxu8m5\remote
   fe9ea7c..d6a3aa8  main       -> origin/main
 [32m✓[39m test/pi-user-engine.test.ts [2m([22m[2m1 test[22m[2m)[22m[32m 3[2mms[22m[39m
 [32m✓[39m test/compaction-summary-reasoning.test.ts [2m([22m[2m3 tests[22m[2m)[22m[32m 7[2mms[22m[39m
 [32m✓[39m test/suite/regressions/3592-no-builtin-tools-keeps-extension-tools.test.ts [2m([22m[2m3 tests[22m[2m)[22m[32m 77[2mms[22m[39m
 [32m✓[39m test/suite/regressions/2753-reload-stale-resource-settings.test.ts [2m([22m[2m1 test[22m[2m)[22m[32m 63[2mms[22m[39m
HEAD is now at d6a3aa8 Commit B
 [32m✓[39m test/suite/regressions/2023-queued-slash-command-followup.test.ts [2m([22m[2m1 test[22m[2m)[22m[32m 52[2mms[22m[39m
 [32m✓[39m test/suite/regressions/3317-network-connection-lost-retry.test.ts [2m([22m[2m1 test[22m[2m)[22m[32m 57[2mms[22m[39m
 [32m✓[39m test/session-manager/tree-traversal.test.ts [2m([22m[2m30 tests[22m[2m)[22m[32m 55[2mms[22m[39m
 [2m[90m↓[39m[22m test/rpc.test.ts [2m([22m[2m14 tests[22m[2m | [22m[33m14 skipped[39m[2m)[22m
 [32m✓[39m test/engine-session-auto-compaction-queue.test.ts [2m([22m[2m6 tests[22m[2m)[22m[32m 93[2mms[22m[39m
 [32m✓[39m test/compaction-threshold.test.ts [2m([22m[2m3 tests[22m[2m)[22m[32m 4[2mms[22m[39m
From C:\Users\ozenc\AppData\Local\Temp\git-update-test-1781214112526-8jonowxu8m5\remote
 + d6a3aa8...a7b39f2 main       -> origin/main  (forced update)
HEAD is now at a7b39f2 New commit replacing A and B
 [32m✓[39m test/suite/regressions/3686-session-name-event.test.ts [2m([22m[2m2 tests[22m[2m)[22m[32m 21[2mms[22m[39m
 [32m✓[39m test/engine-session-stats.test.ts [2m([22m[2m3 tests[22m[2m)[22m[32m 20[2mms[22m[39m
 [2m[90m↓[39m[22m test/suite/regressions/3302-find-path-glob.test.ts [2m([22m[2m4 tests[22m[2m | [22m[33m4 skipped[39m[2m)[22m
 [32m✓[39m test/suite/regressions/3688-tree-cancel-compacting.test.ts [2m([22m[2m1 test[22m[2m)[22m[32m 19[2mms[22m[39m
 [32m✓[39m test/suite/regressions/3616-settings-inmemory-reload.test.ts [2m([22m[2m3 tests[22m[2m)[22m[32m 14[2mms[22m[39m
 [32m✓[39m test/session-cwd.test.ts [2m([22m[2m3 tests[22m[2m)[22m[32m 12[2mms[22m[39m
 [32m✓[39m test/interactive-mode-import-command.test.ts [2m([22m[2m6 tests[22m[2m)[22m[32m 7[2mms[22m[39m
From C:\Users\ozenc\AppData\Local\Temp\git-update-test-1781214115259-vvxjfht9z2\remote
   7275219..dbf8111  main       -> origin/main
 [32m✓[39m test/interactive-mode-anthropic-warning.test.ts [2m([22m[2m4 tests[22m[2m)[22m[32m 5[2mms[22m[39m
HEAD is now at dbf8111 v3
 [32m✓[39m test/fast-auto-thinking.test.ts [2m([22m[2m4 tests[22m[2m)[22m[32m 2[2mms[22m[39m
 [2m[90m↓[39m[22m test/compaction-extensions.test.ts [2m([22m[2m8 tests[22m[2m | [22m[33m8 skipped[39m[2m)[22m
 [2m[90m↓[39m[22m test/engine-session-tree-navigation.test.ts [2m([22m[2m10 tests[22m[2m | [22m[33m10 skipped[39m[2m)[22m
 [2m[90m↓[39m[22m test/engine-session-branching.test.ts [2m([22m[2m3 tests[22m[2m | [22m[33m3 skipped[39m[2m)[22m
 [2m[90m↓[39m[22m test/engine-session-compaction.test.ts [2m([22m[2m5 tests[22m[2m | [22m[33m5 skipped[39m[2m)[22m
From C:\Users\ozenc\AppData\Local\Temp\git-update-test-1781214115259-vvxjfht9z2\remote
 + dbf8111...8409906 main       -> origin/main  (forced update)
HEAD is now at 8409906 Rewrite B
 [31m❯[39m test/stdout-cleanliness.test.ts [2m([22m[2m2 tests[22m[2m | [22m[31m2 failed[39m[2m)[22m[33m 14339[2mms[22m[39m
[31m   [31m×[31m stdout cleanliness in non-interactive modes[2m > [22mkeeps stdout empty for --mode json --help while routing startup chatter to stderr[39m[33m 7319[2mms[22m[39m
[31m     → expected 'MoonCode - serious terminal coding ag…' to contain 'changed 1 package in 471ms'[39m
[31m   [31m×[31m stdout cleanliness in non-interactive modes[2m > [22mkeeps stdout empty for -p --help while routing startup chatter to stderr[39m[33m 7019[2mms[22m[39m
[31m     → expected 'MoonCode - serious terminal coding ag…' to contain 'changed 1 package in 471ms'[39m
From C:\Users\ozenc\AppData\Local\Temp\git-update-test-1781214117316-iwteik8fctm\remote
   4408569..200bb7d  main       -> origin/main
HEAD is now at 200bb7d Second commit
 [31m❯[39m test/git-update.test.ts [2m([22m[2m11 tests[22m[2m | [22m[31m2 failed[39m[2m)[22m[33m 14871[2mms[22m[39m
   [33m[2m✓[22m[39m DefaultPackageManager git update[2m > [22mnormal updates (no force-push)[2m > [22mshould skip reset, clean, and install when already up to date [33m 706[2mms[22m[39m
   [33m[2m✓[22m[39m DefaultPackageManager git update[2m > [22mnormal updates (no force-push)[2m > [22mshould update to latest commit when remote has new commits [33m 1216[2mms[22m[39m
   [33m[2m✓[22m[39m DefaultPackageManager git update[2m > [22mnormal updates (no force-push)[2m > [22mshould handle multiple commits ahead [33m 1896[2mms[22m[39m
   [33m[2m✓[22m[39m DefaultPackageManager git update[2m > [22mnormal updates (no force-push)[2m > [22mshould update even when local checkout has no upstream [33m 2848[2mms[22m[39m
   [33m[2m✓[22m[39m DefaultPackageManager git update[2m > [22mforce-push scenarios[2m > [22mshould recover when remote history is rewritten [33m 2857[2mms[22m[39m
   [33m[2m✓[22m[39m DefaultPackageManager git update[2m > [22mforce-push scenarios[2m > [22mshould recover when local commit no longer exists in remote [33m 2733[2mms[22m[39m
   [33m[2m✓[22m[39m DefaultPackageManager git update[2m > [22mforce-push scenarios[2m > [22mshould handle complete history rewrite [33m 1580[2mms[22m[39m
   [33m[2m✓[22m[39m DefaultPackageManager git update[2m > [22mpinned sources[2m > [22mshould not update pinned git sources (with @ref) [33m 457[2mms[22m[39m
[31m   [31m×[31m DefaultPackageManager git update[2m > [22mtemporary git sources[2m > [22mshould refresh cached temporary git sources when resolving[39m[32m 13[2mms[22m[39m
[31m     → expected [ Array(1) ] to include 'git fetch --prune --no-tags origin +r…'[39m
[31m   [31m×[31m DefaultPackageManager git update[2m > [22mtemporary git sources[2m > [22mshould not refresh pinned temporary git sources[39m[32m 8[2mms[22m[39m
[31m     → expected [ …(2) ] to deeply equal [][39m
   [33m[2m✓[22m[39m DefaultPackageManager git update[2m > [22mscope-aware update[2m > [22mshould not install locally when source is only registered globally [33m 555[2mms[22m[39m

[31m⎯⎯⎯⎯⎯⎯[39m[1m[41m Failed Tests 98 [49m[22m[31m⎯⎯⎯⎯⎯⎯⎯[39m

[41m[1m FAIL [22m[49m test/agents.test.ts[2m > [22magent workspace[2m > [22mrenders the company-style workspace departments
[31m[1mAssertionError[22m: expected '\u001b[1magent workspace\u001b[0m\n\u…' to contain 'MoonCode Company Workspace'[39m

[32m- Expected[39m
[31m+ Received[39m

[32m- MoonCode Company Workspace[39m
[31m+ [1magent workspace[0m[39m
[31m+ [2mexplore → build → verify[0m[39m
[31m+[39m
[31m+ [38;5;244mstatus    [0m [38;5;82mauto[0m[39m
[31m+ [38;5;244mverbosity [0m [38;5;117msummary[0m[39m
[31m+ [38;5;244mmodel     [0m [38;5;229mtest-model[0m[39m
[31m+ [38;5;244mcwd       [0m [38;5;153m/repo[0m[39m
[31m+ [38;5;244mtools     [0m [38;5;120m2[0m[39m
[31m+[39m
[31m+ [38;5;117mExplore[0m[39m
[31m+   [1mscanner     [0m [2mmap files, imports, exports, deps — no writes[0m[39m
[31m+   [1msearcher    [0m [2mgrep patterns, symbol refs, API usages[0m[39m
[31m+[39m
[31m+ [38;5;45mBuild[0m[39m
[31m+   [1marchitect   [0m [2mdata flow, interface contracts, integration risk[0m[39m
[31m+   [1mcoder       [0m [2mimplement, diff-only, runs on first try[0m[39m
[31m+   [1mbackend     [0m [2mAPI, auth, validation, runtime correctness[0m[39m
[31m+   [1mfrontend    [0m [2mTUI/UI flow, state, empty/error/loading states[0m[39m
[31m+[39m
[31m+ [38;5;82mVerify[0m[39m
[31m+   [1mreviewer    [0m [2mcorrectness, edge cases, type safety[0m[39m
[31m+   [1msecurity    [0m [2minjection, secrets, path traversal, permissions[0m[39m

[36m [2m❯[22m test/agents.test.ts:[2m12:18[22m[39m
    [90m 10| [39m  )[33m;[39m
    [90m 11| [39m
    [90m 12| [39m  [34mexpect[39m(output)[33m.[39m[34mtoContain[39m([32m"MoonCode Company Workspace"[39m)[33m;[39m
    [90m   | [39m                 [31m^[39m
    [90m 13| [39m  [34mexpect[39m(output)[33m.[39m[34mtoContain[39m([32m"Leadership Office"[39m)[33m;[39m
    [90m 14| [39m  [34mexpect[39m(output)[33m.[39m[34mtoContain[39m([32m"Engineering Floor"[39m)[33m;[39m

[31m[2m⎯⎯⎯⎯⎯⎯⎯⎯⎯⎯⎯⎯⎯⎯⎯⎯⎯⎯⎯⎯⎯⎯⎯[1/99]⎯[22m[39m

[41m[1m FAIL [22m[49m test/agents.test.ts[2m > [22magent workspace[2m > [22mregisters agent commands as built-in slash commands
[31m[1mAssertionError[22m: expected [ 'new', 'resume', 'name', …(47) ] to include 'workspace'[39m
[36m [2m❯[22m test/agents.test.ts:[2m29:24[22m[39m
    [90m 27| [39m  const commandNames = BUILTIN_SLASH_COMMANDS.map((command) => command…
    [90m 28| [39m  [34mexpect[39m(commandNames)[33m.[39m[34mtoContain[39m([32m"agentmode"[39m)[33m;[39m
    [90m 29| [39m  [34mexpect[39m(commandNames)[33m.[39m[34mtoContain[39m([32m"workspace"[39m)[33m;[39m
    [90m   | [39m                       [31m^[39m
    [90m 30| [39m })[33m;[39m
    [90m 31| [39m})[33m;[39m

[31m[2m⎯⎯⎯⎯⎯⎯⎯⎯⎯⎯⎯⎯⎯⎯⎯⎯⎯⎯⎯⎯⎯⎯⎯[2/99]⎯[22m[39m

[41m[1m FAIL [22m[49m test/engine-session-dynamic-tools.test.ts[2m > [22mEngineSession dynamic tool registration[2m > [22mrefreshes tool registry when tools are registered after initialization
[31m[1mAssertionError[22m: expected 'You are MoonCode. Created by Theayzek…' to contain '- dynamic_tool: Run dynamic test beha…'[39m

[32m- Expected[39m
[31m+ Received[39m

[32m- - dynamic_tool: Run dynamic test behavior[39m
[31m+ You are MoonCode. Created by Theayzek. Do not introduce yourself unless asked.[39m
[31m+ Tools: read: Read file contents, bash: Execute bash commands (ls, grep, find, etc.), edit: Make precise file edits with exact text replacement, including multiple disjoint edits in one call, write: Create or overwrite files, codebase_index: Index the codebase to update search capabilities, browser_tabs: Control connected Chrome tabs, browser_page: Read or operate the connected Chrome page, ask_question: Ask the user a multiple choice question, invoke_subagent: Delegate a complex task to a sub-agent, message_agent: Send message to a running sub-agent, snapshot: Manage workspace snapshots, update_user_profile: Update user's long-term profile, dynamic_tool: Run dynamic test behavior[39m
[31m+ Date: 2026-06-12 | Cwd: C:/Users/ozenc/AppData/Local/Temp/Mooncli-dynamic-tool-test-1781214106832-wrkymyldt6i[39m
[31m+[39m
[31m+ ## Directives[39m
[31m+ - Reduce uncertainty. Every action must answer a question or repair an invariant.[39m
[31m+ - Turbo coding: think/plan/code-synthesize in English internally; answer the user in their language.[39m
[31m+ - Keep the existing project language/framework/style. Never port languages unless explicitly asked.[39m
[31m+ - Act with tools; do not narrate routine steps before tool calls.[39m
[31m+ - Never end code work with a promise to continue when tools are available. Continue until done, verified, or genuinely blocked.[39m
[31m+ - Inspect only what is needed. Read only what the current task requires. Never scan randomly.[39m
[31m+ - Make the smallest correct change. Minimal = precision, not laziness.[39m
[31m+ - Prefer edit over write. Batch nearby file changes in one edit call.[39m
[31m+ - Verify with cheapest real check (build/test/typecheck). Never claim done without it.[39m
[31m+ - For long tasks, keep working in small verified batches instead of handing back a progress-only message.[39m
[31m+ - MoonCode Capsule/Razor blocks are compressed noisy input. Route from their Paths/Commands/Errors, then verify source files before edits.[39m
[31m+ - Preserve user changes. Ask before destructive ops. Mask secrets.[39m
[31m+ - Short answers. No filler, no motivation, no over-explaining.[39m
[31m+ - Match user language: Turkish in -> Turkish out. Casual -> casual.[39m
[31m+ - Browser bridge available when connected.[39m
[31m+[39m
[31m+ ## Workflow[39m
[31m+ Inspect minimum -> hypothesis -> smallest change -> verify -> report.[39m
[31m+ Done. Changed: <file>. Verified: <result>. Notes: <risk if any>.[39m
[31m+[39m
[31m+ ## UI[39m
[31m+ Existing design wins. Default: plain, stable terminal output.[39m

[36m [2m❯[22m test/engine-session-dynamic-tools.test.ts:[2m88:32[22m[39m
    [90m 86| [39m  })[33m;[39m
    [90m 87| [39m  [34mexpect[39m(session[33m.[39m[34mgetActiveToolNames[39m())[33m.[39m[34mtoContain[39m([32m"dynamic_tool"[39m)[33m;[39m
    [90m 88| [39m  expect(session.systemPrompt).toContain("- dynamic_tool: Run dynamic …
    [90m   | [39m                               [31m^[39m
    [90m 89| [39m  expect(session.systemPrompt).toContain("- Use dynamic_tool when the …
    [90m 90| [39m

[31m[2m⎯⎯⎯⎯⎯⎯⎯⎯⎯⎯⎯⎯⎯⎯⎯⎯⎯⎯⎯⎯⎯⎯⎯[3/99]⎯[22m[39m

[41m[1m FAIL [22m[49m test/engine-session-runtime-events.test.ts[2m > [22mEngineSessionRuntime session lifecycle events[2m > [22mruns beforeSessionInvalidate after session_shutdown and before rebindSession
[31m[1mAssertionError[22m: expected [Function] to throw error including 'This extension ctx is stale after ses…' but got 'This extension ctx is stale after ses…'[39m

Expected: [32m"This extension ctx is stale after session replacement or reload. Do not use a captured Moon[7mcli[27m or command ctx after ctx.newSession(), ctx.fork(), ctx.switchSession(), or ctx.reload(). For newSession, fork, and switchSession, move post-replacement work into withSession and use the ctx passed to withSession. For reload, do not use the old ctx after await ctx.reload()."[39m
Received: [31m"This extension ctx is stale after session replacement or reload. Do not use a captured Moon[7mCode[27m or command ctx after ctx.newSession(), ctx.fork(), ctx.switchSession(), or ctx.reload(). For newSession, fork, and switchSession, move post-replacement work into withSession and use the ctx passed to withSession. For reload, do not use the old ctx after await ctx.reload()."[39m

[36m [2m❯[22m test/engine-session-runtime-events.test.ts:[2m179:64[22m[39m


[31m[2m⎯⎯⎯⎯⎯⎯⎯⎯⎯⎯⎯⎯⎯⎯⎯⎯⎯⎯⎯⎯⎯⎯⎯[4/99]⎯[22m[39m

[41m[1m FAIL [22m[49m test/engine-session-runtime-events.test.ts[2m > [22mEngineSessionRuntime session lifecycle events[2m > [22mruns beforeSessionInvalidate after session_shutdown and before rebindSession
[31m[1mError[22m: This extension ctx is stale after session replacement or reload. Do not use a captured MoonCode or command ctx after ctx.newSession(), ctx.fork(), ctx.switchSession(), or ctx.reload(). For newSession, fork, and switchSession, move post-replacement work into withSession and use the ctx passed to withSession. For reload, do not use the old ctx after await ctx.reload().[39m
[36m [2m❯[22m ExtensionRunner.assertActive src/core/extensions/runner.ts:[2m478:10[22m[39m
    [90m476| [39m [35mprivate[39m [34massertActive[39m()[33m:[39m [35mvoid[39m {
    [90m477| [39m  [35mif[39m ([35mthis[39m[33m.[39mstaleMessage) {
    [90m478| [39m   [35mthrow[39m [35mnew[39m [33mError[39m([35mthis[39m[33m.[39mstaleMessage)[33m;[39m
    [90m   | [39m         [31m^[39m
    [90m479| [39m  }
    [90m480| [39m }
[90m [2m❯[22m Object.get cwd [as cwd] src/core/extensions/runner.ts:[2m587:12[22m[39m
[90m [2m❯[22m EngineSessionRuntime.beforeSessionInvalidate test/engine-session-runtime-events.test.ts:[2m170:52[22m[39m
[90m [2m❯[22m EngineSessionRuntime.dispose src/core/engine-session-runtime.ts:[2m372:8[22m[39m
[90m [2m❯[22m test/engine-session-runtime-events.test.ts:[2m82:4[22m[39m
[90m [2m❯[22m test/engine-session-runtime-events.test.ts:[2m33:4[22m[39m

[31m[2m⎯⎯⎯⎯⎯⎯⎯⎯⎯⎯⎯⎯⎯⎯⎯⎯⎯⎯⎯⎯⎯⎯⎯[5/99]⎯[22m[39m

[41m[1m FAIL [22m[49m test/footer-width.test.ts[2m > [22mFooterComponent width handling[2m > [22mkeeps stats line within width for wide model and provider names
[31m[1mAssertionError[22m: expected 63 to be less than or equal to 60[39m
[36m [2m❯[22m test/footer-width.test.ts:[2m113:31[22m[39m
    [90m111| [39m  [35mconst[39m lines [33m=[39m footer[33m.[39m[34mrender[39m(width)[33m;[39m
    [90m112| [39m  [35mfor[39m ([35mconst[39m line [35mof[39m lines) {
    [90m113| [39m   [34mexpect[39m([34mvisibleWidth[39m(line))[33m.[39m[34mtoBeLessThanOrEqual[39m(width)[33m;[39m
    [90m   | [39m                              [31m^[39m
    [90m114| [39m  }
    [90m115| [39m })[33m;[39m

[31m[2m⎯⎯⎯⎯⎯⎯⎯⎯⎯⎯⎯⎯⎯⎯⎯⎯⎯⎯⎯⎯⎯⎯⎯[6/99]⎯[22m[39m

[41m[1m FAIL [22m[49m test/git-update.test.ts[2m > [22mDefaultPackageManager git update[2m > [22mtemporary git sources[2m > [22mshould refresh cached temporary git sources when resolving
[31m[1mAssertionError[22m: expected [ Array(1) ] to include 'git fetch --prune --no-tags origin +r…'[39m
[36m [2m❯[22m test/git-update.test.ts:[2m355:29[22m[39m
    [90m353| [39m   await packageManager.resolveExtensionSources([gitSource], { tempora…
    [90m354| [39m
    [90m355| [39m   [34mexpect[39m(executedCommands)[33m.[39m[34mtoContain[39m(
    [90m   | [39m                            [31m^[39m
    [90m356| [39m    "git fetch --prune --no-tags origin +refs/heads/main:refs/remotes/…
    [90m357| [39m   )[33m;[39m

[31m[2m⎯⎯⎯⎯⎯⎯⎯⎯⎯⎯⎯⎯⎯⎯⎯⎯⎯⎯⎯⎯⎯⎯⎯[7/99]⎯[22m[39m

[41m[1m FAIL [22m[49m test/git-update.test.ts[2m > [22mDefaultPackageManager git update[2m > [22mtemporary git sources[2m > [22mshould not refresh pinned temporary git sources
[31m[1mAssertionError[22m: expected [ …(2) ] to deeply equal [][39m

[32m- Expected[39m
[31m+ Received[39m

[32m- [][39m
[31m+ [[39m
[31m+   "git clone https://github.com/test/extension C:\\Users\\ozenc\\AppData\\Local\\Temp\\MoonCode-extensions\\git-github.com\\7db90b30\\test\\extension",[39m
[31m+   "git checkout main",[39m
[31m+ ][39m

[36m [2m❯[22m test/git-update.test.ts:[2m386:29[22m[39m
    [90m384| [39m   await packageManager.resolveExtensionSources([`${gitSource}@main`],…
    [90m385| [39m
    [90m386| [39m   [34mexpect[39m(executedCommands)[33m.[39m[34mtoEqual[39m([])[33m;[39m
    [90m   | [39m                            [31m^[39m
    [90m387| [39m   expect(getFileContent(cachedDir, "Mooncli-extensions/session-breakd…
    [90m388| [39m  })[33m;[39m

[31m[2m⎯⎯⎯⎯⎯⎯⎯⎯⎯⎯⎯⎯⎯⎯⎯⎯⎯⎯⎯⎯⎯⎯⎯[8/99]⎯[22m[39m

[41m[1m FAIL [22m[49m test/image-processing.test.ts[2m > [22mresizeImage[2m > [22mshould resize image exceeding byte limit
[31m[1mAssertionError[22m: expected null not to be null[39m
[36m [2m❯[22m test/image-processing.test.ts:[2m89:22[22m[39m
    [90m 87| [39m
    [90m 88| [39m  [90m// Should have tried to reduce size[39m
    [90m 89| [39m  [34mexpect[39m(result)[33m.[39mnot[33m.[39m[34mtoBeNull[39m()[33m;[39m
    [90m   | [39m                     [31m^[39m
    [90m 90| [39m  [35mconst[39m resultBuffer [33m=[39m [33mBuffer[39m[33m.[39m[35mfrom[39m(result[33m![39m[33m.[39mdata[33m,[39m [32m"base64"[39m)[33m;[39m
    [90m 91| [39m  [34mexpect[39m(resultBuffer[33m.[39mlength)[33m.[39m[34mtoBeLessThan[39m(originalSize)[33m;[39m

[31m[2m⎯⎯⎯⎯⎯⎯⎯⎯⎯⎯⎯⎯⎯⎯⎯⎯⎯⎯⎯⎯⎯⎯⎯[9/99]⎯[22m[39m

[41m[1m FAIL [22m[49m test/interactive-chrome-stability.test.ts[2m > [22minteractive chrome stability[2m > [22mheader height stays stable across renders
[31m[1mTypeError[22m: Cannot read properties of undefined (reading 'onBranchChange')[39m
[36m [2m❯[22m new MoonCodeHeaderComponent src/modes/interactive/components/mooncode-header.ts:[2m82:39[22m[39m
    [90m 80| [39m  [35mprivate[39m footerData[33m:[39m [33mReadonlyFooterDataProvider[39m[33m,[39m
    [90m 81| [39m ) {
    [90m 82| [39m  this.unsubscribeBranch = footerData.onBranchChange?.(() => this.inva…
    [90m   | [39m                                      [31m^[39m
    [90m 83| [39m }
    [90m 84| [39m
[90m [2m❯[22m test/interactive-chrome-stability.test.ts:[2m23:18[22m[39m

[31m[2m⎯⎯⎯⎯⎯⎯⎯⎯⎯⎯⎯⎯⎯⎯⎯⎯⎯⎯⎯⎯⎯⎯[10/99]⎯[22m[39m

[41m[1m FAIL [22m[49m test/interactive-mode-clone-command.test.ts[2m > [22mInteractiveMode /clone[2m > [22mclones the current leaf into a new session
[31m[1mAssertionError[22m: expected "spy" to be called with arguments: [ 'Cloned to new session' ][90m

Received: 

[1m  1st spy call:

[22m[2m  [[22m
[32m-   "Cloned to new session",[90m
[31m+   "Yeni oturuma kopyalandı",[90m
[2m  ][22m
[31m[90m

Number of calls: [1m1[22m
[31m[39m
[36m [2m❯[22m test/interactive-mode-clone-command.test.ts:[2m46:22[22m[39m
    [90m 44| [39m  [34mexpect[39m(renderCurrentSessionState)[33m.[39m[34mtoHaveBeenCalled[39m()[33m;[39m
    [90m 45| [39m  [34mexpect[39m(setText)[33m.[39m[34mtoHaveBeenCalledWith[39m([32m""[39m)[33m;[39m
    [90m 46| [39m  [34mexpect[39m(showStatus)[33m.[39m[34mtoHaveBeenCalledWith[39m([32m"Cloned to new session"[39m)[33m;[39m
    [90m   | [39m                     [31m^[39m
    [90m 47| [39m  [34mexpect[39m(showError)[33m.[39mnot[33m.[39m[34mtoHaveBeenCalled[39m()[33m;[39m
    [90m 48| [39m  [34mexpect[39m(requestRender)[33m.[39mnot[33m.[39m[34mtoHaveBeenCalled[39m()[33m;[39m

[31m[2m⎯⎯⎯⎯⎯⎯⎯⎯⎯⎯⎯⎯⎯⎯⎯⎯⎯⎯⎯⎯⎯⎯[11/99]⎯[22m[39m

[41m[1m FAIL [22m[49m test/interactive-mode-clone-command.test.ts[2m > [22mInteractiveMode /clone[2m > [22mshows a status message when there is nothing to clone
[31m[1mAssertionError[22m: expected "spy" to be called with arguments: [ 'Nothing to clone yet' ][90m

Received: 

[1m  1st spy call:

[22m[2m  [[22m
[32m-   "Nothing to clone yet",[90m
[31m+   "Henüz kopyalanacak bir şey yok",[90m
[2m  ][22m
[31m[90m

Number of calls: [1m1[22m
[31m[39m
[36m [2m❯[22m test/interactive-mode-clone-command.test.ts:[2m69:22[22m[39m
    [90m 67| [39m
    [90m 68| [39m  [34mexpect[39m(fork)[33m.[39mnot[33m.[39m[34mtoHaveBeenCalled[39m()[33m;[39m
    [90m 69| [39m  [34mexpect[39m(showStatus)[33m.[39m[34mtoHaveBeenCalledWith[39m([32m"Nothing to clone yet"[39m)[33m;[39m
    [90m   | [39m                     [31m^[39m
    [90m 70| [39m  [34mexpect[39m(showError)[33m.[39mnot[33m.[39m[34mtoHaveBeenCalled[39m()[33m;[39m
    [90m 71| [39m })[33m;[39m

[31m[2m⎯⎯⎯⎯⎯⎯⎯⎯⎯⎯⎯⎯⎯⎯⎯⎯⎯⎯⎯⎯⎯⎯[12/99]⎯[22m[39m

[41m[1m FAIL [22m[49m test/interactive-mode-compaction.test.ts[2m > [22mInteractiveMode compaction events[2m > [22mrebuilds chat and appends a synthetic compaction summary at the bottom
[31m[1mTypeError[22m: this.chatContainer.invalidate is not a function[39m
[36m [2m❯[22m Object.handleEvent src/modes/interactive/interactive-mode.ts:[2m3363:22[22m[39m
    [90m3361| [39m  }
    [90m3362| [39m
    [90m3363| [39m  this.chatContainer.invalidate();
    [90m   | [39m                     [31m^[39m
    [90m3364| [39m  this.updateWorkingMessageContextually?.(event);
    [90m3365| [39m  this.footer.invalidate();
[90m [2m❯[22m test/interactive-mode-compaction.test.ts:[2m35:21[22m[39m

[31m[2m⎯⎯⎯⎯⎯⎯⎯⎯⎯⎯⎯⎯⎯⎯⎯⎯⎯⎯⎯⎯⎯⎯[13/99]⎯[22m[39m

[41m[1m FAIL [22m[49m test/interactive-mode-status.test.ts[2m > [22mInteractiveMode.createExtensionUIContext setTheme[2m > [22mpersists theme changes to settings manager
[31m[1mAssertionError[22m: expected false to be true // Object.is equality[39m

[32m- Expected[39m
[31m+ Received[39m

[32m- true[39m
[31m+ false[39m

[36m [2m❯[22m test/interactive-mode-status.test.ts:[2m123:26[22m[39m
    [90m121| [39m  [35mconst[39m result [33m=[39m uiContext[33m.[39m[34msetTheme[39m([32m"light"[39m)[33m;[39m
    [90m122| [39m
    [90m123| [39m  [34mexpect[39m(result[33m.[39msuccess)[33m.[39m[34mtoBe[39m([35mtrue[39m)[33m;[39m
    [90m   | [39m                         [31m^[39m
    [90m124| [39m  [34mexpect[39m(settingsManager[33m.[39msetTheme)[33m.[39m[34mtoHaveBeenCalledWith[39m([32m"light"[39m)[33m;[39m
    [90m125| [39m  [34mexpect[39m(currentTheme)[33m.[39m[34mtoBe[39m([32m"light"[39m)[33m;[39m

[31m[2m⎯⎯⎯⎯⎯⎯⎯⎯⎯⎯⎯⎯⎯⎯⎯⎯⎯⎯⎯⎯⎯⎯[14/99]⎯[22m[39m

[41m[1m FAIL [22m[49m test/interactive-mode-status.test.ts[2m > [22mInteractiveMode.showLoadedResources[2m > [22mstill shows diagnostics on quiet startup when requested
[31m[1mAssertionError[22m: expected '\u001b[38;2;202;164;105m[Yetenek çakı…' to contain '[Skill conflicts]'[39m

[32m- Expected[39m
[31m+ Received[39m

[32m- [Skill conflicts][39m
[31m+ [38;2;202;164;105m[Yetenek çakışmaları][31m                                                                                                   [39m
[31m+ diagnostics                                                                                                             [39m
[31m+  [39m

[36m [2m❯[22m test/interactive-mode-status.test.ts:[2m871:18[22m[39m
    [90m869| [39m
    [90m870| [39m  [35mconst[39m output [33m=[39m [34mrenderAll[39m(fakeThis[33m.[39mchatContainer)[33m;[39m
    [90m871| [39m  [34mexpect[39m(output)[33m.[39m[34mtoContain[39m([32m"[Skill conflicts]"[39m)[33m;[39m
    [90m   | [39m                 [31m^[39m
    [90m872| [39m  [34mexpect[39m(output)[33m.[39mnot[33m.[39m[34mtoContain[39m([32m"[Skills]"[39m)[33m;[39m
    [90m873| [39m })[33m;[39m

[31m[2m⎯⎯⎯⎯⎯⎯⎯⎯⎯⎯⎯⎯⎯⎯⎯⎯⎯⎯⎯⎯⎯⎯[15/99]⎯[22m[39m

[41m[1m FAIL [22m[49m test/interactive-mode-suspend.test.ts[2m > [22mInteractiveMode.handleCtrlZ[2m > [22mshows a status message and skips suspend on Windows
[31m[1mAssertionError[22m: expected "spy" to be called with arguments: [ Array(1) ][90m

Received: 

[1m  1st spy call:

[22m[2m  [[22m
[32m-   "Suspend to background is not supported on Windows",[90m
[31m+   "Arka plana alma Windows'ta desteklenmiyor",[90m
[2m  ][22m
[31m[90m

Number of calls: [1m1[22m
[31m[39m
[36m [2m❯[22m test/interactive-mode-suspend.test.ts:[2m57:22[22m[39m
    [90m 55| [39m  }
    [90m 56| [39m
    [90m 57| [39m  expect(showStatus).toHaveBeenCalledWith("Suspend to background is no…
    [90m   | [39m                     [31m^[39m
    [90m 58| [39m  [34mexpect[39m(ui[33m.[39mstop)[33m.[39mnot[33m.[39m[34mtoHaveBeenCalled[39m()[33m;[39m
    [90m 59| [39m  [34mexpect[39m(setIntervalSpy)[33m.[39mnot[33m.[39m[34mtoHaveBeenCalled[39m()[33m;[39m

[31m[2m⎯⎯⎯⎯⎯⎯⎯⎯⎯⎯⎯⎯⎯⎯⎯⎯⎯⎯⎯⎯⎯⎯[16/99]⎯[22m[39m

[41m[1m FAIL [22m[49m test/interactive-mode-suspend.test.ts[2m > [22mInteractiveMode.handleCtrlZ[2m > [22mkeeps the process alive while suspended and restores the TUI on SIGCONT
[31m[1mTypeError[22m: this.showStatus is not a function[39m
[36m [2m❯[22m Object.handleCtrlZ src/modes/interactive/interactive-mode.ts:[2m4215:9[22m[39m
    [90m4213| [39m private handleCtrlZ(): void {
    [90m4214| [39m  if (process.platform === "win32") {
    [90m4215| [39m   this.showStatus("Arka plana alma Windows'ta desteklenmiyor");
    [90m   | [39m        [31m^[39m
    [90m4216| [39m   return;
    [90m4217| [39m  }
[90m [2m❯[22m callHandleCtrlZ test/interactive-mode-suspend.test.ts:[2m21:84[22m[39m
[90m [2m❯[22m test/interactive-mode-suspend.test.ts:[2m97:3[22m[39m

[31m[2m⎯⎯⎯⎯⎯⎯⎯⎯⎯⎯⎯⎯⎯⎯⎯⎯⎯⎯⎯⎯⎯⎯[17/99]⎯[22m[39m

[41m[1m FAIL [22m[49m test/interactive-mode-suspend.test.ts[2m > [22mInteractiveMode.handleCtrlZ[2m > [22mcleans up the temporary handlers if suspension fails
[31m[1mAssertionError[22m: expected a thrown error to be Error: suspend failed[39m

[32m- Expected[39m
[31m+ Received[39m

[32m- Error {[39m
[32m-   "message": "suspend failed",[39m
[31m+ TypeError {[39m
[31m+   "message": "this.showStatus is not a function",[39m
[2m  }[22m

[36m [2m❯[22m test/interactive-mode-suspend.test.ts:[2m141:42[22m[39m
    [90m139| [39m  })[33m;[39m
    [90m140| [39m
    [90m141| [39m  [34mexpect[39m(() [33m=>[39m [34mcallHandleCtrlZ[39m(context))[33m.[39m[34mtoThrow[39m(suspendError)[33m;[39m
    [90m   | [39m                                         [31m^[39m
    [90m142| [39m  [34mexpect[39m(ui[33m.[39mstop)[33m.[39m[34mtoHaveBeenCalledTimes[39m([34m1[39m)[33m;[39m
    [90m143| [39m  [34mexpect[39m(setIntervalSpy)[33m.[39m[34mtoHaveBeenCalledTimes[39m([34m1[39m)[33m;[39m

[31m[2m⎯⎯⎯⎯⎯⎯⎯⎯⎯⎯⎯⎯⎯⎯⎯⎯⎯⎯⎯⎯⎯⎯[18/99]⎯[22m[39m

[41m[1m FAIL [22m[49m test/oauth-selector.test.ts[2m > [22mOAuthSelectorComponent[2m > [22mkeeps built-in API key providers separate from OAuth-only providers
[31m[1mAssertionError[22m: expected false to be true // Object.is equality[39m

[32m- Expected[39m
[31m+ Received[39m

[32m- true[39m
[31m+ false[39m

[36m [2m❯[22m test/oauth-selector.test.ts:[2m34:84[22m[39m
    [90m 32| [39m  const builtInProviderIds = new Set(["anthropic", "github-copilot", "…
    [90m 33| [39m
    [90m 34| [39m  expect(isApiKeyLoginProvider("anthropic", oauthProviderIds, builtInP…
    [90m   | [39m                                                                                   [31m^[39m
    [90m 35| [39m  [34mexpect[39m([33mBUILT_IN_PROVIDER_DISPLAY_NAMES[39m[33m.[39manthropic)[33m.[39m[34mtoBe[39m([32m"Anthropic"[39m)[33m;[39m
    [90m 36| [39m  expect(isApiKeyLoginProvider("openai", oauthProviderIds, builtInProv…

[31m[2m⎯⎯⎯⎯⎯⎯⎯⎯⎯⎯⎯⎯⎯⎯⎯⎯⎯⎯⎯⎯⎯⎯[19/99]⎯[22m[39m

[41m[1m FAIL [22m[49m test/oauth-selector.test.ts[2m > [22mOAuthSelectorComponent[2m > [22mshows stored OAuth auth distinctly in the API key selector
[31m[1mAssertionError[22m: expected '━━━━━━━━━━━━━━━━━━━━━━━━━━━━━━━━━━━━━…' to contain 'subscription configured'[39m

[32m- Expected[39m
[31m+ Received[39m

[32m- subscription configured[39m
[31m+ ━━━━━━━━━━━━━━━━━━━━━━━━━━━━━━━━━━━━━━━━━━━━━━━━━━━━━━━━━━━━━━━━━━━━━━━━━━━━━━━━━━━━━━━━━━━━━━━━━━━━━━━━━━━━━━━━━━━━━━━━[39m
[31m+  [39m
[31m+  Yapılandırmak için sağlayıcı seçin:                                                                                    [39m
[31m+  [39m
[31m+ >                                                                                                                       [39m
[31m+  [39m
[31m+  → Anthropic • abonelik yapılandırıldı                                                                                  [39m
[31m+  [39m
[31m+ ━━━━━━━━━━━━━━━━━━━━━━━━━━━━━━━━━━━━━━━━━━━━━━━━━━━━━━━━━━━━━━━━━━━━━━━━━━━━━━━━━━━━━━━━━━━━━━━━━━━━━━━━━━━━━━━━━━━━━━━━[39m

[36m [2m❯[22m test/oauth-selector.test.ts:[2m63:18[22m[39m
    [90m 61| [39m
    [90m 62| [39m  [34mexpect[39m(output)[33m.[39m[34mtoContain[39m([32m"Anthropic"[39m)[33m;[39m
    [90m 63| [39m  [34mexpect[39m(output)[33m.[39m[34mtoContain[39m([32m"subscription configured"[39m)[33m;[39m
    [90m   | [39m                 [31m^[39m
    [90m 64| [39m })[33m;[39m
    [90m 65| [39m

[31m[2m⎯⎯⎯⎯⎯⎯⎯⎯⎯⎯⎯⎯⎯⎯⎯⎯⎯⎯⎯⎯⎯⎯[20/99]⎯[22m[39m

[41m[1m FAIL [22m[49m test/oauth-selector.test.ts[2m > [22mOAuthSelectorComponent[2m > [22mshows environment API key auth as configured
[31m[1mAssertionError[22m: expected '━━━━━━━━━━━━━━━━━━━━━━━━━━━━━━━━━━━━━…' to contain '✓ env: OpenAI_API_KEY'[39m

[32m- Expected[39m
[31m+ Received[39m

[32m- ✓ env: OpenAI_API_KEY[39m
[31m+ ━━━━━━━━━━━━━━━━━━━━━━━━━━━━━━━━━━━━━━━━━━━━━━━━━━━━━━━━━━━━━━━━━━━━━━━━━━━━━━━━━━━━━━━━━━━━━━━━━━━━━━━━━━━━━━━━━━━━━━━━[39m
[31m+  [39m
[31m+  Yapılandırmak için sağlayıcı seçin:                                                                                    [39m
[31m+  [39m
[31m+ >                                                                                                                       [39m
[31m+  [39m
[31m+  → OpenAI ✓ ortam: OpenAI_API_KEY                                                                                       [39m
[31m+  [39m
[31m+ ━━━━━━━━━━━━━━━━━━━━━━━━━━━━━━━━━━━━━━━━━━━━━━━━━━━━━━━━━━━━━━━━━━━━━━━━━━━━━━━━━━━━━━━━━━━━━━━━━━━━━━━━━━━━━━━━━━━━━━━━[39m

[36m [2m❯[22m test/oauth-selector.test.ts:[2m80:18[22m[39m
    [90m 78| [39m
    [90m 79| [39m  [34mexpect[39m(output)[33m.[39m[34mtoContain[39m([32m"OpenAI"[39m)[33m;[39m
    [90m 80| [39m  [34mexpect[39m(output)[33m.[39m[34mtoContain[39m([32m"✓ env: OpenAI_API_KEY"[39m)[33m;[39m
    [90m   | [39m                 [31m^[39m
    [90m 81| [39m  [34mexpect[39m(output)[33m.[39mnot[33m.[39m[34mtoContain[39m([32m"unconfigured"[39m)[33m;[39m
    [90m 82| [39m })[33m;[39m

[31m[2m⎯⎯⎯⎯⎯⎯⎯⎯⎯⎯⎯⎯⎯⎯⎯⎯⎯⎯⎯⎯⎯⎯[21/99]⎯[22m[39m

[41m[1m FAIL [22m[49m test/oauth-selector.test.ts[2m > [22mOAuthSelectorComponent[2m > [22mshows custom provider environment API key auth from status resolver
[31m[1mAssertionError[22m: expected '━━━━━━━━━━━━━━━━━━━━━━━━━━━━━━━━━━━━━…' to contain '✓ env: OLLAMA_API_KEY'[39m

[32m- Expected[39m
[31m+ Received[39m

[32m- ✓ env: OLLAMA_API_KEY[39m
[31m+ ━━━━━━━━━━━━━━━━━━━━━━━━━━━━━━━━━━━━━━━━━━━━━━━━━━━━━━━━━━━━━━━━━━━━━━━━━━━━━━━━━━━━━━━━━━━━━━━━━━━━━━━━━━━━━━━━━━━━━━━━[39m
[31m+  [39m
[31m+  Yapılandırmak için sağlayıcı seçin:                                                                                    [39m
[31m+  [39m
[31m+ >                                                                                                                       [39m
[31m+  [39m
[31m+  → ollama ✓ ortam: OLLAMA_API_KEY                                                                                       [39m
[31m+  [39m
[31m+ ━━━━━━━━━━━━━━━━━━━━━━━━━━━━━━━━━━━━━━━━━━━━━━━━━━━━━━━━━━━━━━━━━━━━━━━━━━━━━━━━━━━━━━━━━━━━━━━━━━━━━━━━━━━━━━━━━━━━━━━━[39m

[36m [2m❯[22m test/oauth-selector.test.ts:[2m98:18[22m[39m
    [90m 96| [39m
    [90m 97| [39m  [34mexpect[39m(output)[33m.[39m[34mtoContain[39m([32m"ollama"[39m)[33m;[39m
    [90m 98| [39m  [34mexpect[39m(output)[33m.[39m[34mtoContain[39m([32m"✓ env: OLLAMA_API_KEY"[39m)[33m;[39m
    [90m   | [39m                 [31m^[39m
    [90m 99| [39m  [34mexpect[39m(output)[33m.[39mnot[33m.[39m[34mtoContain[39m([32m"unconfigured"[39m)[33m;[39m
    [90m100| [39m })[33m;[39m

[31m[2m⎯⎯⎯⎯⎯⎯⎯⎯⎯⎯⎯⎯⎯⎯⎯⎯⎯⎯⎯⎯⎯⎯[22/99]⎯[22m[39m

[41m[1m FAIL [22m[49m test/oauth-selector.test.ts[2m > [22mOAuthSelectorComponent[2m > [22mshows models.json API key auth as configured
[31m[1mAssertionError[22m: expected '━━━━━━━━━━━━━━━━━━━━━━━━━━━━━━━━━━━━━…' to contain '✓ key in models.json'[39m

[32m- Expected[39m
[31m+ Received[39m

[32m- ✓ key in models.json[39m
[31m+ ━━━━━━━━━━━━━━━━━━━━━━━━━━━━━━━━━━━━━━━━━━━━━━━━━━━━━━━━━━━━━━━━━━━━━━━━━━━━━━━━━━━━━━━━━━━━━━━━━━━━━━━━━━━━━━━━━━━━━━━━[39m
[31m+  [39m
[31m+  Yapılandırmak için sağlayıcı seçin:                                                                                    [39m
[31m+  [39m
[31m+ >                                                                                                                       [39m
[31m+  [39m
[31m+  → local-proxy ✓ models.json'daki anahtar                                                                               [39m
[31m+  [39m
[31m+ ━━━━━━━━━━━━━━━━━━━━━━━━━━━━━━━━━━━━━━━━━━━━━━━━━━━━━━━━━━━━━━━━━━━━━━━━━━━━━━━━━━━━━━━━━━━━━━━━━━━━━━━━━━━━━━━━━━━━━━━━[39m

[36m [2m❯[22m test/oauth-selector.test.ts:[2m116:18[22m[39m
    [90m114| [39m
    [90m115| [39m  [34mexpect[39m(output)[33m.[39m[34mtoContain[39m([32m"local-proxy"[39m)[33m;[39m
    [90m116| [39m  [34mexpect[39m(output)[33m.[39m[34mtoContain[39m([32m"✓ key in models.json"[39m)[33m;[39m
    [90m   | [39m                 [31m^[39m
    [90m117| [39m  [34mexpect[39m(output)[33m.[39mnot[33m.[39m[34mtoContain[39m([32m"unconfigured"[39m)[33m;[39m
    [90m118| [39m })[33m;[39m

[31m[2m⎯⎯⎯⎯⎯⎯⎯⎯⎯⎯⎯⎯⎯⎯⎯⎯⎯⎯⎯⎯⎯⎯[23/99]⎯[22m[39m

[41m[1m FAIL [22m[49m test/oauth-selector.test.ts[2m > [22mOAuthSelectorComponent[2m > [22mshows models.json command auth as configured
[31m[1mAssertionError[22m: expected '━━━━━━━━━━━━━━━━━━━━━━━━━━━━━━━━━━━━━…' to contain '✓ command in models.json'[39m

[32m- Expected[39m
[31m+ Received[39m

[32m- ✓ command in models.json[39m
[31m+ ━━━━━━━━━━━━━━━━━━━━━━━━━━━━━━━━━━━━━━━━━━━━━━━━━━━━━━━━━━━━━━━━━━━━━━━━━━━━━━━━━━━━━━━━━━━━━━━━━━━━━━━━━━━━━━━━━━━━━━━━[39m
[31m+  [39m
[31m+  Yapılandırmak için sağlayıcı seçin:                                                                                    [39m
[31m+  [39m
[31m+ >                                                                                                                       [39m
[31m+  [39m
[31m+  → op-proxy ✓ models.json'daki komut                                                                                    [39m
[31m+  [39m
[31m+ ━━━━━━━━━━━━━━━━━━━━━━━━━━━━━━━━━━━━━━━━━━━━━━━━━━━━━━━━━━━━━━━━━━━━━━━━━━━━━━━━━━━━━━━━━━━━━━━━━━━━━━━━━━━━━━━━━━━━━━━━[39m

[36m [2m❯[22m test/oauth-selector.test.ts:[2m134:18[22m[39m
    [90m132| [39m
    [90m133| [39m  [34mexpect[39m(output)[33m.[39m[34mtoContain[39m([32m"op-proxy"[39m)[33m;[39m
    [90m134| [39m  [34mexpect[39m(output)[33m.[39m[34mtoContain[39m([32m"✓ command in models.json"[39m)[33m;[39m
    [90m   | [39m                 [31m^[39m
    [90m135| [39m  [34mexpect[39m(output)[33m.[39mnot[33m.[39m[34mtoContain[39m([32m"unconfigured"[39m)[33m;[39m
    [90m136| [39m })[33m;[39m

[31m[2m⎯⎯⎯⎯⎯⎯⎯⎯⎯⎯⎯⎯⎯⎯⎯⎯⎯⎯⎯⎯⎯⎯[24/99]⎯[22m[39m

[41m[1m FAIL [22m[49m test/package-command-paths.test.ts[2m > [22mpackage commands[2m > [22mshows install subcommand help
[31m[1mAssertionError[22m: expected 'Kullanım:\n  MoonCode install <source…' to contain 'Moon install <source> [-l]'[39m

[32m- Expected[39m
[31m+ Received[39m

[32m- [7mMoon[27m install <source> [-l][39m
[31m+ Kullanım:[39m
[31m+ [7m  MoonCode[27m install <source> [-l][39m
[31m+[39m
[31m+ Bir paket yükle ve ayarlara ekle.[39m
[31m+[39m
[31m+ Seçenekler:[39m
[31m+   -l, --local    Projeye özel yükle (.mooncode/settings.json)[39m
[31m+[39m
[31m+ Örnekler:[39m
[31m+   MoonCode install npm:@foo/bar[39m
[31m+   MoonCode install git:github.com/user/repo[39m
[31m+   MoonCode install git:git@github.com:user/repo[39m
[31m+   MoonCode install https://github.com/user/repo[39m
[31m+   MoonCode install ssh://git@github.com/user/repo[39m
[31m+   MoonCode install ./yerel/yol[39m
[31m+[39m

[36m [2m❯[22m test/package-command-paths.test.ts:[2m91:19[22m[39m
    [90m 89| [39m   const stdout = logSpy.mock.calls.map(([message]) => String(message)…
    [90m 90| [39m   [34mexpect[39m(stdout)[33m.[39m[34mtoContain[39m([32m"Kullanım:"[39m)[33m;[39m
    [90m 91| [39m   [34mexpect[39m(stdout)[33m.[39m[34mtoContain[39m([32m`[39m[36m${[39m[32m"Moon"[39m[36m}[39m[32m install <source> [-l]`[39m)[33m;[39m
    [90m   | [39m                  [31m^[39m
    [90m 92| [39m   [34mexpect[39m(errorSpy)[33m.[39mnot[33m.[39m[34mtoHaveBeenCalled[39m()[33m;[39m
    [90m 93| [39m   [34mexpect[39m(process[33m.[39mexitCode)[33m.[39m[34mtoBeUndefined[39m()[33m;[39m

[31m[2m⎯⎯⎯⎯⎯⎯⎯⎯⎯⎯⎯⎯⎯⎯⎯⎯⎯⎯⎯⎯⎯⎯[25/99]⎯[22m[39m

[41m[1m FAIL [22m[49m test/package-command-paths.test.ts[2m > [22mpackage commands[2m > [22mshows a friendly error for unknown install options
[31m[1mAssertionError[22m: expected '"install" için bilinmeyen seçenek: --…' to contain '"Moon --help" veya "Moon install <sou…'[39m

[32m- Expected[39m
[31m+ Received[39m

[32m- "[7mMoon[27m --help" veya "Moon install <source> [-l]"[39m
[31m+ "[7minstall" için bilinmeyen seçenek: --unknown.[27m[39m
[31m+ [7m"MoonCode[27m --help" veya "Moon[7mCode[27m install <source> [-l]"[7m komutunu kullanın.[27m[39m

[36m [2m❯[22m test/package-command-paths.test.ts:[2m108:19[22m[39m
    [90m106| [39m   const stderr = errorSpy.mock.calls.map(([message]) => String(messag…
    [90m107| [39m   expect(stderr).toContain('"install" için bilinmeyen seçenek: --unkn…
    [90m108| [39m   expect(stderr).toContain('"Moon --help" veya "Moon install <source>…
    [90m   | [39m                  [31m^[39m
    [90m109| [39m   [34mexpect[39m(process[33m.[39mexitCode)[33m.[39m[34mtoBe[39m([34m1[39m)[33m;[39m
    [90m110| [39m  } [35mfinally[39m {

[31m[2m⎯⎯⎯⎯⎯⎯⎯⎯⎯⎯⎯⎯⎯⎯⎯⎯⎯⎯⎯⎯⎯⎯[26/99]⎯[22m[39m

[41m[1m FAIL [22m[49m test/package-command-paths.test.ts[2m > [22mpackage commands[2m > [22mshows a friendly error for missing install source
[31m[1mAssertionError[22m: expected 'install kaynağı eksik.\nKullanım: Moo…' to contain 'Kullanım: Moon install <source> [-l]'[39m

[32m- Expected[39m
[31m+ Received[39m

[32m- Kullanım: Moon install <source> [-l][39m
[31m+ install kaynağı eksik.[39m
[31m+ Kullanım: Moon[7mCode[27m install <source> [-l][39m

[36m [2m❯[22m test/package-command-paths.test.ts:[2m123:19[22m[39m
    [90m121| [39m   const stderr = errorSpy.mock.calls.map(([message]) => String(messag…
    [90m122| [39m   [34mexpect[39m(stderr)[33m.[39m[34mtoContain[39m([32m"install kaynağı eksik."[39m)[33m;[39m
    [90m123| [39m   [34mexpect[39m(stderr)[33m.[39m[34mtoContain[39m([32m"Kullanım: Moon install <source> [-l]"[39m)[33m;[39m
    [90m   | [39m                  [31m^[39m
    [90m124| [39m   [34mexpect[39m(stderr)[33m.[39mnot[33m.[39m[34mtoContain[39m([32m"at "[39m)[33m;[39m
    [90m125| [39m   [34mexpect[39m(process[33m.[39mexitCode)[33m.[39m[34mtoBe[39m([34m1[39m)[33m;[39m

[31m[2m⎯⎯⎯⎯⎯⎯⎯⎯⎯⎯⎯⎯⎯⎯⎯⎯⎯⎯⎯⎯⎯⎯[27/99]⎯[22m[39m

[41m[1m FAIL [22m[49m test/package-manager.test.ts[2m > [22mDefaultPackageManager[2m > [22mresolve[2m > [22mshould resolve project paths relative to .Mooncli
[31m[1mAssertionError[22m: expected false to be true // Object.is equality[39m

[32m- Expected[39m
[31m+ Received[39m

[32m- true[39m
[31m+ false[39m

[36m [2m❯[22m test/package-manager.test.ts:[2m147:75[22m[39m
    [90m145| [39m
    [90m146| [39m   [35mconst[39m result [33m=[39m [35mawait[39m packageManager[33m.[39m[34mresolve[39m()[33m;[39m
    [90m147| [39m   expect(result.extensions.some((r) => r.path === extPath && r.enable…
    [90m   | [39m                                                                          [31m^[39m
    [90m148| [39m  })[33m;[39m
    [90m149| [39m

[31m[2m⎯⎯⎯⎯⎯⎯⎯⎯⎯⎯⎯⎯⎯⎯⎯⎯⎯⎯⎯⎯⎯⎯[28/99]⎯[22m[39m

[41m[1m FAIL [22m[49m test/package-manager.test.ts[2m > [22mDefaultPackageManager[2m > [22mresolve[2m > [22mshould resolve symlinked user and project resources once
[31m[1mAssertionError[22m: expected 'user' to be 'project' // Object.is equality[39m

Expected: [32m"project"[39m
Received: [31m"user"[39m

[36m [2m❯[22m test/package-manager.test.ts:[2m218:49[22m[39m
    [90m216| [39m    // Project auto-discovered has higher precedence than user auto-di…
    [90m217| [39m    [90m// so the surviving entry should be scoped to project.[39m
    [90m218| [39m    [34mexpect[39m(result[33m.[39mextensions[[34m0[39m][33m.[39mmetadata[33m.[39mscope)[33m.[39m[34mtoBe[39m([32m"project"[39m)[33m;[39m
    [90m   | [39m                                                [31m^[39m
    [90m219| [39m    [34mexpect[39m(result[33m.[39mskills[[34m0[39m][33m.[39mmetadata[33m.[39mscope)[33m.[39m[34mtoBe[39m([32m"project"[39m)[33m;[39m
    [90m220| [39m    [34mexpect[39m(result[33m.[39mprompts[[34m0[39m][33m.[39mmetadata[33m.[39mscope)[33m.[39m[34mtoBe[39m([32m"project"[39m)[33m;[39m

[31m[2m⎯⎯⎯⎯⎯⎯⎯⎯⎯⎯⎯⎯⎯⎯⎯⎯⎯⎯⎯⎯⎯⎯[29/99]⎯[22m[39m

[41m[1m FAIL [22m[49m test/package-manager.test.ts[2m > [22mDefaultPackageManager[2m > [22mresolve[2m > [22mshould auto-discover project prompts with overrides
[31m[1mAssertionError[22m: expected false to be true // Object.is equality[39m

[32m- Expected[39m
[31m+ Received[39m

[32m- true[39m
[31m+ false[39m

[36m [2m❯[22m test/package-manager.test.ts:[2m240:76[22m[39m
    [90m238| [39m
    [90m239| [39m   [35mconst[39m result [33m=[39m [35mawait[39m packageManager[33m.[39m[34mresolve[39m()[33m;[39m
    [90m240| [39m   expect(result.prompts.some((r) => r.path === promptPath && !r.enabl…
    [90m   | [39m                                                                           [31m^[39m
    [90m241| [39m  })[33m;[39m
    [90m242| [39m

[31m[2m⎯⎯⎯⎯⎯⎯⎯⎯⎯⎯⎯⎯⎯⎯⎯⎯⎯⎯⎯⎯⎯⎯[30/99]⎯[22m[39m

[41m[1m FAIL [22m[49m test/package-manager.test.ts[2m > [22mDefaultPackageManager[2m > [22mignore files[2m > [22mshould not apply parent .gitignore to .Mooncli auto-discovery
[31m[1mAssertionError[22m: expected false to be true // Object.is equality[39m

[32m- Expected[39m
[31m+ Received[39m

[32m- true[39m
[31m+ false[39m

[36m [2m❯[22m test/package-manager.test.ts:[2m449:73[22m[39m
    [90m447| [39m
    [90m448| [39m   [35mconst[39m result [33m=[39m [35mawait[39m packageManager[33m.[39m[34mresolve[39m()[33m;[39m
    [90m449| [39m   expect(result.skills.some((r) => r.path === skillPath && r.enabled)…
    [90m   | [39m                                                                        [31m^[39m
    [90m450| [39m  })[33m;[39m
    [90m451| [39m })[33m;[39m

[31m[2m⎯⎯⎯⎯⎯⎯⎯⎯⎯⎯⎯⎯⎯⎯⎯⎯⎯⎯⎯⎯⎯⎯[31/99]⎯[22m[39m

[41m[1m FAIL [22m[49m test/package-manager.test.ts[2m > [22mDefaultPackageManager[2m > [22mnpmCommand[2m > [22mshould update git package dependencies with --omit=dev
[31m[1mAssertionError[22m: expected "runCommand" to be called with arguments: [ 'npm', …(2) ][90m

Received: 

[1m  1st runCommand call:

[22m[2m  [[22m
[32m-   "npm",[90m
[31m+   "git",[90m
[2m    [[22m
[32m-     "install",[90m
[32m-     "--omit=dev",[90m
[31m+     "clone",[90m
[31m+     "https://github.com/user/repo",[90m
[31m+     "C:\\Users\\ozenc\\AppData\\Local\\Temp\\pm-test-1781214103145-dbn4y4tb7cp\\.mooncode\\git\\github.com\\user\\repo",[90m
[2m    ],[22m
[32m-   {[90m
[32m-     "cwd": "C:\\Users\\ozenc\\AppData\\Local\\Temp\\pm-test-1781214103145-dbn4y4tb7cp\\.Mooncli\\git\\github.com\\user\\repo",[90m
[32m-   },[90m
[2m  ][22m
[31m[90m

Number of calls: [1m1[22m
[31m[39m
[36m [2m❯[22m test/package-manager.test.ts:[2m635:26[22m[39m
    [90m633| [39m   [35mawait[39m packageManager[33m.[39m[34mupdate[39m(source)[33m;[39m
    [90m634| [39m
    [90m635| [39m   expect(runCommandSpy).toHaveBeenCalledWith("npm", ["install", "--om…
    [90m   | [39m                         [31m^[39m
    [90m636| [39m  })[33m;[39m
    [90m637| [39m

[31m[2m⎯⎯⎯⎯⎯⎯⎯⎯⎯⎯⎯⎯⎯⎯⎯⎯⎯⎯⎯⎯⎯⎯[32/99]⎯[22m[39m

[41m[1m FAIL [22m[49m test/package-manager.test.ts[2m > [22mDefaultPackageManager[2m > [22mnpmCommand[2m > [22mshould use plain install through npmCommand argv when updating git package dependencies
[31m[1mAssertionError[22m: expected "runCommand" to be called with arguments: [ 'mise', …(2) ][90m

Received: 

[1m  1st runCommand call:

[22m[2m  [[22m
[32m-   "mise",[90m
[31m+   "git",[90m
[2m    [[22m
[32m-     "exec",[90m
[32m-     "node@20",[90m
[32m-     "--",[90m
[32m-     "pnpm",[90m
[32m-     "install",[90m
[31m+     "clone",[90m
[31m+     "https://github.com/user/repo",[90m
[31m+     "C:\\Users\\ozenc\\AppData\\Local\\Temp\\pm-test-1781214103152-50fu2w5efnk\\.mooncode\\git\\github.com\\user\\repo",[90m
[2m    ],[22m
[32m-   {[90m
[32m-     "cwd": "C:\\Users\\ozenc\\AppData\\Local\\Temp\\pm-test-1781214103152-50fu2w5efnk\\.Mooncli\\git\\github.com\\user\\repo",[90m
[32m-   },[90m
[2m  ][22m
[31m[90m

Number of calls: [1m1[22m
[31m[39m
[36m [2m❯[22m test/package-manager.test.ts:[2m671:26[22m[39m
    [90m669| [39m   [35mawait[39m packageManager[33m.[39m[34mupdate[39m(source)[33m;[39m
    [90m670| [39m
    [90m671| [39m   expect(runCommandSpy).toHaveBeenCalledWith("mise", ["exec", "node@2…
    [90m   | [39m                         [31m^[39m
    [90m672| [39m    cwd[33m:[39m targetDir[33m,[39m
    [90m673| [39m   })[33m;[39m

[31m[2m⎯⎯⎯⎯⎯⎯⎯⎯⎯⎯⎯⎯⎯⎯⎯⎯⎯⎯⎯⎯⎯⎯[33/99]⎯[22m[39m

[41m[1m FAIL [22m[49m test/package-manager.test.ts[2m > [22mDefaultPackageManager[2m > [22moffline mode and network timeouts[2m > [22mshould update project npm packages using @latest when newer version is available
[31m[1mAssertionError[22m: expected "runCommandCapture" to be called with arguments: [ 'npm', …(2) ][90m

Number of calls: [1m0[22m
[31m[39m
[36m [2m❯[22m test/package-manager.test.ts:[2m1615:33[22m[39m
    [90m1613| [39m   [35mawait[39m packageManager[33m.[39m[34mupdate[39m([32m"npm:example"[39m)[33m;[39m
    [90m1614| [39m
    [90m1615| [39m   [34mexpect[39m(runCommandCaptureSpy)[33m.[39m[34mtoHaveBeenCalledWith[39m(
    [90m   | [39m                                [31m^[39m
    [90m1616| [39m    [32m"npm"[39m[33m,[39m
    [90m1617| [39m    [[32m"view"[39m[33m,[39m [32m"example"[39m[33m,[39m [32m"version"[39m[33m,[39m [32m"--json"[39m][33m,[39m

[31m[2m⎯⎯⎯⎯⎯⎯⎯⎯⎯⎯⎯⎯⎯⎯⎯⎯⎯⎯⎯⎯⎯⎯[34/99]⎯[22m[39m

[41m[1m FAIL [22m[49m test/package-manager.test.ts[2m > [22mDefaultPackageManager[2m > [22moffline mode and network timeouts[2m > [22mshould skip project npm update when installed version matches latest
[31m[1mAssertionError[22m: expected "runCommandCapture" to be called with arguments: [ 'npm', …(2) ][90m

Number of calls: [1m0[22m
[31m[39m
[36m [2m❯[22m test/package-manager.test.ts:[2m1638:33[22m[39m
    [90m1636| [39m   [35mawait[39m packageManager[33m.[39m[34mupdate[39m([32m"npm:example"[39m)[33m;[39m
    [90m1637| [39m
    [90m1638| [39m   [34mexpect[39m(runCommandCaptureSpy)[33m.[39m[34mtoHaveBeenCalledWith[39m(
    [90m   | [39m                                [31m^[39m
    [90m1639| [39m    [32m"npm"[39m[33m,[39m
    [90m1640| [39m    [[32m"view"[39m[33m,[39m [32m"example"[39m[33m,[39m [32m"version"[39m[33m,[39m [32m"--json"[39m][33m,[39m

[31m[2m⎯⎯⎯⎯⎯⎯⎯⎯⎯⎯⎯⎯⎯⎯⎯⎯⎯⎯⎯⎯⎯⎯[35/99]⎯[22m[39m

[41m[1m FAIL [22m[49m test/package-manager.test.ts[2m > [22mDefaultPackageManager[2m > [22moffline mode and network timeouts[2m > [22mshould batch npm updates per scope and run git updates in parallel while skipping pinned and current packages
[31m[1mAssertionError[22m: expected "runCommandCapture" to be called 5 times, but got 3 times[39m
[36m [2m❯[22m test/package-manager.test.ts:[2m1736:33[22m[39m
    [90m1734| [39m   [35mawait[39m packageManager[33m.[39m[34mupdate[39m()[33m;[39m
    [90m1735| [39m
    [90m1736| [39m   [34mexpect[39m(runCommandCaptureSpy)[33m.[39m[34mtoHaveBeenCalledTimes[39m([34m5[39m)[33m;[39m
    [90m   | [39m                                [31m^[39m
    [90m1737| [39m   [34mexpect[39m(runCommandSpy)[33m.[39m[34mtoHaveBeenCalledTimes[39m([34m2[39m)[33m;[39m
    [90m1738| [39m   [34mexpect[39m(runCommandSpy)[33m.[39m[34mtoHaveBeenNthCalledWith[39m(

[31m[2m⎯⎯⎯⎯⎯⎯⎯⎯⎯⎯⎯⎯⎯⎯⎯⎯⎯⎯⎯⎯⎯⎯[36/99]⎯[22m[39m

[41m[1m FAIL [22m[49m test/package-manager.test.ts[2m > [22mDefaultPackageManager[2m > [22moffline mode and network timeouts[2m > [22mshould not run npm view during resolve for installed unpinned packages
[31m[1mAssertionError[22m: expected false to be true // Object.is equality[39m

[32m- Expected[39m
[31m+ Received[39m

[32m- true[39m
[31m+ false[39m

[36m [2m❯[22m test/package-manager.test.ts:[2m1809:100[22m[39m
    [90m1807| [39m
    [90m1808| [39m   [35mconst[39m result [33m=[39m [35mawait[39m packageManager[33m.[39m[34mresolve[39m()[33m;[39m
    [90m1809| [39m   expect(result.extensions.some((r) => pathEndsWith(r.path, "extensio…
    [90m   | [39m                                                                                                   [31m^[39m
    [90m1810| [39m   [34mexpect[39m(runCommandCaptureSpy)[33m.[39mnot[33m.[39m[34mtoHaveBeenCalled[39m()[33m;[39m
    [90m1811| [39m  })[33m;[39m

[31m[2m⎯⎯⎯⎯⎯⎯⎯⎯⎯⎯⎯⎯⎯⎯⎯⎯⎯⎯⎯⎯⎯⎯[37/99]⎯[22m[39m

[41m[1m FAIL [22m[49m test/package-manager.test.ts[2m > [22mDefaultPackageManager[2m > [22moffline mode and network timeouts[2m > [22mshould report updates for installed unpinned npm packages
[31m[1mAssertionError[22m: expected [] to deeply equal [ { source: 'npm:example', …(3) } ][39m

[32m- Expected[39m
[31m+ Received[39m

[32m- [[39m
[32m-   {[39m
[32m-     "displayName": "example",[39m
[32m-     "scope": "project",[39m
[32m-     "source": "npm:example",[39m
[32m-     "type": "npm",[39m
[32m-   },[39m
[32m- ][39m
[31m+ [][39m

[36m [2m❯[22m test/package-manager.test.ts:[2m1845:20[22m[39m
    [90m1843| [39m
    [90m1844| [39m   [35mconst[39m updates [33m=[39m [35mawait[39m packageManager[33m.[39m[34mcheckForAvailableUpdates[39m()[33m;[39m
    [90m1845| [39m   [34mexpect[39m(updates)[33m.[39m[34mtoEqual[39m([
    [90m   | [39m                   [31m^[39m
    [90m1846| [39m    {
    [90m1847| [39m     source[33m:[39m [32m"npm:example"[39m[33m,[39m

[31m[2m⎯⎯⎯⎯⎯⎯⎯⎯⎯⎯⎯⎯⎯⎯⎯⎯⎯⎯⎯⎯⎯⎯[38/99]⎯[22m[39m

[41m[1m FAIL [22m[49m test/paths.test.ts[2m > [22mcanonicalizePath[2m > [22mresolves symlinks to their targets
[31m[1mError[22m: EPERM: operation not permitted, symlink 'C:\Users\ozenc\AppData\Local\Temp\Mooncli-paths-4E7HpX\target.txt' -> 'C:\Users\ozenc\AppData\Local\Temp\Mooncli-paths-4E7HpX\link.txt'[39m
[36m [2m❯[22m test/paths.test.ts:[2m34:3[22m[39m
    [90m 32| [39m  [35mconst[39m link [33m=[39m [34mjoin[39m(dir[33m,[39m [32m"link.txt"[39m)[33m;[39m
    [90m 33| [39m  [34mwriteFileSync[39m(target[33m,[39m [32m"hello"[39m)[33m;[39m
    [90m 34| [39m  [34msymlinkSync[39m(target[33m,[39m link)[33m;[39m
    [90m   | [39m  [31m^[39m
    [90m 35| [39m  [34mexpect[39m([34mcanonicalizePath[39m(link))[33m.[39m[34mtoBe[39m([34mrealpathSync[39m(target))[33m;[39m
    [90m 36| [39m })[33m;[39m

[31m[2m⎯⎯⎯⎯⎯⎯⎯⎯⎯⎯⎯⎯⎯⎯⎯⎯⎯⎯⎯⎯⎯⎯[39/99]⎯[22m[39m

[41m[1m FAIL [22m[49m test/paths.test.ts[2m > [22mcanonicalizePath[2m > [22mresolves directory symlinks
[31m[1mError[22m: EPERM: operation not permitted, symlink 'C:\Users\ozenc\AppData\Local\Temp\Mooncli-paths-nofD5A\target-dir' -> 'C:\Users\ozenc\AppData\Local\Temp\Mooncli-paths-nofD5A\link-dir'[39m
[36m [2m❯[22m test/paths.test.ts:[2m43:3[22m[39m
    [90m 41| [39m  [35mconst[39m linkDir [33m=[39m [34mjoin[39m(dir[33m,[39m [32m"link-dir"[39m)[33m;[39m
    [90m 42| [39m  [34mmkdirSync[39m(targetDir)[33m;[39m
    [90m 43| [39m  [34msymlinkSync[39m(targetDir[33m,[39m linkDir[33m,[39m [32m"dir"[39m)[33m;[39m
    [90m   | [39m  [31m^[39m
    [90m 44| [39m  [34mexpect[39m([34mcanonicalizePath[39m(linkDir))[33m.[39m[34mtoBe[39m([34mrealpathSync[39m(targetDir))[33m;[39m
    [90m 45| [39m })[33m;[39m

[31m[2m⎯⎯⎯⎯⎯⎯⎯⎯⎯⎯⎯⎯⎯⎯⎯⎯⎯⎯⎯⎯⎯⎯[40/99]⎯[22m[39m

[41m[1m FAIL [22m[49m test/paths.test.ts[2m > [22mcanonicalizePath[2m > [22mfalls back to the raw path for a dangling symlink
[31m[1mError[22m: EPERM: operation not permitted, symlink 'C:\Users\ozenc\AppData\Local\Temp\Mooncli-paths-QSYFW0\target.txt' -> 'C:\Users\ozenc\AppData\Local\Temp\Mooncli-paths-QSYFW0\link.txt'[39m
[36m [2m❯[22m test/paths.test.ts:[2m58:3[22m[39m
    [90m 56| [39m  [35mconst[39m link [33m=[39m [34mjoin[39m(dir[33m,[39m [32m"link.txt"[39m)[33m;[39m
    [90m 57| [39m  [90m// Create a symlink whose target does not exist.[39m
    [90m 58| [39m  [34msymlinkSync[39m(target[33m,[39m link)[33m;[39m
    [90m   | [39m  [31m^[39m
    [90m 59| [39m  // realpathSync would throw, so canonicalizePath returns the link pa…
    [90m 60| [39m  [34mexpect[39m([34mcanonicalizePath[39m(link))[33m.[39m[34mtoBe[39m(link)[33m;[39m

[31m[2m⎯⎯⎯⎯⎯⎯⎯⎯⎯⎯⎯⎯⎯⎯⎯⎯⎯⎯⎯⎯⎯⎯[41/99]⎯[22m[39m

[41m[1m FAIL [22m[49m test/resource-loader.test.ts[2m > [22mDefaultResourceLoader[2m > [22mreload[2m > [22mshould prefer project resources over user on name collisions
[31m[1mAssertionError[22m: expected 'C:\Users\ozenc\AppData\Local\Temp\rl-…' to be 'C:\Users\ozenc\AppData\Local\Temp\rl-…' // Object.is equality[39m

Expected: [32m"C:\Users\ozenc\AppData\Local\Temp\rl-test-1781214106904-vtyj5ha732\[7mproject\.Mooncli[27m\prompts\commit.md"[39m
Received: [31m"C:\Users\ozenc\AppData\Local\Temp\rl-test-1781214106904-vtyj5ha732\[7mengine[27m\prompts\commit.md"[39m

[36m [2m❯[22m test/resource-loader.test.ts:[2m150:29[22m[39m
    [90m148| [39m
    [90m149| [39m   const prompt = loader.getPrompts().prompts.find((p) => p.name === "…
    [90m150| [39m   [34mexpect[39m(prompt[33m?.[39mfilePath)[33m.[39m[34mtoBe[39m(projectPromptPath)[33m;[39m
    [90m   | [39m                            [31m^[39m
    [90m151| [39m
    [90m152| [39m   const skill = loader.getSkills().skills.find((s) => s.name === "col…

[31m[2m⎯⎯⎯⎯⎯⎯⎯⎯⎯⎯⎯⎯⎯⎯⎯⎯⎯⎯⎯⎯⎯⎯[42/99]⎯[22m[39m

[41m[1m FAIL [22m[49m test/resource-loader.test.ts[2m > [22mDefaultResourceLoader[2m > [22mreload[2m > [22mshould load symlinked user and project extensions once
[31m[1mError[22m: EPERM: operation not permitted, symlink 'C:\Users\ozenc\AppData\Local\Temp\rl-test-1781214106947-ngq5lz64q5\shared-extensions' -> 'C:\Users\ozenc\AppData\Local\Temp\rl-test-1781214106947-ngq5lz64q5\engine\extensions'[39m
[36m [2m❯[22m test/resource-loader.test.ts:[2m174:4[22m[39m
    [90m172| [39m   [34mmkdirSync[39m(engineDir[33m,[39m { recursive[33m:[39m [35mtrue[39m })[33m;[39m
    [90m173| [39m   [34mmkdirSync[39m([34mjoin[39m(cwd[33m,[39m [32m".Mooncli"[39m)[33m,[39m { recursive[33m:[39m [35mtrue[39m })[33m;[39m
    [90m174| [39m   [34msymlinkSync[39m(sharedExtDir[33m,[39m [34mjoin[39m(engineDir[33m,[39m [32m"extensions"[39m)[33m,[39m [32m"dir"[39m)[33m;[39m
    [90m   | [39m   [31m^[39m
    [90m175| [39m   symlinkSync(sharedExtDir, join(cwd, ".Mooncli", "extensions"), "dir…
    [90m176| [39m

[31m[2m⎯⎯⎯⎯⎯⎯⎯⎯⎯⎯⎯⎯⎯⎯⎯⎯⎯⎯⎯⎯⎯⎯[43/99]⎯[22m[39m

[41m[1m FAIL [22m[49m test/resource-loader.test.ts[2m > [22mDefaultResourceLoader[2m > [22mreload[2m > [22mshould keep both extensions loaded when command names collide
[31m[1mAssertionError[22m: expected [ { …(9) } ] to have a length of 2 but got 1[39m

[32m- Expected[39m
[31m+ Received[39m

[32m- 2[39m
[31m+ 1[39m

[36m [2m❯[22m test/resource-loader.test.ts:[2m227:40[22m[39m
    [90m225| [39m
    [90m226| [39m   [35mconst[39m extensionsResult [33m=[39m loader[33m.[39m[34mgetExtensions[39m()[33m;[39m
    [90m227| [39m   [34mexpect[39m(extensionsResult[33m.[39mextensions)[33m.[39m[34mtoHaveLength[39m([34m2[39m)[33m;[39m
    [90m   | [39m                                       [31m^[39m
    [90m228| [39m   expect(extensionsResult.errors.some((e) => e.error.includes('Comman…
    [90m229| [39m

[31m[2m⎯⎯⎯⎯⎯⎯⎯⎯⎯⎯⎯⎯⎯⎯⎯⎯⎯⎯⎯⎯⎯⎯[44/99]⎯[22m[39m

[41m[1m FAIL [22m[49m test/resource-loader.test.ts[2m > [22mDefaultResourceLoader[2m > [22mreload[2m > [22mshould discover SYSTEM.md from cwd/.Mooncli
[31m[1mAssertionError[22m: expected undefined to be 'You are a helpful assistant.' // Object.is equality[39m

[32m- Expected:[39m 
"You are a helpful assistant."

[31m+ Received:[39m 
undefined

[36m [2m❯[22m test/resource-loader.test.ts:[2m328:37[22m[39m
    [90m326| [39m   [35mawait[39m loader[33m.[39m[34mreload[39m()[33m;[39m
    [90m327| [39m
    [90m328| [39m   expect(loader.getSystemPrompt()).toBe("You are a helpful assistant.…
    [90m   | [39m                                    [31m^[39m
    [90m329| [39m  })[33m;[39m
    [90m330| [39m

[31m[2m⎯⎯⎯⎯⎯⎯⎯⎯⎯⎯⎯⎯⎯⎯⎯⎯⎯⎯⎯⎯⎯⎯[45/99]⎯[22m[39m

[41m[1m FAIL [22m[49m test/resource-loader.test.ts[2m > [22mDefaultResourceLoader[2m > [22mreload[2m > [22mshould discover APPEND_SYSTEM.md
[31m[1mAssertionError[22m: expected [] to include 'Additional instructions.'[39m
[36m [2m❯[22m test/resource-loader.test.ts:[2m339:43[22m[39m
    [90m337| [39m   [35mawait[39m loader[33m.[39m[34mreload[39m()[33m;[39m
    [90m338| [39m
    [90m339| [39m   expect(loader.getAppendSystemPrompt()).toContain("Additional instru…
    [90m   | [39m                                          [31m^[39m
    [90m340| [39m  })[33m;[39m
    [90m341| [39m })[33m;[39m

[31m[2m⎯⎯⎯⎯⎯⎯⎯⎯⎯⎯⎯⎯⎯⎯⎯⎯⎯⎯⎯⎯⎯⎯[46/99]⎯[22m[39m

[41m[1m FAIL [22m[49m test/rpc-prompt-response-semantics.test.ts[2m > [22mRPC prompt response semantics[2m > [22memits one failure response when prompt preflight rejects
[31m[1mAssertionError[22m: expected { id: 'b1', type: 'response', …(3) } to match object { id: 'b1', type: 'response', …(3) }[39m

[32m- Expected[39m
[31m+ Received[39m

[2m  {[22m
[2m    "command": "prompt",[22m
[32m-   "error": StringContaining "No API key found for fake-provider.[39m
[31m+   "error": "fake-provider icin API anahtari bulunamadi.[39m

[32m- Use /login to log into a provider via OAuth or API key. See:",[39m
[31m+ OAuth veya API anahtari ile bir saglayiciya giris yapmak icin /login kullanin. Bakiniz:[39m
[31m+   C:\\Users\\ozenc\\Desktop\\mooncode\\packages\\cli\\docs\\providers.md[39m
[31m+   C:\\Users\\ozenc\\Desktop\\mooncode\\packages\\cli\\docs\\models.md",[39m
[2m    "id": "b1",[22m
[2m    "success": false,[22m
[2m    "type": "response",[22m
[2m  }[22m

[36m [2m❯[22m test/rpc-prompt-response-semantics.test.ts:[2m209:26[22m[39m
    [90m207| [39m    [35mconst[39m responses [33m=[39m [34mgetPromptResponses[39m(rpcIo[33m.[39moutputLines[33m,[39m [32m"b1"[39m)[33m;[39m
    [90m208| [39m    [34mexpect[39m(responses)[33m.[39m[34mtoHaveLength[39m([34m1[39m)[33m;[39m
    [90m209| [39m    [34mexpect[39m(responses[[34m0[39m])[33m.[39m[34mtoMatchObject[39m({
    [90m   | [39m                         [31m^[39m
    [90m210| [39m     id[33m:[39m [32m"b1"[39m[33m,[39m
    [90m211| [39m     type[33m:[39m [32m"response"[39m[33m,[39m

[31m[2m⎯⎯⎯⎯⎯⎯⎯⎯⎯⎯⎯⎯⎯⎯⎯⎯⎯⎯⎯⎯⎯⎯[47/99]⎯[22m[39m

[41m[1m FAIL [22m[49m test/sdk-openrouter-attribution.test.ts[2m > [22mcreateEngineSession OpenRouter attribution headers[2m > [22madds default attribution headers for OpenRouter models
[31m[1mAssertionError[22m: expected 'https://github.com/theayzek01/MoonCode' to be 'https://Mooncli.dev' // Object.is equality[39m

Expected: [32m"https://[7mMooncli.[27mde[7mv[27m"[39m
Received: [31m"https://[7mgithub.com/theayzek01/MoonCo[27mde"[39m

[36m [2m❯[22m test/sdk-openrouter-attribution.test.ts:[2m143:37[22m[39m
    [90m141| [39m  const headers = await captureHeaders(createModel("openrouter", "http…
    [90m142| [39m
    [90m143| [39m  [34mexpect[39m(headers[33m?.[39m[[32m"HTTP-Referer"[39m])[33m.[39m[34mtoBe[39m([32m"https://Mooncli.dev"[39m)[33m;[39m
    [90m   | [39m                                    [31m^[39m
    [90m144| [39m  [34mexpect[39m(headers[33m?.[39m[[32m"X-OpenRouter-Title"[39m])[33m.[39m[34mtoBe[39m([32m"Mooncli"[39m)[33m;[39m
    [90m145| [39m  [34mexpect[39m(headers[33m?.[39m[[32m"X-OpenRouter-Categories"[39m])[33m.[39m[34mtoBe[39m([32m"cli-engine"[39m)[33m;[39m

[31m[2m⎯⎯⎯⎯⎯⎯⎯⎯⎯⎯⎯⎯⎯⎯⎯⎯⎯⎯⎯⎯⎯⎯[48/99]⎯[22m[39m

[41m[1m FAIL [22m[49m test/sdk-openrouter-attribution.test.ts[2m > [22mcreateEngineSession OpenRouter attribution headers[2m > [22madds attribution headers for custom providers routed through OpenRouter
[31m[1mAssertionError[22m: expected 'https://github.com/theayzek01/MoonCode' to be 'https://Mooncli.dev' // Object.is equality[39m

Expected: [32m"https://[7mMooncli.[27mde[7mv[27m"[39m
Received: [31m"https://[7mgithub.com/theayzek01/MoonCo[27mde"[39m

[36m [2m❯[22m test/sdk-openrouter-attribution.test.ts:[2m161:37[22m[39m
    [90m159| [39m  const headers = await captureHeaders(createModel("custom-openrouter"…
    [90m160| [39m
    [90m161| [39m  [34mexpect[39m(headers[33m?.[39m[[32m"HTTP-Referer"[39m])[33m.[39m[34mtoBe[39m([32m"https://Mooncli.dev"[39m)[33m;[39m
    [90m   | [39m                                    [31m^[39m
    [90m162| [39m  [34mexpect[39m(headers[33m?.[39m[[32m"X-OpenRouter-Title"[39m])[33m.[39m[34mtoBe[39m([32m"Mooncli"[39m)[33m;[39m
    [90m163| [39m  [34mexpect[39m(headers[33m?.[39m[[32m"X-OpenRouter-Categories"[39m])[33m.[39m[34mtoBe[39m([32m"cli-engine"[39m)[33m;[39m

[31m[2m⎯⎯⎯⎯⎯⎯⎯⎯⎯⎯⎯⎯⎯⎯⎯⎯⎯⎯⎯⎯⎯⎯[49/99]⎯[22m[39m

[41m[1m FAIL [22m[49m test/sdk-session-manager.test.ts[2m > [22mcreateEngineSession session manager defaults[2m > [22muses engineDir for the default persisted session path
[31m[1mAssertionError[22m: expected false to be true // Object.is equality[39m

[32m- Expected[39m
[31m+ Received[39m

[32m- true[39m
[31m+ false[39m

[36m [2m❯[22m test/sdk-session-manager.test.ts:[2m44:61[22m[39m
    [90m 42| [39m
    [90m 43| [39m  [34mexpect[39m(sessionDir)[33m.[39m[34mtoBe[39m(expectedSessionDir)[33m;[39m
    [90m 44| [39m  [34mexpect[39m(sessionFile[33m?.[39m[34mstartsWith[39m([32m`[39m[36m${[39mexpectedSessionDir[36m}[39m[32m/`[39m))[33m.[39m[34mtoBe[39m([35mtrue[39m)[33m;[39m
    [90m   | [39m                                                            [31m^[39m
    [90m 45| [39m
    [90m 46| [39m  session[33m.[39m[34mdispose[39m()[33m;[39m

[31m[2m⎯⎯⎯⎯⎯⎯⎯⎯⎯⎯⎯⎯⎯⎯⎯⎯⎯⎯⎯⎯⎯⎯[50/99]⎯[22m[39m

[41m[1m FAIL [22m[49m test/sdk-session-manager.test.ts[2m > [22mcreateEngineSession session manager defaults[2m > [22mderives cwd from an explicit sessionManager when cwd is omitted
[31m[1mAssertionError[22m: expected 'You are MoonCode. Created by Theayzek…' to contain 'Current working directory: C:\Users\o…'[39m

[32m- Expected[39m
[31m+ Received[39m

[32m- [7mCurrent working directory: C:\[27mUsers[7m\[27mozenc[7m\[27mAppData[7m\[27mLocal[7m\[27mTemp[7m\[27mMooncli-sdk-session-test-1781214106937-io3zexzrdnr[7m\session-project[27m[39m
[31m+ You are MoonCode. Created by Theayzek. Do not introduce yourself unless asked.[39m
[31m+ Tools: read: Read file contents, bash: Execute bash commands (ls, grep, find, etc.), edit: Make precise file edits with exact text replacement, including multiple disjoint edits in one call, write: Create or overwrite files, codebase_index: Index the codebase to update search capabilities, browser_tabs: Control connected Chrome tabs, browser_page: Read or operate the connected Chrome page, ask_question: Ask the user a multiple choice question, invoke_subagent: Delegate a complex task to a sub-agent, message_agent: Send message to a running sub-agent, snapshot: Manage workspace snapshots, update_user_profile: Update user's long-term profile[39m
[31m+ [7mDate: 2026-06-12 | Cwd: C:/[27mUsers[7m/[27mozenc[7m/[27mAppData[7m/[27mLocal[7m/[27mTemp[7m/[27mMooncli-sdk-session-test-1781214106937-io3zexzrdnr[7m/session-project[27m[39m
[31m+[39m
[31m+ ## Directives[39m
[31m+ - Reduce uncertainty. Every action must answer a question or repair an invariant.[39m
[31m+ - Turbo coding: think/plan/code-synthesize in English internally; answer the user in their language.[39m
[31m+ - Keep the existing project language/framework/style. Never port languages unless explicitly asked.[39m
[31m+ - Act with tools; do not narrate routine steps before tool calls.[39m
[31m+ - Never end code work with a promise to continue when tools are available. Continue until done, verified, or genuinely blocked.[39m
[31m+ - Inspect only what is needed. Read only what the current task requires. Never scan randomly.[39m
[31m+ - Make the smallest correct change. Minimal = precision, not laziness.[39m
[31m+ - Prefer edit over write. Batch nearby file changes in one edit call.[39m
[31m+ - Verify with cheapest real check (build/test/typecheck). Never claim done without it.[39m
[31m+ - For long tasks, keep working in small verified batches instead of handing back a progress-only message.[39m
[31m+ - MoonCode Capsule/Razor blocks are compressed noisy input. Route from their Paths/Commands/Errors, then verify source files before edits.[39m
[31m+ - Preserve user changes. Ask before destructive ops. Mask secrets.[39m
[31m+ - Short answers. No filler, no motivation, no over-explaining.[39m
[31m+ - Match user language: Turkish in -> Turkish out. Casual -> casual.[39m
[31m+ - Browser bridge available when connected.[39m
[31m+[39m
[31m+ ## Workflow[39m
[31m+ Inspect minimum -> hypothesis -> smallest change -> verify -> report.[39m
[31m+ Done. Changed: <file>. Verified: <result>. Notes: <risk if any>.[39m
[31m+[39m
[31m+ ## UI[39m
[31m+ Existing design wins. Default: plain, stable terminal output.[39m

[36m [2m❯[22m test/sdk-session-manager.test.ts:[2m81:32[22m[39m
    [90m 79| [39m
    [90m 80| [39m  [34mexpect[39m(session[33m.[39msessionManager)[33m.[39m[34mtoBe[39m(sessionManager)[33m;[39m
    [90m 81| [39m  expect(session.systemPrompt).toContain(`Current working directory: $…
    [90m   | [39m                               [31m^[39m
    [90m 82| [39m
    [90m 83| [39m  const bashTool = session.engine.state.tools.find((tool) => tool.name…

[31m[2m⎯⎯⎯⎯⎯⎯⎯⎯⎯⎯⎯⎯⎯⎯⎯⎯⎯⎯⎯⎯⎯⎯[51/99]⎯[22m[39m

[41m[1m FAIL [22m[49m test/session-selector-path-delete.test.ts[2m > [22msession selector path/delete interactions[2m > [22mdoes not switch scope back to All when All load resolves after toggling back to Current
[31m[1mAssertionError[22m: expected ' \n\u001b[38;2;232;107;107m━━━━━━━━━━…' to contain 'Resume Session (Current Folder)'[39m

[32m- Expected[39m
[31m+ Received[39m

[32m- Resume Session (Current Folder)[39m
[31m+  [39m
[31m+ [38;2;232;107;107m━━━━━━━━━━━━━━━━━━━━━━━━━━━━━━━━━━━━━━━━━━━━━━━━━━━━━━━━━━━━━━━━━━━━━━━━━━━━━━━━━━━━━━━━━━━━━━━━━━━━━━━━━━━━━━━━━━━━━━━━[31m[39m
[31m+  [39m
[31m+ Oturuma Continue (Mevcut Klasör)                                          [38;2;232;107;107m◉ Mevcut Klasör[31m[38;2;168;158;160m | ○ Tümü[31m  [38;2;168;158;160mAd: [31m[38;2;232;107;107mTümü[31m  [38;2;168;158;160mSıra: [31m[38;2;232;107;107mAğaç[31m[39m
[31m+ [38;2;111;102;104mtab[31m[38;2;168;158;160m kapsam[31m[38;2;168;158;160m · [31m[38;2;168;158;160mre:<desen> regex · "ifade" tam[31m[39m
[31m+ [38;2;111;102;104mctrl+s[31m[38;2;168;158;160m sirala[31m[38;2;168;158;160m · [31m[38;2;111;102;104mctrl+n[31m[38;2;168;158;160m adli[31m[38;2;168;158;160m · [31m[38;2;111;102;104mctrl+d[31m[38;2;168;158;160m sil[31m[38;2;168;158;160m · [31m[38;2;111;102;104mctrl+p[31m[38;2;168;158;160m yol (kapali)[31m[39m
[31m+  [39m
[31m+ > [7m [27m                                                                                                                     [39m
[31m+[39m
[31m+ [48;2;29;23;24m[38;2;232;107;107m› [31m[38;2;111;102;104m[31mhello                                                                                                            [38;2;111;102;104m1 56y[31m[49m[39m
[31m+  [39m
[31m+ [38;2;232;107;107m━━━━━━━━━━━━━━━━━━━━━━━━━━━━━━━━━━━━━━━━━━━━━━━━━━━━━━━━━━━━━━━━━━━━━━━━━━━━━━━━━━━━━━━━━━━━━━━━━━━━━━━━━━━━━━━━━━━━━━━━[31m[39m

[36m [2m❯[22m test/session-selector-path-delete.test.ts:[2m215:18[22m[39m
    [90m213| [39m  [34mexpect[39m(allLoadCalls)[33m.[39m[34mtoBe[39m([34m1[39m)[33m;[39m
    [90m214| [39m  [35mconst[39m output [33m=[39m selector[33m.[39m[34mrender[39m([34m120[39m)[33m.[39m[34mjoin[39m([32m"\n"[39m)[33m;[39m
    [90m215| [39m  [34mexpect[39m(output)[33m.[39m[34mtoContain[39m([32m"Resume Session (Current Folder)"[39m)[33m;[39m
    [90m   | [39m                 [31m^[39m
    [90m216| [39m  [34mexpect[39m(output)[33m.[39mnot[33m.[39m[34mtoContain[39m([32m"Resume Session (All)"[39m)[33m;[39m
    [90m217| [39m })[33m;[39m

[31m[2m⎯⎯⎯⎯⎯⎯⎯⎯⎯⎯⎯⎯⎯⎯⎯⎯⎯⎯⎯⎯⎯⎯[52/99]⎯[22m[39m

[41m[1m FAIL [22m[49m test/session-selector-rename.test.ts[2m > [22msession selector rename[2m > [22mshows rename hint in interactive /resume picker configuration
[31m[1mAssertionError[22m: expected ' \n\u001b[38;2;232;107;107m━━━━━━━━━━…' to contain 'rename'[39m

[32m- Expected[39m
[31m+ Received[39m

[32m- rename[39m
[31m+  [39m
[31m+ [38;2;232;107;107m━━━━━━━━━━━━━━━━━━━━━━━━━━━━━━━━━━━━━━━━━━━━━━━━━━━━━━━━━━━━━━━━━━━━━━━━━━━━━━━━━━━━━━━━━━━━━━━━━━━━━━━━━━━━━━━━━━━━━━━━[31m[39m
[31m+  [39m
[31m+ Oturuma Continue (Mevcut Klasör)                                          [38;2;232;107;107m◉ Mevcut Klasör[31m[38;2;168;158;160m | ○ Tümü[31m  [38;2;168;158;160mAd: [31m[38;2;232;107;107mTümü[31m  [38;2;168;158;160mSıra: [31m[38;2;232;107;107mAğaç[31m[39m
[31m+ [38;2;111;102;104mtab[31m[38;2;168;158;160m kapsam[31m[38;2;168;158;160m · [31m[38;2;168;158;160mre:<desen> regex · "ifade" tam[31m[39m
[31m+ [38;2;111;102;104mctrl+s[31m[38;2;168;158;160m sirala[31m[38;2;168;158;160m · [31m[38;2;111;102;104mctrl+n[31m[38;2;168;158;160m adli[31m[38;2;168;158;160m · [31m[38;2;111;102;104mctrl+d[31m[38;2;168;158;160m sil[31m[38;2;168;158;160m · [31m[38;2;111;102;104mctrl+p[31m[38;2;168;158;160m yol (kapali)[31m[38;2;168;158;160m · [31m[38;2;111;102;104mctrl+r[31m[38;2;168;158;160m adlandir[31m[39m
[31m+  [39m
[31m+ > [7m [27m                                                                                                                     [39m
[31m+[39m
[31m+ [48;2;29;23;24m[38;2;232;107;107m› [31m[38;2;111;102;104m[31mhello                                                                                                            [38;2;111;102;104m1 56y[31m[49m[39m
[31m+  [39m
[31m+ [38;2;232;107;107m━━━━━━━━━━━━━━━━━━━━━━━━━━━━━━━━━━━━━━━━━━━━━━━━━━━━━━━━━━━━━━━━━━━━━━━━━━━━━━━━━━━━━━━━━━━━━━━━━━━━━━━━━━━━━━━━━━━━━━━━[31m[39m

[36m [2m❯[22m test/session-selector-rename.test.ts:[2m57:18[22m[39m
    [90m 55| [39m  [35mconst[39m output [33m=[39m selector[33m.[39m[34mrender[39m([34m120[39m)[33m.[39m[34mjoin[39m([32m"\n"[39m)[33m;[39m
    [90m 56| [39m  [34mexpect[39m(output)[33m.[39m[34mtoContain[39m([32m"ctrl+r"[39m)[33m;[39m
    [90m 57| [39m  [34mexpect[39m(output)[33m.[39m[34mtoContain[39m([32m"rename"[39m)[33m;[39m
    [90m   | [39m                 [31m^[39m
    [90m 58| [39m })[33m;[39m
    [90m 59| [39m

[31m[2m⎯⎯⎯⎯⎯⎯⎯⎯⎯⎯⎯⎯⎯⎯⎯⎯⎯⎯⎯⎯⎯⎯[53/99]⎯[22m[39m

[41m[1m FAIL [22m[49m test/session-selector-rename.test.ts[2m > [22msession selector rename[2m > [22menters rename mode on Ctrl+R and submits with Enter
[31m[1mAssertionError[22m: expected ' \n\u001b[38;2;232;107;107m━━━━━━━━━━…' to contain 'Rename Session'[39m

[32m- Expected[39m
[31m+ Received[39m

[32m- Rename Session[39m
[31m+  [39m
[31m+ [38;2;232;107;107m━━━━━━━━━━━━━━━━━━━━━━━━━━━━━━━━━━━━━━━━━━━━━━━━━━━━━━━━━━━━━━━━━━━━━━━━━━━━━━━━━━━━━━━━━━━━━━━━━━━━━━━━━━━━━━━━━━━━━━━━[31m[39m
[31m+  [39m
[31m+  Oturumu Yeniden Adlandır                                                                                               [39m
[31m+  [39m
[31m+ > _pi:c[7mO[27mld                                                                                                                   [39m
[31m+  [39m
[31m+  [38;2;168;158;160menter kaydetmek için · escape/ctrl+c iptal etmek için[31m                                                                  [39m
[31m+  [39m
[31m+ [38;2;232;107;107m━━━━━━━━━━━━━━━━━━━━━━━━━━━━━━━━━━━━━━━━━━━━━━━━━━━━━━━━━━━━━━━━━━━━━━━━━━━━━━━━━━━━━━━━━━━━━━━━━━━━━━━━━━━━━━━━━━━━━━━━[31m[39m

[36m [2m❯[22m test/session-selector-rename.test.ts:[2m100:18[22m[39m
    [90m 98| [39m  [90m// Rename mode layout[39m
    [90m 99| [39m  [35mconst[39m output [33m=[39m selector[33m.[39m[34mrender[39m([34m120[39m)[33m.[39m[34mjoin[39m([32m"\n"[39m)[33m;[39m
    [90m100| [39m  [34mexpect[39m(output)[33m.[39m[34mtoContain[39m([32m"Rename Session"[39m)[33m;[39m
    [90m   | [39m                 [31m^[39m
    [90m101| [39m  [34mexpect[39m(output)[33m.[39mnot[33m.[39m[34mtoContain[39m([32m"Resume Session"[39m)[33m;[39m
    [90m102| [39m

[31m[2m⎯⎯⎯⎯⎯⎯⎯⎯⎯⎯⎯⎯⎯⎯⎯⎯⎯⎯⎯⎯⎯⎯[54/99]⎯[22m[39m

[41m[1m FAIL [22m[49m test/settings-manager-bug.test.ts[2m > [22mSettingsManager - External Edit Preservation[2m > [22mshould preserve external project settings changes when updating unrelated project field
[31m[1mAssertionError[22m: expected [ './old-extension.ts' ] to deeply equal [ './updated-extension.ts' ][39m

[32m- Expected[39m
[31m+ Received[39m

[2m  [[22m
[32m-   "./updated-extension.ts",[39m
[31m+   "./old-extension.ts",[39m
[2m  ][22m

[36m [2m❯[22m test/settings-manager-bug.test.ts:[2m123:43[22m[39m
    [90m121| [39m  const savedProjectSettings = JSON.parse(readFileSync(projectSettings…
    [90m122| [39m  [34mexpect[39m(savedProjectSettings[33m.[39mprompts)[33m.[39m[34mtoEqual[39m([[32m"./new-prompt.md"[39m])[33m;[39m
    [90m123| [39m  expect(savedProjectSettings.extensions).toEqual(["./updated-extensio…
    [90m   | [39m                                          [31m^[39m
    [90m124| [39m })[33m;[39m
    [90m125| [39m

[31m[2m⎯⎯⎯⎯⎯⎯⎯⎯⎯⎯⎯⎯⎯⎯⎯⎯⎯⎯⎯⎯⎯⎯[55/99]⎯[22m[39m

[41m[1m FAIL [22m[49m test/settings-manager-bug.test.ts[2m > [22mSettingsManager - External Edit Preservation[2m > [22mshould let in-memory project changes override external changes for the same project field
[31m[1mAssertionError[22m: expected [ './external-extension.ts' ] to deeply equal [ './in-memory-extension.ts' ][39m

[32m- Expected[39m
[31m+ Received[39m

[2m  [[22m
[32m-   "./in-memory-extension.ts",[39m
[31m+   "./external-extension.ts",[39m
[2m  ][22m

[36m [2m❯[22m test/settings-manager-bug.test.ts:[2m145:43[22m[39m
    [90m143| [39m
    [90m144| [39m  const savedProjectSettings = JSON.parse(readFileSync(projectSettings…
    [90m145| [39m  expect(savedProjectSettings.extensions).toEqual(["./in-memory-extens…
    [90m   | [39m                                          [31m^[39m
    [90m146| [39m })[33m;[39m
    [90m147| [39m})[33m;[39m

[31m[2m⎯⎯⎯⎯⎯⎯⎯⎯⎯⎯⎯⎯⎯⎯⎯⎯⎯⎯⎯⎯⎯⎯[56/99]⎯[22m[39m

[41m[1m FAIL [22m[49m test/settings-manager.test.ts[2m > [22mSettingsManager[2m > [22merror tracking[2m > [22mshould collect and clear load errors via drainErrors
[31m[1mAssertionError[22m: expected [ { scope: 'global', …(1) } ] to have a length of 2 but got 1[39m

[32m- Expected[39m
[31m+ Received[39m

[32m- 2[39m
[31m+ 1[39m

[36m [2m❯[22m test/settings-manager.test.ts:[2m210:19[22m[39m
    [90m208| [39m   [35mconst[39m errors [33m=[39m manager[33m.[39m[34mdrainErrors[39m()[33m;[39m
    [90m209| [39m
    [90m210| [39m   [34mexpect[39m(errors)[33m.[39m[34mtoHaveLength[39m([34m2[39m)[33m;[39m
    [90m   | [39m                  [31m^[39m
    [90m211| [39m   expect(errors.map((e) => e.scope).sort()).toEqual(["global", "proje…
    [90m212| [39m   [34mexpect[39m(manager[33m.[39m[34mdrainErrors[39m())[33m.[39m[34mtoEqual[39m([])[33m;[39m

[31m[2m⎯⎯⎯⎯⎯⎯⎯⎯⎯⎯⎯⎯⎯⎯⎯⎯⎯⎯⎯⎯⎯⎯[57/99]⎯[22m[39m

[41m[1m FAIL [22m[49m test/settings-manager.test.ts[2m > [22mSettingsManager[2m > [22mproject settings directory creation[2m > [22mshould create .Mooncli folder when writing project settings
[31m[1mAssertionError[22m: expected false to be true // Object.is equality[39m

[32m- Expected[39m
[31m+ Received[39m

[32m- true[39m
[31m+ false[39m

[36m [2m❯[22m test/settings-manager.test.ts:[2m253:53[22m[39m
    [90m251| [39m
    [90m252| [39m   [90m// Now .Mooncli folder should exist[39m
    [90m253| [39m   [34mexpect[39m([34mexistsSync[39m([34mjoin[39m(projectDir[33m,[39m [32m".Mooncli"[39m)))[33m.[39m[34mtoBe[39m([35mtrue[39m)[33m;[39m
    [90m   | [39m                                                    [31m^[39m
    [90m254| [39m
    [90m255| [39m   [90m// And settings file should be created[39m

[31m[2m⎯⎯⎯⎯⎯⎯⎯⎯⎯⎯⎯⎯⎯⎯⎯⎯⎯⎯⎯⎯⎯⎯[58/99]⎯[22m[39m

[41m[1m FAIL [22m[49m test/settings-manager.test.ts[2m > [22mSettingsManager[2m > [22mgetSessionDir[2m > [22mshould return project sessionDir, overriding global
[31m[1mAssertionError[22m: expected '/global/sessions' to be './sessions' // Object.is equality[39m

Expected: [32m"[7m.[27m/sessions"[39m
Received: [31m"[7m/global[27m/sessions"[39m

[36m [2m❯[22m test/settings-manager.test.ts:[2m310:36[22m[39m
    [90m308| [39m   writeFileSync(join(projectDir, ".Mooncli", "settings.json"), JSON.s…
    [90m309| [39m   [35mconst[39m manager [33m=[39m [33mSettingsManager[39m[33m.[39m[34mcreate[39m(projectDir[33m,[39m engineDir)[33m;[39m
    [90m310| [39m   [34mexpect[39m(manager[33m.[39m[34mgetSessionDir[39m())[33m.[39m[34mtoBe[39m([32m"./sessions"[39m)[33m;[39m
    [90m   | [39m                                   [31m^[39m
    [90m311| [39m  })[33m;[39m
    [90m312| [39m

[31m[2m⎯⎯⎯⎯⎯⎯⎯⎯⎯⎯⎯⎯⎯⎯⎯⎯⎯⎯⎯⎯⎯⎯[59/99]⎯[22m[39m

[41m[1m FAIL [22m[49m test/stdout-cleanliness.test.ts[2m > [22mstdout cleanliness in non-interactive modes[2m > [22mkeeps stdout empty for --mode json --help while routing startup chatter to stderr
[31m[1mAssertionError[22m: expected 'MoonCode - serious terminal coding ag…' to contain 'changed 1 package in 471ms'[39m

[32m- Expected[39m
[31m+ Received[39m

[32m- changed 1 package in 471ms[39m
[31m+ MoonCode - serious terminal coding agent: inspect → act → verify[39m
[31m+[39m
[31m+ Usage[39m
[31m+   MoonCode [options] [@files...] [messages...][39m
[31m+   echo '{"type":"prompt","text":"Fix lint"}' | MoonCode --headless --timeout 120[39m
[31m+[39m
[31m+ Commands[39m
[31m+ Core[39m
[31m+   install <source> [-l]        Install an extension source and add it to settings[39m
[31m+   remove <source> [-l]         Remove an extension source from settings[39m
[31m+   update [source|self|Moon]    Update MoonCode and installed extensions[39m
[31m+   doctor                       Diagnose install, PATH, version, and updates[39m
[31m+[39m
[31m+ Local / Browser[39m
[31m+   browser-bridge              Run only the Chrome extension bridge server[39m
[31m+   ollama doctor               Check local Ollama connection and models[39m
[31m+   ollama profile <profile>    Print Ollama speed/RAM profile commands[39m
[31m+[39m
[31m+ Package UI[39m
[31m+   list                List installed extensions[39m
[31m+   config              Open the package-source TUI[39m
[31m+   <command> --help    Show help for install/remove/update/list[39m
[31m+[39m
[31m+ Options[39m
[31m+ Model[39m
[31m+   --provider <name>      Provider name[39m
[31m+   --model <pattern>      Model ID/pattern; supports provider/id and :thinking[39m
[31m+   --models <patterns>    Comma-separated quick-switch models for Ctrl+P[39m
[31m+   --thinking <level>     off, minimal, low, medium, high, xhigh[39m
[31m+   --api-key <key>        API key override[39m
[31m+[39m
[31m+ Session[39m
[31m+   --continue, -c         Continue previous session[39m
[31m+   --resume, -r           Pick a session to resume[39m
[31m+   --session <path|id>    Use a specific session[39m
[31m+   --fork <path|id>       Fork a specific session[39m
[31m+   --no-session           Do not save the session[39m
[31m+   --clear-memory         Delete saved session memory and exit[39m
[31m+[39m
[31m+ Execution[39m
[31m+   --print, -p                    Run prompt and exit[39m
[31m+   --headless                     CI/headless JSON stdin/stdout mode[39m
[31m+   --mode <text|json|rpc>         Output mode[39m
[31m+   --timeout <sec>                Headless timeout[39m
[31m+   --output-format <json|text>    Headless output format[39m
[31m+   --offline                      Disable startup network operations[39m
[31m+[39m
[31m+ Context / Tools[39m
[31m+   --tools, -t <tools>         Comma-separated tool allowlist[39m
[31m+   --no-tools, -nt             Disable all tools by default[39m
[31m+   --no-builtin-tools, -nbt    Disable built-in tools only[39m
[31m+   --skill <path>              Load a skill file or directory[39m
[31m+   --no-skills, -ns            Disable skill discovery[39m
[31m+   --no-context-files, -nc     Disable AGENTS.md/CLAUDE.md discovery[39m
[31m+[39m
[31m+ Project Assets[39m
[31m+   --extension, -e <path>      Load an extension file[39m
[31m+   --no-extensions, -ne        Disable extension discovery[39m
[31m+   --prompt-template <path>    Load prompt-template file/directory[39m
[31m+   --theme <path>              Load theme file/directory[39m
[31m+   --no-themes                 Disable theme discovery[39m
[31m+[39m
[31m+ Info[39m
[31m+   --export <file>           Export session to HTML[39m
[31m+   --list-models [search]    List available models[39m
[31m+   --verbose                 Force verbose startup[39m
[31m+   --help, -h                Show this help[39m
[31m+   --version, -v             Show version[39m
[31m+[39m
[31m+ Examples[39m
[31m+   MoonCode[39m
[31m+   MoonCode "List all .ts files in src/"[39m
[31m+   MoonCode @prompt.md @image.png "What color is the sky?"[39m
[31m+   MoonCode -p "Review the code in src/"[39m
[31m+   MoonCode --continue "What did we discuss?"[39m
[31m+   MoonCode --clear-memory[39m
[31m+   MoonCode --model antigravity-claude-sonnet-4-6 "Fix this project"[39m
[31m+   MoonCode --model sonnet:high "Solve this complex issue"[39m
[31m+   MoonCode --models sonnet:high,haiku:low[39m
[31m+   MoonCode --tools read,grep,find,ls -p "Review safely"[39m
[31m+   MoonCode --export ~/.mooncode/engine/sessions/--path--/session.jsonl[39m
[31m+[39m
[31m+ Environment Variables[39m
[31m+   ANTHROPIC_API_KEY, OPENAI_API_KEY, GEMINI_API_KEY, OPENROUTER_API_KEY[39m
[31m+   MOON_TUI_RENDER_INTERVAL_MS       Tune TUI render throttle[39m
[31m+   MOON_TUI_CLEAR_SCROLLBACK=1       Restore legacy full scrollback clears[39m
[31m+[39m
[31m+[39m

[36m [2m❯[22m test/stdout-cleanliness.test.ts:[2m89:25[22m[39m
    [90m 87| [39m  [34mexpect[39m(result[33m.[39mcode)[33m.[39m[34mtoBe[39m([34m0[39m)[33m;[39m
    [90m 88| [39m  [34mexpect[39m(result[33m.[39mstdout)[33m.[39m[34mtoBe[39m([32m""[39m)[33m;[39m
    [90m 89| [39m  [34mexpect[39m(result[33m.[39mstderr)[33m.[39m[34mtoContain[39m([32m"changed 1 package in 471ms"[39m)[33m;[39m
    [90m   | [39m                        [31m^[39m
    [90m 90| [39m  [34mexpect[39m(result[33m.[39mstderr)[33m.[39m[34mtoContain[39m([32m"found 0 vulnerabilities"[39m)[33m;[39m
    [90m 91| [39m  [34mexpect[39m(result[33m.[39mstderr)[33m.[39m[34mtoContain[39m([32m"Usage:"[39m)[33m;[39m

[31m[2m⎯⎯⎯⎯⎯⎯⎯⎯⎯⎯⎯⎯⎯⎯⎯⎯⎯⎯⎯⎯⎯⎯[60/99]⎯[22m[39m

[41m[1m FAIL [22m[49m test/stdout-cleanliness.test.ts[2m > [22mstdout cleanliness in non-interactive modes[2m > [22mkeeps stdout empty for -p --help while routing startup chatter to stderr
[31m[1mAssertionError[22m: expected 'MoonCode - serious terminal coding ag…' to contain 'changed 1 package in 471ms'[39m

[32m- Expected[39m
[31m+ Received[39m

[32m- changed 1 package in 471ms[39m
[31m+ MoonCode - serious terminal coding agent: inspect → act → verify[39m
[31m+[39m
[31m+ Usage[39m
[31m+   MoonCode [options] [@files...] [messages...][39m
[31m+   echo '{"type":"prompt","text":"Fix lint"}' | MoonCode --headless --timeout 120[39m
[31m+[39m
[31m+ Commands[39m
[31m+ Core[39m
[31m+   install <source> [-l]        Install an extension source and add it to settings[39m
[31m+   remove <source> [-l]         Remove an extension source from settings[39m
[31m+   update [source|self|Moon]    Update MoonCode and installed extensions[39m
[31m+   doctor                       Diagnose install, PATH, version, and updates[39m
[31m+[39m
[31m+ Local / Browser[39m
[31m+   browser-bridge              Run only the Chrome extension bridge server[39m
[31m+   ollama doctor               Check local Ollama connection and models[39m
[31m+   ollama profile <profile>    Print Ollama speed/RAM profile commands[39m
[31m+[39m
[31m+ Package UI[39m
[31m+   list                List installed extensions[39m
[31m+   config              Open the package-source TUI[39m
[31m+   <command> --help    Show help for install/remove/update/list[39m
[31m+[39m
[31m+ Options[39m
[31m+ Model[39m
[31m+   --provider <name>      Provider name[39m
[31m+   --model <pattern>      Model ID/pattern; supports provider/id and :thinking[39m
[31m+   --models <patterns>    Comma-separated quick-switch models for Ctrl+P[39m
[31m+   --thinking <level>     off, minimal, low, medium, high, xhigh[39m
[31m+   --api-key <key>        API key override[39m
[31m+[39m
[31m+ Session[39m
[31m+   --continue, -c         Continue previous session[39m
[31m+   --resume, -r           Pick a session to resume[39m
[31m+   --session <path|id>    Use a specific session[39m
[31m+   --fork <path|id>       Fork a specific session[39m
[31m+   --no-session           Do not save the session[39m
[31m+   --clear-memory         Delete saved session memory and exit[39m
[31m+[39m
[31m+ Execution[39m
[31m+   --print, -p                    Run prompt and exit[39m
[31m+   --headless                     CI/headless JSON stdin/stdout mode[39m
[31m+   --mode <text|json|rpc>         Output mode[39m
[31m+   --timeout <sec>                Headless timeout[39m
[31m+   --output-format <json|text>    Headless output format[39m
[31m+   --offline                      Disable startup network operations[39m
[31m+[39m
[31m+ Context / Tools[39m
[31m+   --tools, -t <tools>         Comma-separated tool allowlist[39m
[31m+   --no-tools, -nt             Disable all tools by default[39m
[31m+   --no-builtin-tools, -nbt    Disable built-in tools only[39m
[31m+   --skill <path>              Load a skill file or directory[39m
[31m+   --no-skills, -ns            Disable skill discovery[39m
[31m+   --no-context-files, -nc     Disable AGENTS.md/CLAUDE.md discovery[39m
[31m+[39m
[31m+ Project Assets[39m
[31m+   --extension, -e <path>      Load an extension file[39m
[31m+   --no-extensions, -ne        Disable extension discovery[39m
[31m+   --prompt-template <path>    Load prompt-template file/directory[39m
[31m+   --theme <path>              Load theme file/directory[39m
[31m+   --no-themes                 Disable theme discovery[39m
[31m+[39m
[31m+ Info[39m
[31m+   --export <file>           Export session to HTML[39m
[31m+   --list-models [search]    List available models[39m
[31m+   --verbose                 Force verbose startup[39m
[31m+   --help, -h                Show this help[39m
[31m+   --version, -v             Show version[39m
[31m+[39m
[31m+ Examples[39m
[31m+   MoonCode[39m
[31m+   MoonCode "List all .ts files in src/"[39m
[31m+   MoonCode @prompt.md @image.png "What color is the sky?"[39m
[31m+   MoonCode -p "Review the code in src/"[39m
[31m+   MoonCode --continue "What did we discuss?"[39m
[31m+   MoonCode --clear-memory[39m
[31m+   MoonCode --model antigravity-claude-sonnet-4-6 "Fix this project"[39m
[31m+   MoonCode --model sonnet:high "Solve this complex issue"[39m
[31m+   MoonCode --models sonnet:high,haiku:low[39m
[31m+   MoonCode --tools read,grep,find,ls -p "Review safely"[39m
[31m+   MoonCode --export ~/.mooncode/engine/sessions/--path--/session.jsonl[39m
[31m+[39m
[31m+ Environment Variables[39m
[31m+   ANTHROPIC_API_KEY, OPENAI_API_KEY, GEMINI_API_KEY, OPENROUTER_API_KEY[39m
[31m+   MOON_TUI_RENDER_INTERVAL_MS       Tune TUI render throttle[39m
[31m+   MOON_TUI_CLEAR_SCROLLBACK=1       Restore legacy full scrollback clears[39m
[31m+[39m
[31m+[39m

[36m [2m❯[22m test/stdout-cleanliness.test.ts:[2m99:25[22m[39m
    [90m 97| [39m  [34mexpect[39m(result[33m.[39mcode)[33m.[39m[34mtoBe[39m([34m0[39m)[33m;[39m
    [90m 98| [39m  [34mexpect[39m(result[33m.[39mstdout)[33m.[39m[34mtoBe[39m([32m""[39m)[33m;[39m
    [90m 99| [39m  [34mexpect[39m(result[33m.[39mstderr)[33m.[39m[34mtoContain[39m([32m"changed 1 package in 471ms"[39m)[33m;[39m
    [90m   | [39m                        [31m^[39m
    [90m100| [39m  [34mexpect[39m(result[33m.[39mstderr)[33m.[39m[34mtoContain[39m([32m"found 0 vulnerabilities"[39m)[33m;[39m
    [90m101| [39m  [34mexpect[39m(result[33m.[39mstderr)[33m.[39m[34mtoContain[39m([32m"Usage:"[39m)[33m;[39m

[31m[2m⎯⎯⎯⎯⎯⎯⎯⎯⎯⎯⎯⎯⎯⎯⎯⎯⎯⎯⎯⎯⎯⎯[61/99]⎯[22m[39m

[41m[1m FAIL [22m[49m test/system-prompt.test.ts[2m > [22mbuildSystemPrompt[2m > [22mempty tools[2m > [22mshows (none) for empty tools list
[31m[1mReferenceError[22m: getMemoryPreface is not defined[39m
[36m [2m❯[22m buildSystemPrompt src/core/system-prompt.ts:[2m97:22[22m[39m
    [90m 95| [39m
    [90m 96| [39m [90m// Global memory policy text[39m
    [90m 97| [39m [35mlet[39m memoryPreface [33m=[39m [34mgetMemoryPreface[39m([34m10[39m[33m,[39m compactMode[33m,[39m cwd)[33m;[39m
    [90m   | [39m                     [31m^[39m
    [90m 98| [39m 
    [90m 99| [39m [90m// Long-Term Style Profile[39m
[90m [2m❯[22m test/system-prompt.test.ts:[2m7:19[22m[39m

[31m[2m⎯⎯⎯⎯⎯⎯⎯⎯⎯⎯⎯⎯⎯⎯⎯⎯⎯⎯⎯⎯⎯⎯[62/99]⎯[22m[39m

[41m[1m FAIL [22m[49m test/system-prompt.test.ts[2m > [22mbuildSystemPrompt[2m > [22mempty tools[2m > [22mshows file paths guideline even with no tools
[31m[1mReferenceError[22m: getMemoryPreface is not defined[39m
[36m [2m❯[22m buildSystemPrompt src/core/system-prompt.ts:[2m97:22[22m[39m
    [90m 95| [39m
    [90m 96| [39m [90m// Global memory policy text[39m
    [90m 97| [39m [35mlet[39m memoryPreface [33m=[39m [34mgetMemoryPreface[39m([34m10[39m[33m,[39m compactMode[33m,[39m cwd)[33m;[39m
    [90m   | [39m                     [31m^[39m
    [90m 98| [39m 
    [90m 99| [39m [90m// Long-Term Style Profile[39m
[90m [2m❯[22m test/system-prompt.test.ts:[2m18:19[22m[39m

[31m[2m⎯⎯⎯⎯⎯⎯⎯⎯⎯⎯⎯⎯⎯⎯⎯⎯⎯⎯⎯⎯⎯⎯[63/99]⎯[22m[39m

[41m[1m FAIL [22m[49m test/system-prompt.test.ts[2m > [22mbuildSystemPrompt[2m > [22mdefault tools[2m > [22mincludes all default tools when snippets are provided
[31m[1mReferenceError[22m: getMemoryPreface is not defined[39m
[36m [2m❯[22m buildSystemPrompt src/core/system-prompt.ts:[2m97:22[22m[39m
    [90m 95| [39m
    [90m 96| [39m [90m// Global memory policy text[39m
    [90m 97| [39m [35mlet[39m memoryPreface [33m=[39m [34mgetMemoryPreface[39m([34m10[39m[33m,[39m compactMode[33m,[39m cwd)[33m;[39m
    [90m   | [39m                     [31m^[39m
    [90m 98| [39m 
    [90m 99| [39m [90m// Long-Term Style Profile[39m
[90m [2m❯[22m test/system-prompt.test.ts:[2m31:19[22m[39m

[31m[2m⎯⎯⎯⎯⎯⎯⎯⎯⎯⎯⎯⎯⎯⎯⎯⎯⎯⎯⎯⎯⎯⎯[64/99]⎯[22m[39m

[41m[1m FAIL [22m[49m test/system-prompt.test.ts[2m > [22mbuildSystemPrompt[2m > [22mcustom tool snippets[2m > [22mincludes custom tools in available tools section when promptSnippet is provided
[31m[1mReferenceError[22m: getMemoryPreface is not defined[39m
[36m [2m❯[22m buildSystemPrompt src/core/system-prompt.ts:[2m97:22[22m[39m
    [90m 95| [39m
    [90m 96| [39m [90m// Global memory policy text[39m
    [90m 97| [39m [35mlet[39m memoryPreface [33m=[39m [34mgetMemoryPreface[39m([34m10[39m[33m,[39m compactMode[33m,[39m cwd)[33m;[39m
    [90m   | [39m                     [31m^[39m
    [90m 98| [39m 
    [90m 99| [39m [90m// Long-Term Style Profile[39m
[90m [2m❯[22m test/system-prompt.test.ts:[2m52:19[22m[39m

[31m[2m⎯⎯⎯⎯⎯⎯⎯⎯⎯⎯⎯⎯⎯⎯⎯⎯⎯⎯⎯⎯⎯⎯[65/99]⎯[22m[39m

[41m[1m FAIL [22m[49m test/system-prompt.test.ts[2m > [22mbuildSystemPrompt[2m > [22mcustom tool snippets[2m > [22momits custom tools from available tools section when promptSnippet is not provided
[31m[1mReferenceError[22m: getMemoryPreface is not defined[39m
[36m [2m❯[22m buildSystemPrompt src/core/system-prompt.ts:[2m97:22[22m[39m
    [90m 95| [39m
    [90m 96| [39m [90m// Global memory policy text[39m
    [90m 97| [39m [35mlet[39m memoryPreface [33m=[39m [34mgetMemoryPreface[39m([34m10[39m[33m,[39m compactMode[33m,[39m cwd)[33m;[39m
    [90m   | [39m                     [31m^[39m
    [90m 98| [39m 
    [90m 99| [39m [90m// Long-Term Style Profile[39m
[90m [2m❯[22m test/system-prompt.test.ts:[2m66:19[22m[39m

[31m[2m⎯⎯⎯⎯⎯⎯⎯⎯⎯⎯⎯⎯⎯⎯⎯⎯⎯⎯⎯⎯⎯⎯[66/99]⎯[22m[39m

[41m[1m FAIL [22m[49m test/system-prompt.test.ts[2m > [22mbuildSystemPrompt[2m > [22magent system[2m > [22mincludes company-style coding agents when enabled
[31m[1mReferenceError[22m: getMemoryPreface is not defined[39m
[36m [2m❯[22m buildSystemPrompt src/core/system-prompt.ts:[2m97:22[22m[39m
    [90m 95| [39m
    [90m 96| [39m [90m// Global memory policy text[39m
    [90m 97| [39m [35mlet[39m memoryPreface [33m=[39m [34mgetMemoryPreface[39m([34m10[39m[33m,[39m compactMode[33m,[39m cwd)[33m;[39m
    [90m   | [39m                     [31m^[39m
    [90m 98| [39m 
    [90m 99| [39m [90m// Long-Term Style Profile[39m
[90m [2m❯[22m test/system-prompt.test.ts:[2m79:19[22m[39m

[31m[2m⎯⎯⎯⎯⎯⎯⎯⎯⎯⎯⎯⎯⎯⎯⎯⎯⎯⎯⎯⎯⎯⎯[67/99]⎯[22m[39m

[41m[1m FAIL [22m[49m test/system-prompt.test.ts[2m > [22mbuildSystemPrompt[2m > [22magent system[2m > [22momits company-style coding agents when disabled
[31m[1mReferenceError[22m: getMemoryPreface is not defined[39m
[36m [2m❯[22m buildSystemPrompt src/core/system-prompt.ts:[2m97:22[22m[39m
    [90m 95| [39m
    [90m 96| [39m [90m// Global memory policy text[39m
    [90m 97| [39m [35mlet[39m memoryPreface [33m=[39m [34mgetMemoryPreface[39m([34m10[39m[33m,[39m compactMode[33m,[39m cwd)[33m;[39m
    [90m   | [39m                     [31m^[39m
    [90m 98| [39m 
    [90m 99| [39m [90m// Long-Term Style Profile[39m
[90m [2m❯[22m test/system-prompt.test.ts:[2m96:19[22m[39m

[31m[2m⎯⎯⎯⎯⎯⎯⎯⎯⎯⎯⎯⎯⎯⎯⎯⎯⎯⎯⎯⎯⎯⎯[68/99]⎯[22m[39m

[41m[1m FAIL [22m[49m test/system-prompt.test.ts[2m > [22mbuildSystemPrompt[2m > [22mreasoning discipline[2m > [22mincludes target discipline and token economy rules
[31m[1mReferenceError[22m: getMemoryPreface is not defined[39m
[36m [2m❯[22m buildSystemPrompt src/core/system-prompt.ts:[2m97:22[22m[39m
    [90m 95| [39m
    [90m 96| [39m [90m// Global memory policy text[39m
    [90m 97| [39m [35mlet[39m memoryPreface [33m=[39m [34mgetMemoryPreface[39m([34m10[39m[33m,[39m compactMode[33m,[39m cwd)[33m;[39m
    [90m   | [39m                     [31m^[39m
    [90m 98| [39m 
    [90m 99| [39m [90m// Long-Term Style Profile[39m
[90m [2m❯[22m test/system-prompt.test.ts:[2m110:19[22m[39m

[31m[2m⎯⎯⎯⎯⎯⎯⎯⎯⎯⎯⎯⎯⎯⎯⎯⎯⎯⎯⎯⎯⎯⎯[69/99]⎯[22m[39m

[41m[1m FAIL [22m[49m test/system-prompt.test.ts[2m > [22mbuildSystemPrompt[2m > [22mprompt guidelines[2m > [22mappends promptGuidelines to default guidelines
[31m[1mReferenceError[22m: getMemoryPreface is not defined[39m
[36m [2m❯[22m buildSystemPrompt src/core/system-prompt.ts:[2m97:22[22m[39m
    [90m 95| [39m
    [90m 96| [39m [90m// Global memory policy text[39m
    [90m 97| [39m [35mlet[39m memoryPreface [33m=[39m [34mgetMemoryPreface[39m([34m10[39m[33m,[39m compactMode[33m,[39m cwd)[33m;[39m
    [90m   | [39m                     [31m^[39m
    [90m 98| [39m 
    [90m 99| [39m [90m// Long-Term Style Profile[39m
[90m [2m❯[22m test/system-prompt.test.ts:[2m142:19[22m[39m

[31m[2m⎯⎯⎯⎯⎯⎯⎯⎯⎯⎯⎯⎯⎯⎯⎯⎯⎯⎯⎯⎯⎯⎯[70/99]⎯[22m[39m

[41m[1m FAIL [22m[49m test/system-prompt.test.ts[2m > [22mbuildSystemPrompt[2m > [22mprompt guidelines[2m > [22mdeduplicates and trims promptGuidelines
[31m[1mReferenceError[22m: getMemoryPreface is not defined[39m
[36m [2m❯[22m buildSystemPrompt src/core/system-prompt.ts:[2m97:22[22m[39m
    [90m 95| [39m
    [90m 96| [39m [90m// Global memory policy text[39m
    [90m 97| [39m [35mlet[39m memoryPreface [33m=[39m [34mgetMemoryPreface[39m([34m10[39m[33m,[39m compactMode[33m,[39m cwd)[33m;[39m
    [90m   | [39m                     [31m^[39m
    [90m 98| [39m 
    [90m 99| [39m [90m// Long-Term Style Profile[39m
[90m [2m❯[22m test/system-prompt.test.ts:[2m154:19[22m[39m

[31m[2m⎯⎯⎯⎯⎯⎯⎯⎯⎯⎯⎯⎯⎯⎯⎯⎯⎯⎯⎯⎯⎯⎯[71/99]⎯[22m[39m

[41m[1m FAIL [22m[49m test/system-prompt.test.ts[2m > [22mbuildSystemPrompt[2m > [22mblender mode[2m > [22madds production loop and quality gate when blender tools are selected
[31m[1mReferenceError[22m: getMemoryPreface is not defined[39m
[36m [2m❯[22m buildSystemPrompt src/core/system-prompt.ts:[2m97:22[22m[39m
    [90m 95| [39m
    [90m 96| [39m [90m// Global memory policy text[39m
    [90m 97| [39m [35mlet[39m memoryPreface [33m=[39m [34mgetMemoryPreface[39m([34m10[39m[33m,[39m compactMode[33m,[39m cwd)[33m;[39m
    [90m   | [39m                     [31m^[39m
    [90m 98| [39m 
    [90m 99| [39m [90m// Long-Term Style Profile[39m
[90m [2m❯[22m test/system-prompt.test.ts:[2m168:19[22m[39m

[31m[2m⎯⎯⎯⎯⎯⎯⎯⎯⎯⎯⎯⎯⎯⎯⎯⎯⎯⎯⎯⎯⎯⎯[72/99]⎯[22m[39m

[41m[1m FAIL [22m[49m test/theme-export.test.ts[2m > [22mgetThemeExportColors[2m > [22mresolves export variable references using the same syntax as colors
[31m[1mAssertionError[22m: expected {} to deeply equal { pageBg: '#112233', …(2) }[39m

[32m- Expected[39m
[31m+ Received[39m

[32m- {[39m
[32m-   "cardBg": "#223344",[39m
[32m-   "infoBg": "#445566",[39m
[32m-   "pageBg": "#112233",[39m
[32m- }[39m
[31m+ {}[39m

[36m [2m❯[22m test/theme-export.test.ts:[2m65:54[22m[39m
    [90m 63| [39m  )[33m;[39m
    [90m 64| [39m
    [90m 65| [39m  [34mexpect[39m([34mgetThemeExportColors[39m([32m"custom-export-vars"[39m))[33m.[39m[34mtoEqual[39m({
    [90m   | [39m                                                     [31m^[39m
    [90m 66| [39m   pageBg[33m:[39m [32m"#112233"[39m[33m,[39m
    [90m 67| [39m   cardBg[33m:[39m [32m"#223344"[39m[33m,[39m

[31m[2m⎯⎯⎯⎯⎯⎯⎯⎯⎯⎯⎯⎯⎯⎯⎯⎯⎯⎯⎯⎯⎯⎯[73/99]⎯[22m[39m

[41m[1m FAIL [22m[49m test/theme-export.test.ts[2m > [22mgetThemeExportColors[2m > [22mresolves recursive vars and converts 256-color export values to hex
[31m[1mAssertionError[22m: expected {} to deeply equal { pageBg: '#abcdef', …(2) }[39m

[32m- Expected[39m
[31m+ Received[39m

[32m- {[39m
[32m-   "cardBg": "#005f87",[39m
[32m-   "infoBg": undefined,[39m
[32m-   "pageBg": "#abcdef",[39m
[32m- }[39m
[31m+ {}[39m

[36m [2m❯[22m test/theme-export.test.ts:[2m98:59[22m[39m
    [90m 96| [39m  )[33m;[39m
    [90m 97| [39m
    [90m 98| [39m  [34mexpect[39m([34mgetThemeExportColors[39m([32m"custom-export-recursive"[39m))[33m.[39m[34mtoEqual[39m({
    [90m   | [39m                                                          [31m^[39m
    [90m 99| [39m   pageBg[33m:[39m [32m"#abcdef"[39m[33m,[39m
    [90m100| [39m   cardBg[33m:[39m [32m"#005f87"[39m[33m,[39m

[31m[2m⎯⎯⎯⎯⎯⎯⎯⎯⎯⎯⎯⎯⎯⎯⎯⎯⎯⎯⎯⎯⎯⎯[74/99]⎯[22m[39m

[41m[1m FAIL [22m[49m test/tool-execution-component.test.ts[2m > [22mToolExecutionComponent parity[2m > [22mdoes not duplicate built-in headers when passed the active built-in definition
[31m[1mAssertionError[22m: expected 2 to be 1 // Object.is equality[39m

[32m- Expected[39m
[31m+ Received[39m

[32m- 1[39m
[31m+ 2[39m

[36m [2m❯[22m test/tool-execution-component.test.ts:[2m138:52[22m[39m
    [90m136| [39m  component.updateResult({ content: [{ type: "text", text: "hello" }],…
    [90m137| [39m  [35mconst[39m rendered [33m=[39m [34mstripAnsi[39m(component[33m.[39m[34mrender[39m([34m120[39m)[33m.[39m[34mjoin[39m([32m"\n"[39m))[33m;[39m
    [90m138| [39m  [34mexpect[39m(rendered[33m.[39m[34mmatch[39m([36m/\bread\b/g[39m)[33m?.[39mlength [33m??[39m [34m0[39m)[33m.[39m[34mtoBe[39m([34m1[39m)[33m;[39m
    [90m   | [39m                                                   [31m^[39m
    [90m139| [39m })[33m;[39m
    [90m140| [39m

[31m[2m⎯⎯⎯⎯⎯⎯⎯⎯⎯⎯⎯⎯⎯⎯⎯⎯⎯⎯⎯⎯⎯⎯[75/99]⎯[22m[39m

[41m[1m FAIL [22m[49m test/tool-execution-component.test.ts[2m > [22mToolExecutionComponent parity[2m > [22mtrims trailing blank display lines from write previews
[31m[1mAssertionError[22m: expected '╭─ ⏳ write ──────────────────────────…' to contain 'one'[39m

[32m- Expected[39m
[31m+ Received[39m

[32m- one[39m
[31m+ ╭─ ⏳ write ──────────────────────────────────────────────────────────────────────────────────────────────────────────╮[39m
[31m+ │ write README.md                                                                                                  ... │[39m
[31m+ │                                                                                                                  ... │[39m
[31m+ │ streaming content... 8 chars, 3 lines                                                                            ... │[39m
[31m+ ╰──────────────────────────────────────────────────────────────────────────────────────────────────────────────────────╯[39m

[36m [2m❯[22m test/tool-execution-component.test.ts:[2m309:20[22m[39m
    [90m307| [39m  )[33m;[39m
    [90m308| [39m  [35mconst[39m rendered [33m=[39m [34mstripAnsi[39m(component[33m.[39m[34mrender[39m([34m120[39m)[33m.[39m[34mjoin[39m([32m"\n"[39m))[33m;[39m
    [90m309| [39m  [34mexpect[39m(rendered)[33m.[39m[34mtoContain[39m([32m"one"[39m)[33m;[39m
    [90m   | [39m                   [31m^[39m
    [90m310| [39m  [34mexpect[39m(rendered)[33m.[39m[34mtoContain[39m([32m"two"[39m)[33m;[39m
    [90m311| [39m  [34mexpect[39m(rendered)[33m.[39mnot[33m.[39m[34mtoContain[39m([32m"two\n\n"[39m)[33m;[39m

[31m[2m⎯⎯⎯⎯⎯⎯⎯⎯⎯⎯⎯⎯⎯⎯⎯⎯⎯⎯⎯⎯⎯⎯[76/99]⎯[22m[39m

[41m[1m FAIL [22m[49m test/tools.test.ts[2m > [22mCoding Engine Tools[2m > [22mread tool[2m > [22mshould truncate files exceeding line limit
[31m[1mAssertionError[22m: expected 'Line 1\nLine 2\nLine 3\nLine 4\nLine …' to contain 'Line 2000'[39m

[32m- Expected[39m
[31m+ Received[39m

[32m- Line [7m2000[27m[39m
[31m+ Line [7m1[27m[39m
[31m+ Line 2[39m
[31m+ Line 3[39m
[31m+ Line 4[39m
[31m+ Line 5[39m
[31m+ Line 6[39m
[31m+ Line 7[39m
[31m+ Line 8[39m
[31m+ Line 9[39m
[31m+ Line 10[39m
[31m+ Line 11[39m
[31m+ Line 12[39m
[31m+ Line 13[39m
[31m+ Line 14[39m
[31m+ Line 15[39m
[31m+ Line 16[39m
[31m+ Line 17[39m
[31m+ Line 18[39m
[31m+ Line 19[39m
[31m+ Line 20[39m
[31m+ Line 21[39m
[31m+ Line 22[39m
[31m+ Line 23[39m
[31m+ Line 24[39m
[31m+ Line 25[39m
[31m+ Line 26[39m
[31m+ Line 27[39m
[31m+ Line 28[39m
[31m+ Line 29[39m
[31m+ Line 30[39m
[31m+ Line 31[39m
[31m+ Line 32[39m
[31m+ Line 33[39m
[31m+ Line 34[39m
[31m+ Line 35[39m
[31m+ Line 36[39m
[31m+ Line 37[39m
[31m+ Line 38[39m
[31m+ Line 39[39m
[31m+ Line 40[39m
[31m+ Line 41[39m
[31m+ Line 42[39m
[31m+ Line 43[39m
[31m+ Line 44[39m
[31m+ Line 45[39m
[31m+ Line 46[39m
[31m+ Line 47[39m
[31m+ Line 48[39m
[31m+ Line 49[39m
[31m+ Line 50[39m
[31m+ Line 51[39m
[31m+ Line 52[39m
[31m+ Line 53[39m
[31m+ Line 54[39m
[31m+ Line 55[39m
[31m+ Line 56[39m
[31m+ Line 57[39m
[31m+ Line 58[39m
[31m+ Line 59[39m
[31m+ Line 60[39m
[31m+ Line 61[39m
[31m+ Line 62[39m
[31m+ Line 63[39m
[31m+ Line 64[39m
[31m+ Line 65[39m
[31m+ Line 66[39m
[31m+ Line 67[39m
[31m+ Line 68[39m
[31m+ Line 69[39m
[31m+ Line 70[39m
[31m+ Line 71[39m
[31m+ Line 72[39m
[31m+ Line 73[39m
[31m+ Line 74[39m
[31m+ Line 75[39m
[31m+ Line 76[39m
[31m+ Line 77[39m
[31m+ Line 78[39m
[31m+ Line 79[39m
[31m+ Line 80[39m
[31m+ Line 81[39m
[31m+ Line 82[39m
[31m+ Line 83[39m
[31m+ Line 84[39m
[31m+ Line 85[39m
[31m+ Line 86[39m
[31m+ Line 87[39m
[31m+ Line 88[39m
[31m+ Line 89[39m
[31m+ Line 90[39m
[31m+ Line 91[39m
[31m+ Line 92[39m
[31m+ Line 93[39m
[31m+ Line 94[39m
[31m+ Line 95[39m
[31m+ Line 96[39m
[31m+ Line 97[39m
[31m+ Line 98[39m
[31m+ Line 99[39m
[31m+ Line 100[39m
[31m+ Line 101[39m
[31m+ Line 102[39m
[31m+ Line 103[39m
[31m+ Line 104[39m
[31m+ Line 105[39m
[31m+ Line 106[39m
[31m+ Line 107[39m
[31m+ Line 108[39m
[31m+ Line 109[39m
[31m+ Line 110[39m
[31m+ Line 111[39m
[31m+ Line 112[39m
[31m+ Line 113[39m
[31m+ Line 114[39m
[31m+ Line 115[39m
[31m+ Line 116[39m
[31m+ Line 117[39m
[31m+ Line 118[39m
[31m+ Line 119[39m
[31m+ Line 120[39m
[31m+ Line 121[39m
[31m+ Line 122[39m
[31m+ Line 123[39m
[31m+ Line 124[39m
[31m+ Line 125[39m
[31m+ Line 126[39m
[31m+ Line 127[39m
[31m+ Line 128[39m
[31m+ Line 129[39m
[31m+ Line 130[39m
[31m+ Line 131[39m
[31m+ Line 132[39m
[31m+ Line 133[39m
[31m+ Line 134[39m
[31m+ Line 135[39m
[31m+ Line 136[39m
[31m+ Line 137[39m
[31m+ Line 138[39m
[31m+ Line 139[39m
[31m+ Line 140[39m
[31m+ Line 141[39m
[31m+ Line 142[39m
[31m+ Line 143[39m
[31m+ Line 144[39m
[31m+ Line 145[39m
[31m+ Line 146[39m
[31m+ Line 147[39m
[31m+ Line 148[39m
[31m+ Line 149[39m
[31m+ Line 150[39m
[31m+ Line 151[39m
[31m+ Line 152[39m
[31m+ Line 153[39m
[31m+ Line 154[39m
[31m+ Line 155[39m
[31m+ Line 156[39m
[31m+ Line 157[39m
[31m+ Line 158[39m
[31m+ Line 159[39m
[31m+ Line 160[39m
[31m+ Line 161[39m
[31m+ Line 162[39m
[31m+ Line 163[39m
[31m+ Line 164[39m
[31m+ Line 165[39m
[31m+ Line 166[39m
[31m+ Line 167[39m
[31m+ Line 168[39m
[31m+ Line 169[39m
[31m+ Line 170[39m
[31m+ Line 171[39m
[31m+ Line 172[39m
[31m+ Line 173[39m
[31m+ Line 174[39m
[31m+ Line 175[39m
[31m+ Line 176[39m
[31m+ Line 177[39m
[31m+ Line 178[39m
[31m+ Line 179[39m
[31m+ Line 180[39m
[31m+ Line 181[39m
[31m+ Line 182[39m
[31m+ Line 183[39m
[31m+ Line 184[39m
[31m+ Line 185[39m
[31m+ Line 186[39m
[31m+ Line 187[39m
[31m+ Line 188[39m
[31m+ Line 189[39m
[31m+ Line 190[39m
[31m+ Line 191[39m
[31m+ Line 192[39m
[31m+ Line 193[39m
[31m+ Line 194[39m
[31m+ Line 195[39m
[31m+ Line 196[39m
[31m+ Line 197[39m
[31m+ Line 198[39m
[31m+ Line 199[39m
[31m+ Line 200[39m
[31m+[39m
[31m+ [Showing lines 1-200 of 2500. Use offset=201 to continue.][39m

[36m [2m❯[22m test/tools.test.ts:[2m79:19[22m[39m
    [90m 77| [39m
    [90m 78| [39m   [34mexpect[39m(output)[33m.[39m[34mtoContain[39m([32m"Line 1"[39m)[33m;[39m
    [90m 79| [39m   [34mexpect[39m(output)[33m.[39m[34mtoContain[39m([32m"Line 2000"[39m)[33m;[39m
    [90m   | [39m                  [31m^[39m
    [90m 80| [39m   [34mexpect[39m(output)[33m.[39mnot[33m.[39m[34mtoContain[39m([32m"Line 2001"[39m)[33m;[39m
    [90m 81| [39m   expect(output).toContain("[Showing lines 1-2000 of 2500. Use offset…

[31m[2m⎯⎯⎯⎯⎯⎯⎯⎯⎯⎯⎯⎯⎯⎯⎯⎯⎯⎯⎯⎯⎯⎯[77/99]⎯[22m[39m

[41m[1m FAIL [22m[49m test/tools.test.ts[2m > [22mCoding Engine Tools[2m > [22mread tool[2m > [22mshould include truncation details when truncated
[31m[1mAssertionError[22m: expected 200 to be 2000 // Object.is equality[39m

[32m- Expected[39m
[31m+ Received[39m

[32m- 2000[39m
[31m+ 200[39m

[36m [2m❯[22m test/tools.test.ts:[2m167:52[22m[39m
    [90m165| [39m   [34mexpect[39m(result[33m.[39mdetails[33m?.[39mtruncation[33m?.[39mtruncatedBy)[33m.[39m[34mtoBe[39m([32m"lines"[39m)[33m;[39m
    [90m166| [39m   [34mexpect[39m(result[33m.[39mdetails[33m?.[39mtruncation[33m?.[39mtotalLines)[33m.[39m[34mtoBe[39m([34m2500[39m)[33m;[39m
    [90m167| [39m   [34mexpect[39m(result[33m.[39mdetails[33m?.[39mtruncation[33m?.[39moutputLines)[33m.[39m[34mtoBe[39m([34m2000[39m)[33m;[39m
    [90m   | [39m                                                   [31m^[39m
    [90m168| [39m  })[33m;[39m
    [90m169| [39m

[31m[2m⎯⎯⎯⎯⎯⎯⎯⎯⎯⎯⎯⎯⎯⎯⎯⎯⎯⎯⎯⎯⎯⎯[78/99]⎯[22m[39m

[41m[1m FAIL [22m[49m test/tools.test.ts[2m > [22mCoding Engine Tools[2m > [22mwrite tool[2m > [22mshould write file contents
[31m[1mAssertionError[22m: expected { Object (diff) } to be undefined[39m

[32m- Expected:[39m 
undefined

[31m+ Received:[39m 
{
  "diff": "Index: C:\\Users\\ozenc\\AppData\\Local\\Temp\\cli-test-1781214107003\\write-test.txt
===================================================================
--- C:\\Users\\ozenc\\AppData\\Local\\Temp\\cli-test-1781214107003\\write-test.txt	before
+++ C:\\Users\\ozenc\\AppData\\Local\\Temp\\cli-test-1781214107003\\write-test.txt	after
@@ -0,0 +1,1 @@
+Test content
\\ No newline at end of file
",
}

[36m [2m❯[22m test/tools.test.ts:[2m213:27[22m[39m
    [90m211| [39m   [34mexpect[39m([34mgetTextOutput[39m(result))[33m.[39m[34mtoContain[39m([32m"Successfully wrote"[39m)[33m;[39m
    [90m212| [39m   [34mexpect[39m([34mgetTextOutput[39m(result))[33m.[39m[34mtoContain[39m(testFile)[33m;[39m
    [90m213| [39m   [34mexpect[39m(result[33m.[39mdetails)[33m.[39m[34mtoBeUndefined[39m()[33m;[39m
    [90m   | [39m                          [31m^[39m
    [90m214| [39m  })[33m;[39m
    [90m215| [39m

[31m[2m⎯⎯⎯⎯⎯⎯⎯⎯⎯⎯⎯⎯⎯⎯⎯⎯⎯⎯⎯⎯⎯⎯[79/99]⎯[22m[39m

[41m[1m FAIL [22m[49m test/tools.test.ts[2m > [22mCoding Engine Tools[2m > [22medit tool[2m > [22mshould include EACCES for read-only files
[31m[1mAssertionError[22m: expected [Function] to throw error including 'Could not edit file: C:\Users\ozenc\A…' but got 'Could not edit file: C:\Users\ozenc\A…'[39m

Expected: [32m"Could not edit file: C:\Users\ozenc\AppData\Local\Temp\cli-test-1781214107078\edit-readonly.txt. Error code: E[7mACCES[27m."[39m
Received: [31m"Could not edit file: C:\Users\ozenc\AppData\Local\Temp\cli-test-1781214107078\edit-readonly.txt. Error code: E[7mPERM[27m."[39m

[36m [2m❯[22m test/tools.test.ts:[2m387:4[22m[39m
    [90m385| [39m   [34mchmodSync[39m(testFile[33m,[39m [34m0o444[39m)[33m;[39m
    [90m386| [39m
    [90m387| [39m   [35mawait[39m [34mexpect[39m(
    [90m   | [39m   [31m^[39m
    [90m388| [39m    editTool[33m.[39m[34mexecute[39m([32m"test-call-14"[39m[33m,[39m {
    [90m389| [39m     path[33m:[39m testFile[33m,[39m

[31m[2m⎯⎯⎯⎯⎯⎯⎯⎯⎯⎯⎯⎯⎯⎯⎯⎯⎯⎯⎯⎯⎯⎯[80/99]⎯[22m[39m

[41m[1m FAIL [22m[49m test/tools.test.ts[2m > [22mCoding Engine Tools[2m > [22medit tool[2m > [22mshould include EACCES in diff preview for unreadable files
[31m[1mAssertionError[22m: expected { diff: '-1 hello\n+1 world', …(1) } to deeply equal { Object (error) }[39m

[32m- Expected[39m
[31m+ Received[39m

[2m  {[22m
[32m-   "error": "Could not edit file: C:\\Users\\ozenc\\AppData\\Local\\Temp\\cli-test-1781214107089\\unreadable-preview.txt. Error code: EACCES.",[39m
[31m+   "diff": "-1 hello[39m
[31m+ +1 world",[39m
[31m+   "firstChangedLine": 1,[39m
[2m  }[22m

[36m [2m❯[22m test/tools.test.ts:[2m428:19[22m[39m
    [90m426| [39m   const result = await computeEditsDiff(unreadableFile, [{ oldText: "…
    [90m427| [39m
    [90m428| [39m   expect(result).toEqual({ error: `Could not edit file: ${unreadableF…
    [90m   | [39m                  [31m^[39m
    [90m429| [39m  })[33m;[39m
    [90m430| [39m })[33m;[39m

[31m[2m⎯⎯⎯⎯⎯⎯⎯⎯⎯⎯⎯⎯⎯⎯⎯⎯⎯⎯⎯⎯⎯⎯[81/99]⎯[22m[39m

[41m[1m FAIL [22m[49m test/tools.test.ts[2m > [22mCoding Engine Tools[2m > [22mgrep tool[2m > [22mshould include filename when searching a single file
[41m[1m FAIL [22m[49m test/tools.test.ts[2m > [22mCoding Engine Tools[2m > [22mgrep tool[2m > [22mshould respect global limit and include context lines
[41m[1m FAIL [22m[49m test/tools.test.ts[2m > [22mCoding Engine Tools[2m > [22mgrep tool[2m > [22mshould treat flag-like patterns as search text
[31m[1mError[22m: ripgrep (rg) is not available and could not be downloaded[39m
[36m [2m❯[22m src/core/tools/grep.ts:[2m174:28[22m[39m
    [90m172| [39m      [35mconst[39m rgPath [33m=[39m [35mawait[39m [34mensureTool[39m([32m"rg"[39m[33m,[39m [35mtrue[39m)[33m;[39m
    [90m173| [39m      [35mif[39m ([33m![39mrgPath) {
    [90m174| [39m       settle(() => reject(new Error("ripgrep (rg) is not available an…
    [90m   | [39m                           [31m^[39m
    [90m175| [39m       [35mreturn[39m[33m;[39m
    [90m176| [39m      }
[90m [2m❯[22m settle src/core/tools/grep.ts:[2m166:7[22m[39m
[90m [2m❯[22m src/core/tools/grep.ts:[2m174:8[22m[39m

[31m[2m⎯⎯⎯⎯⎯⎯⎯⎯⎯⎯⎯⎯⎯⎯⎯⎯⎯⎯⎯⎯⎯⎯[82/99]⎯[22m[39m

[41m[1m FAIL [22m[49m test/tools.test.ts[2m > [22mCoding Engine Tools[2m > [22mfind tool[2m > [22mshould include hidden files that are not gitignored
[41m[1m FAIL [22m[49m test/tools.test.ts[2m > [22mCoding Engine Tools[2m > [22mfind tool[2m > [22mshould respect .gitignore
[41m[1m FAIL [22m[49m test/tools.test.ts[2m > [22mCoding Engine Tools[2m > [22mfind tool[2m > [22mshould treat flag-like patterns as search text
[41m[1m FAIL [22m[49m test/suite/regressions/3303-find-nested-gitignore.test.ts[2m > [22missue #3303 nested .gitignore rules leak into sibling directories[2m > [22mflat sibling case[2m > [22mapplies a/.gitignore only inside a/ and leaves b/ untouched
[41m[1m FAIL [22m[49m test/suite/regressions/3303-find-nested-gitignore.test.ts[2m > [22missue #3303 nested .gitignore rules leak into sibling directories[2m > [22mdeeply nested case[2m > [22mscopes each .gitignore to its own subtree
[31m[1mError[22m: fd is not available and could not be downloaded[39m
[36m [2m❯[22m src/core/tools/find.ts:[2m224:28[22m[39m
    [90m222| [39m      }
    [90m223| [39m      [35mif[39m ([33m![39mfdPath) {
    [90m224| [39m       settle(() => reject(new Error("fd is not available and could no…
    [90m   | [39m                           [31m^[39m
    [90m225| [39m       [35mreturn[39m[33m;[39m
    [90m226| [39m      }
[90m [2m❯[22m settle src/core/tools/find.ts:[2m144:6[22m[39m
[90m [2m❯[22m src/core/tools/find.ts:[2m224:8[22m[39m

[31m[2m⎯⎯⎯⎯⎯⎯⎯⎯⎯⎯⎯⎯⎯⎯⎯⎯⎯⎯⎯⎯⎯⎯[83/99]⎯[22m[39m

[41m[1m FAIL [22m[49m test/tools.test.ts[2m > [22mCoding Engine Tools[2m > [22mfind tool[2m > [22mshould surface fd glob parse errors
[31m[1mAssertionError[22m: expected [Function] to throw error matching /error parsing glob|fd exited with co…/i but got 'fd is not available and could not be …'[39m

[32m- Expected:[39m 
/error parsing glob|fd exited with code 1|fd error/i

[31m+ Received:[39m 
"fd is not available and could not be downloaded"

[36m [2m❯[22m test/tools.test.ts:[2m676:4[22m[39m
    [90m674| [39m
    [90m675| [39m  [34mit[39m([32m"should surface fd glob parse errors"[39m[33m,[39m [35masync[39m () [33m=>[39m {
    [90m676| [39m   [35mawait[39m [34mexpect[39m(
    [90m   | [39m   [31m^[39m
    [90m677| [39m    findTool[33m.[39m[34mexecute[39m([32m"test-call-15"[39m[33m,[39m {
    [90m678| [39m     pattern[33m:[39m [32m"["[39m[33m,[39m

[31m[2m⎯⎯⎯⎯⎯⎯⎯⎯⎯⎯⎯⎯⎯⎯⎯⎯⎯⎯⎯⎯⎯⎯[84/99]⎯[22m[39m

[41m[1m FAIL [22m[49m test/user-message.test.ts[2m > [22mUserMessageComponent[2m > [22mkeeps user message height stable while moving closing OSC markers off line end
[31m[1mAssertionError[22m: expected [ Array(1) ] to have a length of 3 but got 1[39m

[32m- Expected[39m
[31m+ Received[39m

[32m- 3[39m
[31m+ 1[39m

[36m [2m❯[22m test/user-message.test.ts:[2m17:17[22m[39m
    [90m 15| [39m  [35mconst[39m lines [33m=[39m component[33m.[39m[34mrender[39m([34m20[39m)[33m;[39m
    [90m 16| [39m
    [90m 17| [39m  [34mexpect[39m(lines)[33m.[39m[34mtoHaveLength[39m([34m3[39m)[33m;[39m
    [90m   | [39m                [31m^[39m
    [90m 18| [39m  [34mexpect[39m(lines[[34m0[39m])[33m.[39m[34mtoContain[39m([33mOSC133_ZONE_START[39m)[33m;[39m
    [90m 19| [39m  [34mexpect[39m(lines[[34m0[39m][33m.[39m[34mendsWith[39m([33mBG_RESET[39m))[33m.[39m[34mtoBe[39m([35mtrue[39m)[33m;[39m

[31m[2m⎯⎯⎯⎯⎯⎯⎯⎯⎯⎯⎯⎯⎯⎯⎯⎯⎯⎯⎯⎯⎯⎯[85/99]⎯[22m[39m

[41m[1m FAIL [22m[49m test/suite/engine-session-prompt.test.ts[2m > [22mEngineSession prompt characterization[2m > [22mthrows when prompting without a model
[31m[1mAssertionError[22m: expected [Function] to throw error including 'No model selected.' but got 'Model secilmedi.\n\nOAuth veya API an…'[39m

[32m- Expected[39m
[31m+ Received[39m

[32m- [7mNo model selected[27m.[39m
[31m+ Model secilmedi.[39m
[31m+[39m
[31m+ OAuth veya API anahtari ile bir saglayiciya giris yapmak icin /login kullanin. Bakiniz:[39m
[31m+   C:\Users\ozenc\Desktop\mooncode\packages\cli\docs\providers.md[39m
[31m+   C:\Users\ozenc\Desktop\mooncode\packages\cli\docs\models.md[39m
[31m+[39m
[31m+ [7mArdindan bir model secmek icin /model kullanin[27m.[39m

[31m[2m⎯⎯⎯⎯⎯⎯⎯⎯⎯⎯⎯⎯⎯⎯⎯⎯⎯⎯⎯⎯⎯⎯[86/99]⎯[22m[39m

[41m[1m FAIL [22m[49m test/suite/engine-session-prompt.test.ts[2m > [22mEngineSession prompt characterization[2m > [22mthrows when prompting without configured auth
[31m[1mAssertionError[22m: expected [Function] to throw error including 'No API key found for faux.' but got 'faux icin API anahtari bulunamadi.\n\…'[39m

[32m- Expected[39m
[31m+ Received[39m

[32m- No API key found for faux.[39m
[31m+ faux icin API anahtari bulunamadi.[39m
[31m+[39m
[31m+ OAuth veya API anahtari ile bir saglayiciya giris yapmak icin /login kullanin. Bakiniz:[39m
[31m+   C:\Users\ozenc\Desktop\mooncode\packages\cli\docs\providers.md[39m
[31m+   C:\Users\ozenc\Desktop\mooncode\packages\cli\docs\models.md[39m

[31m[2m⎯⎯⎯⎯⎯⎯⎯⎯⎯⎯⎯⎯⎯⎯⎯⎯⎯⎯⎯⎯⎯⎯[87/99]⎯[22m[39m

[41m[1m FAIL [22m[49m test/suite/regressions/2781-skill-collision-precedence.test.ts[2m > [22missue #2781 skill collision precedence: user skills should override package skills[2m > [22mproject auto-discovered skill should override package skill with same name
[31m[1mAssertionError[22m: expected 'C:\Users\ozenc\AppData\Local\Temp\Moo…' to be 'C:\Users\ozenc\AppData\Local\Temp\Moo…' // Object.is equality[39m

Expected: [32m"C:\Users\ozenc\AppData\Local\Temp\Mooncli-2781-1781214106886-duvvi3io7x\[7mproject\.Mooncli[27m\skills\web-fetch\SKILL.md"[39m
Received: [31m"C:\Users\ozenc\AppData\Local\Temp\Mooncli-2781-1781214106886-duvvi3io7x\[7mfake-package-web-fetch[27m\skills\web-fetch\SKILL.md"[39m

[36m [2m❯[22m test/suite/regressions/2781-skill-collision-precedence.test.ts:[2m91:30[22m[39m
    [90m 89| [39m  [35mconst[39m webFetch [33m=[39m skills[33m.[39m[34mfind[39m((s) [33m=>[39m s[33m.[39mname [33m===[39m [32m"web-fetch"[39m)[33m;[39m
    [90m 90| [39m  [34mexpect[39m(webFetch)[33m.[39m[34mtoBeDefined[39m()[33m;[39m
    [90m 91| [39m  [34mexpect[39m(webFetch[33m![39m[33m.[39mfilePath)[33m.[39m[34mtoBe[39m(projectSkillPath)[33m;[39m
    [90m   | [39m                             [31m^[39m
    [90m 92| [39m  [34mexpect[39m(webFetch[33m![39m[33m.[39mdescription)[33m.[39m[34mtoBe[39m([32m"Project web-fetch override"[39m)[33m;[39m
    [90m 93| [39m })[33m;[39m

[31m[2m⎯⎯⎯⎯⎯⎯⎯⎯⎯⎯⎯⎯⎯⎯⎯⎯⎯⎯⎯⎯⎯⎯[88/99]⎯[22m[39m

[41m[1m FAIL [22m[49m test/suite/regressions/2781-skill-collision-precedence.test.ts[2m > [22missue #2781 skill collision precedence: user skills should override package skills[2m > [22mproject skill should override user skill which should override package skill
[31m[1mAssertionError[22m: expected 'C:\Users\ozenc\AppData\Local\Temp\Moo…' to be 'C:\Users\ozenc\AppData\Local\Temp\Moo…' // Object.is equality[39m

Expected: [32m"C:\Users\ozenc\AppData\Local\Temp\Mooncli-2781-1781214106930-zh9mp7ief89\[7mproject\.Mooncli[27m\skills\web-fetch\SKILL.md"[39m
Received: [31m"C:\Users\ozenc\AppData\Local\Temp\Mooncli-2781-1781214106930-zh9mp7ief89\[7mengine[27m\skills\web-fetch\SKILL.md"[39m

[36m [2m❯[22m test/suite/regressions/2781-skill-collision-precedence.test.ts:[2m107:30[22m[39m
    [90m105| [39m  [35mconst[39m webFetch [33m=[39m skills[33m.[39m[34mfind[39m((s) [33m=>[39m s[33m.[39mname [33m===[39m [32m"web-fetch"[39m)[33m;[39m
    [90m106| [39m  [34mexpect[39m(webFetch)[33m.[39m[34mtoBeDefined[39m()[33m;[39m
    [90m107| [39m  [34mexpect[39m(webFetch[33m![39m[33m.[39mfilePath)[33m.[39m[34mtoBe[39m(projectSkillPath)[33m;[39m
    [90m   | [39m                             [31m^[39m
    [90m108| [39m  [34mexpect[39m(webFetch[33m![39m[33m.[39mdescription)[33m.[39m[34mtoBe[39m([32m"Project web-fetch override"[39m)[33m;[39m
    [90m109| [39m })[33m;[39m

[31m[2m⎯⎯⎯⎯⎯⎯⎯⎯⎯⎯⎯⎯⎯⎯⎯⎯⎯⎯⎯⎯⎯⎯[89/99]⎯[22m[39m

[41m[1m FAIL [22m[49m test/suite/regressions/2791-fswatch-error-crash.test.ts[2m > [22missue #2791 fs.watch error event crashes process[2m > [22mprocess should survive an error event on the theme FSWatcher
[31m[1mAssertionError[22m: Child crashed (exit 1). stderr: : expected 1 to be +0 // Object.is equality[39m

[32m- Expected[39m
[31m+ Received[39m

[32m- 0[39m
[31m+ 1[39m

[36m [2m❯[22m test/suite/regressions/2791-fswatch-error-crash.test.ts:[2m104:82[22m[39m
    [90m102| [39m  }
    [90m103| [39m
    [90m104| [39m  expect(exitCode, `Child crashed (exit ${exitCode}). stderr: ${stderr…
    [90m   | [39m                                                                                 [31m^[39m
    [90m105| [39m })[33m;[39m
    [90m106| [39m})[33m;[39m

[31m[2m⎯⎯⎯⎯⎯⎯⎯⎯⎯⎯⎯⎯⎯⎯⎯⎯⎯⎯⎯⎯⎯⎯[90/99]⎯[22m[39m

[41m[1m FAIL [22m[49m test/suite/regressions/2835-tools-allowlist-filters-extension-tools.test.ts[2m > [22mregression #2835: tool allowlists filter extension tools[2m > [22mallows only explicitly listed built-in and extension tools
[31m[1mAssertionError[22m: expected 'You are MoonCode. Created by Theayzek…' to contain '- read: Read file contents'[39m

[32m- Expected[39m
[31m+ Received[39m

[32m- - read: Read file contents[39m
[31m+ You are MoonCode. Created by Theayzek. Do not introduce yourself unless asked.[39m
[31m+ Tools: read: Read file contents, dynamic_tool: Run dynamic test behavior[39m
[31m+ Date: 2026-06-12 | Cwd: C:/Users/ozenc/AppData/Local/Temp/Mooncli-tools-filter-1781214106825-nplcq5d1s3[39m
[31m+[39m
[31m+ ## Directives[39m
[31m+ - Reduce uncertainty. Every action must answer a question or repair an invariant.[39m
[31m+ - Turbo coding: think/plan/code-synthesize in English internally; answer the user in their language.[39m
[31m+ - Keep the existing project language/framework/style. Never port languages unless explicitly asked.[39m
[31m+ - Act with tools; do not narrate routine steps before tool calls.[39m
[31m+ - Never end code work with a promise to continue when tools are available. Continue until done, verified, or genuinely blocked.[39m
[31m+ - Inspect only what is needed. Read only what the current task requires. Never scan randomly.[39m
[31m+ - Make the smallest correct change. Minimal = precision, not laziness.[39m
[31m+ - Prefer edit over write. Batch nearby file changes in one edit call.[39m
[31m+ - Verify with cheapest real check (build/test/typecheck). Never claim done without it.[39m
[31m+ - For long tasks, keep working in small verified batches instead of handing back a progress-only message.[39m
[31m+ - MoonCode Capsule/Razor blocks are compressed noisy input. Route from their Paths/Commands/Errors, then verify source files before edits.[39m
[31m+ - Preserve user changes. Ask before destructive ops. Mask secrets.[39m
[31m+ - Short answers. No filler, no motivation, no over-explaining.[39m
[31m+ - Match user language: Turkish in -> Turkish out. Casual -> casual.[39m
[31m+[39m
[31m+ ## Workflow[39m
[31m+ Inspect minimum -> hypothesis -> smallest change -> verify -> report.[39m
[31m+ Done. Changed: <file>. Verified: <result>. Notes: <risk if any>.[39m
[31m+[39m
[31m+ ## UI[39m
[31m+ Existing design wins. Default: plain, stable terminal output.[39m

[36m [2m❯[22m test/suite/regressions/2835-tools-allowlist-filters-extension-tools.test.ts:[2m78:32[22m[39m
    [90m 76| [39m  )[33m.[39m[34mtoEqual[39m([[32m"dynamic_tool"[39m[33m,[39m [32m"read"[39m])[33m;[39m
    [90m 77| [39m  expect(session.getActiveToolNames().sort()).toEqual(["dynamic_tool",…
    [90m 78| [39m  [34mexpect[39m(session[33m.[39msystemPrompt)[33m.[39m[34mtoContain[39m([32m"- read: Read file contents"[39m)[33m;[39m
    [90m   | [39m                               [31m^[39m
    [90m 79| [39m  expect(session.systemPrompt).toContain("- dynamic_tool: Run dynamic …
    [90m 80| [39m  [34mexpect[39m(session[33m.[39msystemPrompt)[33m.[39mnot[33m.[39m[34mtoContain[39m([32m"- bash:"[39m)[33m;[39m

[31m[2m⎯⎯⎯⎯⎯⎯⎯⎯⎯⎯⎯⎯⎯⎯⎯⎯⎯⎯⎯⎯⎯⎯[91/99]⎯[22m[39m

[41m[1m FAIL [22m[49m test/suite/regressions/2835-tools-allowlist-filters-extension-tools.test.ts[2m > [22mregression #2835: tool allowlists filter extension tools[2m > [22mdisables all tools when the allowlist is empty
[31m[1mAssertionError[22m: expected 'You are MoonCode. Created by Theayzek…' to contain 'Available tools:\n(none)'[39m

[32m- Expected[39m
[31m+ Received[39m

[32m- Available tools:[39m
[32m- (none)[39m
[31m+ You are MoonCode. Created by Theayzek. Do not introduce yourself unless asked.[39m
[31m+ Tools: (none)[39m
[31m+ Date: 2026-06-12 | Cwd: C:/Users/ozenc/AppData/Local/Temp/Mooncli-tools-filter-1781214106874-h5etnaqpvvn[39m
[31m+[39m
[31m+ ## Directives[39m
[31m+ - Reduce uncertainty. Every action must answer a question or repair an invariant.[39m
[31m+ - Turbo coding: think/plan/code-synthesize in English internally; answer the user in their language.[39m
[31m+ - Keep the existing project language/framework/style. Never port languages unless explicitly asked.[39m
[31m+ - Act with tools; do not narrate routine steps before tool calls.[39m
[31m+ - Never end code work with a promise to continue when tools are available. Continue until done, verified, or genuinely blocked.[39m
[31m+ - Inspect only what is needed. Read only what the current task requires. Never scan randomly.[39m
[31m+ - Make the smallest correct change. Minimal = precision, not laziness.[39m
[31m+ - Prefer edit over write. Batch nearby file changes in one edit call.[39m
[31m+ - Verify with cheapest real check (build/test/typecheck). Never claim done without it.[39m
[31m+ - For long tasks, keep working in small verified batches instead of handing back a progress-only message.[39m
[31m+ - MoonCode Capsule/Razor blocks are compressed noisy input. Route from their Paths/Commands/Errors, then verify source files before edits.[39m
[31m+ - Preserve user changes. Ask before destructive ops. Mask secrets.[39m
[31m+ - Short answers. No filler, no motivation, no over-explaining.[39m
[31m+ - Match user language: Turkish in -> Turkish out. Casual -> casual.[39m
[31m+[39m
[31m+ ## Workflow[39m
[31m+ Inspect minimum -> hypothesis -> smallest change -> verify -> report.[39m
[31m+ Done. Changed: <file>. Verified: <result>. Notes: <risk if any>.[39m
[31m+[39m
[31m+ ## UI[39m
[31m+ Existing design wins. Default: plain, stable terminal output.[39m

[36m [2m❯[22m test/suite/regressions/2835-tools-allowlist-filters-extension-tools.test.ts:[2m90:32[22m[39m
    [90m 88| [39m  [34mexpect[39m(session[33m.[39m[34mgetAllTools[39m())[33m.[39m[34mtoEqual[39m([])[33m;[39m
    [90m 89| [39m  [34mexpect[39m(session[33m.[39m[34mgetActiveToolNames[39m())[33m.[39m[34mtoEqual[39m([])[33m;[39m
    [90m 90| [39m  [34mexpect[39m(session[33m.[39msystemPrompt)[33m.[39m[34mtoContain[39m([32m"Available tools:\n(none)"[39m)[33m;[39m
    [90m   | [39m                               [31m^[39m
    [90m 91| [39m  [34mexpect[39m(session[33m.[39msystemPrompt)[33m.[39mnot[33m.[39m[34mtoContain[39m([32m"dynamic_tool"[39m)[33m;[39m
    [90m 92| [39m  session[33m.[39m[34mdispose[39m()[33m;[39m

[31m[2m⎯⎯⎯⎯⎯⎯⎯⎯⎯⎯⎯⎯⎯⎯⎯⎯⎯⎯⎯⎯⎯⎯[92/99]⎯[22m[39m

[41m[1m FAIL [22m[49m test/suite/regressions/3217-scoped-model-order.test.ts[2m > [22missue #3217 scoped model ordering[2m > [22mpreserves scoped model order in the /model scoped tab
[31m[1mError[22m: Unknown theme color: bg[39m
[36m [2m❯[22m Proxy.fg src/modes/interactive/theme/theme.ts:[2m374:20[22m[39m
    [90m372| [39m [34mfg[39m(color[33m:[39m [33mThemeColor[39m[33m,[39m text[33m:[39m string)[33m:[39m string {
    [90m373| [39m  [35mconst[39m ansi [33m=[39m [35mthis[39m[33m.[39mfgColors[33m.[39m[35mget[39m(color)[33m;[39m
    [90m374| [39m  [35mif[39m ([33m![39mansi) [35mthrow[39m [35mnew[39m [33mError[39m([32m`Unknown theme color: [39m[36m${[39mcolor[36m}[39m[32m`[39m)[33m;[39m
    [90m   | [39m                   [31m^[39m
    [90m375| [39m  [35mreturn[39m [32m`[39m[36m${[39mansi[36m}[39m[32m[39m[36m${[39mtext[36m}[39m[32m\x1b[39m`[39m[33m;[39m [90m// Reset only foreground color[39m
    [90m376| [39m }
[90m [2m❯[22m ModelSelectorComponent.getScopeText src/modes/interactive/components/model-selector.ts:[2m167:55[22m[39m
[90m [2m❯[22m ModelSelectorComponent.setupUI src/modes/interactive/components/model-selector.ts:[2m95:35[22m[39m
[90m [2m❯[22m new ModelSelectorComponent src/modes/interactive/components/model-selector.ts:[2m68:8[22m[39m
[90m [2m❯[22m test/suite/regressions/3217-scoped-model-order.test.ts:[2m82:20[22m[39m

[31m[2m⎯⎯⎯⎯⎯⎯⎯⎯⎯⎯⎯⎯⎯⎯⎯⎯⎯⎯⎯⎯⎯⎯[93/99]⎯[22m[39m


[2m Test Files [22m [1m[31m35 failed[39m[22m[2m | [22m[1m[32m87 passed[39m[22m[2m | [22m[33m6 skipped[39m[90m (128)[39m
[2m      Tests [22m [1m[31m98 failed[39m[22m[2m | [22m[1m[32m1071 passed[39m[22m[2m | [22m[33m52 skipped[39m[90m (1221)[39m
[2m   Start at [22m 00:41:42
[2m   Duration [22m 15.65s[2m (transform 7.49s, setup 0ms, collect 199.73s, tests 63.45s, environment 25ms, prepare 15.31s)[22m

npm error Lifecycle script `test` failed with error:
npm error code 1
npm error path C:\Users\ozenc\Desktop\mooncode\packages\cli
npm error workspace mooncode@26.3.0
npm error location C:\Users\ozenc\Desktop\mooncode\packages\cli
npm error command failed
npm error command C:\WINDOWS\system32\cmd.exe /d /s /c vitest run
